<!doctype html public "-//w3c//dtd html 4.0 transitional//en">
<html><head>
<title>Static Call Graph - [wasm_vc\wasm_vc.axf]</title></head>
<body><HR>
<H1>Static Call Graph for image wasm_vc\wasm_vc.axf</H1><HR>
<BR><P>#&#060CALLGRAPH&#062# ARM Linker, 6180002: Last Updated: Mon Jan 16 22:57:37 2023
<BR><P>
<H3>Maximum Stack Usage =      21544 bytes + Unknown(Functions without stacksize, Cycles, Untraceable Function Pointers)</H3><H3>
Call chain for Maximum Stack Depth:</H3>
ParseSection_Global &rArr; Parse_InitExpr &rArr; CompileBlockStatements &rArr; Compile_Operator &rArr; PreserveRegisterIfOccupied &rArr; EmitOp &rArr; BridgeToNewPageIfNecessary &rArr; EnsureCodePageNumLines &rArr; AcquireCodePageWithCapacity &rArr; NewCodePage &rArr; m3_Malloc &rArr; calloc &rArr; malloc &rArr; __Heap_Full &rArr; __Heap_ProvideMemory &rArr; free
<P>
<H3>
Functions with no stack information
</H3><UL>
 <LI><a href="#[2d9]">__user_initial_stackheap</a>
</UL>
</UL>
<P>
<H3>
Mutually Recursive functions
</H3> <LI><a href="#[1c]">ADC1_2_IRQHandler</a>&nbsp;&nbsp;&nbsp;&rArr;&nbsp;&nbsp;&nbsp;<a href="#[1c]">ADC1_2_IRQHandler</a><BR>
 <LI><a href="#[34f]">CopyStackSlotsR</a>&nbsp;&nbsp;&nbsp;&rArr;&nbsp;&nbsp;&nbsp;<a href="#[34f]">CopyStackSlotsR</a><BR>
</UL>
<P>
<H3>
Function Pointers
</H3><UL>
 <LI><a href="#[1c]">ADC1_2_IRQHandler</a> from startup_stm32f103xe.o(.text) referenced from startup_stm32f103xe.o(RESET)
 <LI><a href="#[39]">ADC3_IRQHandler</a> from startup_stm32f103xe.o(.text) referenced from startup_stm32f103xe.o(RESET)
 <LI><a href="#[4]">BusFault_Handler</a> from stm32f1xx_it.o(.text.BusFault_Handler) referenced from startup_stm32f103xe.o(RESET)
 <LI><a href="#[1f]">CAN1_RX1_IRQHandler</a> from startup_stm32f103xe.o(.text) referenced from startup_stm32f103xe.o(RESET)
 <LI><a href="#[20]">CAN1_SCE_IRQHandler</a> from startup_stm32f103xe.o(.text) referenced from startup_stm32f103xe.o(RESET)
 <LI><a href="#[86]">Compile_Branch</a> from m3_compile.o(.text.Compile_Branch) referenced 2 times from m3_compile.o(.rodata.c_operations)
 <LI><a href="#[87]">Compile_BranchTable</a> from m3_compile.o(.text.Compile_BranchTable) referenced from m3_compile.o(.rodata.c_operations)
 <LI><a href="#[89]">Compile_Call</a> from m3_compile.o(.text.Compile_Call) referenced 2 times from m3_compile.o(.rodata.c_operations)
 <LI><a href="#[8a]">Compile_CallIndirect</a> from m3_compile.o(.text.Compile_CallIndirect) referenced 2 times from m3_compile.o(.rodata.c_operations)
 <LI><a href="#[ce]">Compile_Const_f32</a> from m3_compile.o(.text.Compile_Const_f32) referenced from m3_compile.o(.rodata.c_operations)
 <LI><a href="#[cf]">Compile_Const_f64</a> from m3_compile.o(.text.Compile_Const_f64) referenced from m3_compile.o(.rodata.c_operations)
 <LI><a href="#[cc]">Compile_Const_i32</a> from m3_compile.o(.text.Compile_Const_i32) referenced from m3_compile.o(.rodata.c_operations)
 <LI><a href="#[cd]">Compile_Const_i64</a> from m3_compile.o(.text.Compile_Const_i64) referenced from m3_compile.o(.rodata.c_operations)
 <LI><a href="#[1cc]">Compile_Convert</a> from m3_compile.o(.text.Compile_Convert) referenced 20 times from m3_compile.o(.rodata.c_operations)
 <LI><a href="#[1cc]">Compile_Convert</a> from m3_compile.o(.text.Compile_Convert) referenced 8 times from m3_compile.o(.rodata.c_operationsFC)
 <LI><a href="#[8b]">Compile_Drop</a> from m3_compile.o(.text.Compile_Drop) referenced from m3_compile.o(.rodata.c_operations)
 <LI><a href="#[85]">Compile_End</a> from m3_compile.o(.text.Compile_End) referenced from m3_compile.o(.rodata.c_operations)
 <LI><a href="#[22b]">Compile_ExtendedOpcode</a> from m3_compile.o(.text.Compile_ExtendedOpcode) referenced from m3_compile.o(.rodata.c_operations)
 <LI><a href="#[8d]">Compile_GetLocal</a> from m3_compile.o(.text.Compile_GetLocal) referenced from m3_compile.o(.rodata.c_operations)
 <LI><a href="#[8f]">Compile_GetSetGlobal</a> from m3_compile.o(.text.Compile_GetSetGlobal) referenced 2 times from m3_compile.o(.rodata.c_operations)
 <LI><a href="#[84]">Compile_If</a> from m3_compile.o(.text.Compile_If) referenced from m3_compile.o(.rodata.c_operations)
 <LI><a href="#[92]">Compile_Load_Store</a> from m3_compile.o(.text.Compile_Load_Store) referenced 23 times from m3_compile.o(.rodata.c_operations)
 <LI><a href="#[83]">Compile_LoopOrBlock</a> from m3_compile.o(.text.Compile_LoopOrBlock) referenced 2 times from m3_compile.o(.rodata.c_operations)
 <LI><a href="#[24c]">Compile_Memory_CopyFill</a> from m3_compile.o(.text.Compile_Memory_CopyFill) referenced 2 times from m3_compile.o(.rodata.c_operationsFC)
 <LI><a href="#[cb]">Compile_Memory_Grow</a> from m3_compile.o(.text.Compile_Memory_Grow) referenced from m3_compile.o(.rodata.c_operations)
 <LI><a href="#[ca]">Compile_Memory_Size</a> from m3_compile.o(.text.Compile_Memory_Size) referenced from m3_compile.o(.rodata.c_operations)
 <LI><a href="#[82]">Compile_Nop</a> from m3_compile.o(.text.Compile_Nop) referenced 2 times from m3_compile.o(.rodata.c_operations)
 <LI><a href="#[88]">Compile_Return</a> from m3_compile.o(.text.Compile_Return) referenced from m3_compile.o(.rodata.c_operations)
 <LI><a href="#[8c]">Compile_Select</a> from m3_compile.o(.text.Compile_Select) referenced from m3_compile.o(.rodata.c_operations)
 <LI><a href="#[8e]">Compile_SetLocal</a> from m3_compile.o(.text.Compile_SetLocal) referenced 2 times from m3_compile.o(.rodata.c_operations)
 <LI><a href="#[81]">Compile_Unreachable</a> from m3_compile.o(.text.Compile_Unreachable) referenced from m3_compile.o(.rodata.c_operations)
 <LI><a href="#[15]">DMA1_Channel1_IRQHandler</a> from startup_stm32f103xe.o(.text) referenced from startup_stm32f103xe.o(RESET)
 <LI><a href="#[16]">DMA1_Channel2_IRQHandler</a> from startup_stm32f103xe.o(.text) referenced from startup_stm32f103xe.o(RESET)
 <LI><a href="#[17]">DMA1_Channel3_IRQHandler</a> from startup_stm32f103xe.o(.text) referenced from startup_stm32f103xe.o(RESET)
 <LI><a href="#[18]">DMA1_Channel4_IRQHandler</a> from startup_stm32f103xe.o(.text) referenced from startup_stm32f103xe.o(RESET)
 <LI><a href="#[19]">DMA1_Channel5_IRQHandler</a> from startup_stm32f103xe.o(.text) referenced from startup_stm32f103xe.o(RESET)
 <LI><a href="#[1a]">DMA1_Channel6_IRQHandler</a> from startup_stm32f103xe.o(.text) referenced from startup_stm32f103xe.o(RESET)
 <LI><a href="#[1b]">DMA1_Channel7_IRQHandler</a> from startup_stm32f103xe.o(.text) referenced from startup_stm32f103xe.o(RESET)
 <LI><a href="#[42]">DMA2_Channel1_IRQHandler</a> from startup_stm32f103xe.o(.text) referenced from startup_stm32f103xe.o(RESET)
 <LI><a href="#[43]">DMA2_Channel2_IRQHandler</a> from startup_stm32f103xe.o(.text) referenced from startup_stm32f103xe.o(RESET)
 <LI><a href="#[44]">DMA2_Channel3_IRQHandler</a> from startup_stm32f103xe.o(.text) referenced from startup_stm32f103xe.o(RESET)
 <LI><a href="#[45]">DMA2_Channel4_5_IRQHandler</a> from startup_stm32f103xe.o(.text) referenced from startup_stm32f103xe.o(RESET)
 <LI><a href="#[7]">DebugMon_Handler</a> from stm32f1xx_it.o(.text.DebugMon_Handler) referenced from startup_stm32f103xe.o(RESET)
 <LI><a href="#[10]">EXTI0_IRQHandler</a> from startup_stm32f103xe.o(.text) referenced from startup_stm32f103xe.o(RESET)
 <LI><a href="#[32]">EXTI15_10_IRQHandler</a> from startup_stm32f103xe.o(.text) referenced from startup_stm32f103xe.o(RESET)
 <LI><a href="#[11]">EXTI1_IRQHandler</a> from startup_stm32f103xe.o(.text) referenced from startup_stm32f103xe.o(RESET)
 <LI><a href="#[12]">EXTI2_IRQHandler</a> from startup_stm32f103xe.o(.text) referenced from startup_stm32f103xe.o(RESET)
 <LI><a href="#[13]">EXTI3_IRQHandler</a> from startup_stm32f103xe.o(.text) referenced from startup_stm32f103xe.o(RESET)
 <LI><a href="#[14]">EXTI4_IRQHandler</a> from startup_stm32f103xe.o(.text) referenced from startup_stm32f103xe.o(RESET)
 <LI><a href="#[21]">EXTI9_5_IRQHandler</a> from startup_stm32f103xe.o(.text) referenced from startup_stm32f103xe.o(RESET)
 <LI><a href="#[e]">FLASH_IRQHandler</a> from startup_stm32f103xe.o(.text) referenced from startup_stm32f103xe.o(RESET)
 <LI><a href="#[3a]">FSMC_IRQHandler</a> from startup_stm32f103xe.o(.text) referenced from startup_stm32f103xe.o(RESET)
 <LI><a href="#[2]">HardFault_Handler</a> from stm32f1xx_it.o(.text.HardFault_Handler) referenced from startup_stm32f103xe.o(RESET)
 <LI><a href="#[2a]">I2C1_ER_IRQHandler</a> from startup_stm32f103xe.o(.text) referenced from startup_stm32f103xe.o(RESET)
 <LI><a href="#[29]">I2C1_EV_IRQHandler</a> from startup_stm32f103xe.o(.text) referenced from startup_stm32f103xe.o(RESET)
 <LI><a href="#[2c]">I2C2_ER_IRQHandler</a> from startup_stm32f103xe.o(.text) referenced from startup_stm32f103xe.o(RESET)
 <LI><a href="#[2b]">I2C2_EV_IRQHandler</a> from startup_stm32f103xe.o(.text) referenced from startup_stm32f103xe.o(RESET)
 <LI><a href="#[3]">MemManage_Handler</a> from stm32f1xx_it.o(.text.MemManage_Handler) referenced from startup_stm32f103xe.o(RESET)
 <LI><a href="#[1]">NMI_Handler</a> from stm32f1xx_it.o(.text.NMI_Handler) referenced from startup_stm32f103xe.o(RESET)
 <LI><a href="#[b]">PVD_IRQHandler</a> from startup_stm32f103xe.o(.text) referenced from startup_stm32f103xe.o(RESET)
 <LI><a href="#[266]">ParseSection_Code</a> from m3_parse.o(.text.ParseSection_Code) referenced from m3_parse.o(.data.ParseModuleSection.s_parsers)
 <LI><a href="#[25d]">ParseSection_Custom</a> from m3_parse.o(.text.ParseSection_Custom) referenced from m3_parse.o(.data.ParseModuleSection.s_parsers)
 <LI><a href="#[267]">ParseSection_Data</a> from m3_parse.o(.text.ParseSection_Data) referenced from m3_parse.o(.data.ParseModuleSection.s_parsers)
 <LI><a href="#[265]">ParseSection_Element</a> from m3_parse.o(.text.ParseSection_Element) referenced from m3_parse.o(.data.ParseModuleSection.s_parsers)
 <LI><a href="#[263]">ParseSection_Export</a> from m3_parse.o(.text.ParseSection_Export) referenced from m3_parse.o(.data.ParseModuleSection.s_parsers)
 <LI><a href="#[260]">ParseSection_Function</a> from m3_parse.o(.text.ParseSection_Function) referenced from m3_parse.o(.data.ParseModuleSection.s_parsers)
 <LI><a href="#[262]">ParseSection_Global</a> from m3_parse.o(.text.ParseSection_Global) referenced from m3_parse.o(.data.ParseModuleSection.s_parsers)
 <LI><a href="#[25f]">ParseSection_Import</a> from m3_parse.o(.text.ParseSection_Import) referenced from m3_parse.o(.data.ParseModuleSection.s_parsers)
 <LI><a href="#[261]">ParseSection_Memory</a> from m3_parse.o(.text.ParseSection_Memory) referenced from m3_parse.o(.data.ParseModuleSection.s_parsers)
 <LI><a href="#[264]">ParseSection_Start</a> from m3_parse.o(.text.ParseSection_Start) referenced from m3_parse.o(.data.ParseModuleSection.s_parsers)
 <LI><a href="#[25e]">ParseSection_Type</a> from m3_parse.o(.text.ParseSection_Type) referenced from m3_parse.o(.data.ParseModuleSection.s_parsers)
 <LI><a href="#[8]">PendSV_Handler</a> from stm32f1xx_it.o(.text.PendSV_Handler) referenced from startup_stm32f103xe.o(RESET)
 <LI><a href="#[f]">RCC_IRQHandler</a> from startup_stm32f103xe.o(.text) referenced from startup_stm32f103xe.o(RESET)
 <LI><a href="#[33]">RTC_Alarm_IRQHandler</a> from startup_stm32f103xe.o(.text) referenced from startup_stm32f103xe.o(RESET)
 <LI><a href="#[d]">RTC_IRQHandler</a> from startup_stm32f103xe.o(.text) referenced from startup_stm32f103xe.o(RESET)
 <LI><a href="#[0]">Reset_Handler</a> from startup_stm32f103xe.o(.text) referenced from startup_stm32f103xe.o(RESET)
 <LI><a href="#[3b]">SDIO_IRQHandler</a> from startup_stm32f103xe.o(.text) referenced from startup_stm32f103xe.o(RESET)
 <LI><a href="#[2d]">SPI1_IRQHandler</a> from startup_stm32f103xe.o(.text) referenced from startup_stm32f103xe.o(RESET)
 <LI><a href="#[2e]">SPI2_IRQHandler</a> from startup_stm32f103xe.o(.text) referenced from startup_stm32f103xe.o(RESET)
 <LI><a href="#[3d]">SPI3_IRQHandler</a> from startup_stm32f103xe.o(.text) referenced from startup_stm32f103xe.o(RESET)
 <LI><a href="#[6]">SVC_Handler</a> from stm32f1xx_it.o(.text.SVC_Handler) referenced from startup_stm32f103xe.o(RESET)
 <LI><a href="#[9]">SysTick_Handler</a> from stm32f1xx_it.o(.text.SysTick_Handler) referenced from startup_stm32f103xe.o(RESET)
 <LI><a href="#[46]">SystemInit</a> from system_stm32f1xx.o(.text.SystemInit) referenced from startup_stm32f103xe.o(.text)
 <LI><a href="#[c]">TAMPER_IRQHandler</a> from startup_stm32f103xe.o(.text) referenced from startup_stm32f103xe.o(RESET)
 <LI><a href="#[22]">TIM1_BRK_IRQHandler</a> from startup_stm32f103xe.o(.text) referenced from startup_stm32f103xe.o(RESET)
 <LI><a href="#[25]">TIM1_CC_IRQHandler</a> from startup_stm32f103xe.o(.text) referenced from startup_stm32f103xe.o(RESET)
 <LI><a href="#[24]">TIM1_TRG_COM_IRQHandler</a> from startup_stm32f103xe.o(.text) referenced from startup_stm32f103xe.o(RESET)
 <LI><a href="#[23]">TIM1_UP_IRQHandler</a> from startup_stm32f103xe.o(.text) referenced from startup_stm32f103xe.o(RESET)
 <LI><a href="#[26]">TIM2_IRQHandler</a> from startup_stm32f103xe.o(.text) referenced from startup_stm32f103xe.o(RESET)
 <LI><a href="#[27]">TIM3_IRQHandler</a> from startup_stm32f103xe.o(.text) referenced from startup_stm32f103xe.o(RESET)
 <LI><a href="#[28]">TIM4_IRQHandler</a> from startup_stm32f103xe.o(.text) referenced from startup_stm32f103xe.o(RESET)
 <LI><a href="#[3c]">TIM5_IRQHandler</a> from startup_stm32f103xe.o(.text) referenced from startup_stm32f103xe.o(RESET)
 <LI><a href="#[40]">TIM6_IRQHandler</a> from startup_stm32f103xe.o(.text) referenced from startup_stm32f103xe.o(RESET)
 <LI><a href="#[41]">TIM7_IRQHandler</a> from startup_stm32f103xe.o(.text) referenced from startup_stm32f103xe.o(RESET)
 <LI><a href="#[35]">TIM8_BRK_IRQHandler</a> from startup_stm32f103xe.o(.text) referenced from startup_stm32f103xe.o(RESET)
 <LI><a href="#[38]">TIM8_CC_IRQHandler</a> from startup_stm32f103xe.o(.text) referenced from startup_stm32f103xe.o(RESET)
 <LI><a href="#[37]">TIM8_TRG_COM_IRQHandler</a> from startup_stm32f103xe.o(.text) referenced from startup_stm32f103xe.o(RESET)
 <LI><a href="#[36]">TIM8_UP_IRQHandler</a> from startup_stm32f103xe.o(.text) referenced from startup_stm32f103xe.o(RESET)
 <LI><a href="#[3e]">UART4_IRQHandler</a> from startup_stm32f103xe.o(.text) referenced from startup_stm32f103xe.o(RESET)
 <LI><a href="#[3f]">UART5_IRQHandler</a> from startup_stm32f103xe.o(.text) referenced from startup_stm32f103xe.o(RESET)
 <LI><a href="#[2f]">USART1_IRQHandler</a> from startup_stm32f103xe.o(.text) referenced from startup_stm32f103xe.o(RESET)
 <LI><a href="#[30]">USART2_IRQHandler</a> from startup_stm32f103xe.o(.text) referenced from startup_stm32f103xe.o(RESET)
 <LI><a href="#[31]">USART3_IRQHandler</a> from startup_stm32f103xe.o(.text) referenced from startup_stm32f103xe.o(RESET)
 <LI><a href="#[34]">USBWakeUp_IRQHandler</a> from startup_stm32f103xe.o(.text) referenced from startup_stm32f103xe.o(RESET)
 <LI><a href="#[1d]">USB_HP_CAN1_TX_IRQHandler</a> from startup_stm32f103xe.o(.text) referenced from startup_stm32f103xe.o(RESET)
 <LI><a href="#[1e]">USB_LP_CAN1_RX0_IRQHandler</a> from startup_stm32f103xe.o(.text) referenced from startup_stm32f103xe.o(RESET)
 <LI><a href="#[5]">UsageFault_Handler</a> from stm32f1xx_it.o(.text.UsageFault_Handler) referenced from startup_stm32f103xe.o(RESET)
 <LI><a href="#[a]">WWDG_IRQHandler</a> from startup_stm32f103xe.o(.text) referenced from startup_stm32f103xe.o(RESET)
 <LI><a href="#[6b]">_FreeModule</a> from m3_env.o(.text._FreeModule) referenced 2 times from m3_env.o(.text.Runtime_Release)
 <LI><a href="#[47]">__main</a> from __main.o(!!!main) referenced from startup_stm32f103xe.o(.text)
 <LI><a href="#[49]">_get_lc_ctype</a> from lc_ctype_c.o(locale$$code) referenced from rt_ctype_table.o(.text)
 <LI><a href="#[4a]">_printf_input_char</a> from _printf_char_common.o(.text) referenced from _printf_char_common.o(.text)
 <LI><a href="#[48]">_snputc</a> from _snputc.o(.text) referenced from vsnprintf.o(.text)
 <LI><a href="#[4b]">op_Branch</a> from m3_compile.o(.text.op_Branch) referenced from m3_compile.o(.rodata.c_operations)
 <LI><a href="#[4b]">op_Branch</a> from m3_compile.o(.text.op_Branch) referenced 2 times from m3_compile.o(.text.CompileElseBlock)
 <LI><a href="#[4b]">op_Branch</a> from m3_compile.o(.text.op_Branch) referenced 2 times from m3_compile.o(.text.EmitPatchingBranch)
 <LI><a href="#[66]">op_Branch</a> from m3_emit.o(.text.op_Branch) referenced 2 times from m3_emit.o(.text.EnsureCodePageNumLines)
 <LI><a href="#[4d]">op_BranchIfPrologue_r</a> from m3_compile.o(.text.op_BranchIfPrologue_r) referenced 4 times from m3_compile.o(.text.Compile_Branch)
 <LI><a href="#[4e]">op_BranchIfPrologue_s</a> from m3_compile.o(.text.op_BranchIfPrologue_s) referenced 4 times from m3_compile.o(.text.Compile_Branch)
 <LI><a href="#[51]">op_BranchIf_r</a> from m3_compile.o(.text.op_BranchIf_r) referenced from m3_compile.o(.rodata.c_operations)
 <LI><a href="#[51]">op_BranchIf_r</a> from m3_compile.o(.text.op_BranchIf_r) referenced 2 times from m3_compile.o(.text.Compile_Branch)
 <LI><a href="#[52]">op_BranchIf_s</a> from m3_compile.o(.text.op_BranchIf_s) referenced from m3_compile.o(.rodata.c_operations)
 <LI><a href="#[52]">op_BranchIf_s</a> from m3_compile.o(.text.op_BranchIf_s) referenced 2 times from m3_compile.o(.text.Compile_Branch)
 <LI><a href="#[54]">op_BranchTable</a> from m3_compile.o(.text.op_BranchTable) referenced from m3_compile.o(.rodata.c_operations)
 <LI><a href="#[54]">op_BranchTable</a> from m3_compile.o(.text.op_BranchTable) referenced 2 times from m3_compile.o(.text.Compile_BranchTable)
 <LI><a href="#[55]">op_Call</a> from m3_compile.o(.text.op_Call) referenced from m3_compile.o(.rodata.c_operations)
 <LI><a href="#[55]">op_Call</a> from m3_compile.o(.text.op_Call) referenced 2 times from m3_compile.o(.text.Compile_Call)
 <LI><a href="#[55]">op_Call</a> from m3_compile.o(.text.op_Call) referenced 2 times from m3_compile.o(.text.op_Compile)
 <LI><a href="#[57]">op_CallIndirect</a> from m3_compile.o(.text.op_CallIndirect) referenced from m3_compile.o(.rodata.c_operations)
 <LI><a href="#[57]">op_CallIndirect</a> from m3_compile.o(.text.op_CallIndirect) referenced 2 times from m3_compile.o(.text.Compile_CallIndirect)
 <LI><a href="#[56]">op_Compile</a> from m3_compile.o(.text.op_Compile) referenced 2 times from m3_compile.o(.text.Compile_Call)
 <LI><a href="#[6a]">op_Const32</a> from m3_compile.o(.text.op_Const32) referenced from m3_compile.o(.rodata.c_operations)
 <LI><a href="#[6a]">op_Const32</a> from m3_compile.o(.text.op_Const32) referenced 2 times from m3_compile.o(.text.PushConst)
 <LI><a href="#[69]">op_Const64</a> from m3_compile.o(.text.op_Const64) referenced from m3_compile.o(.rodata.c_operations)
 <LI><a href="#[69]">op_Const64</a> from m3_compile.o(.text.op_Const64) referenced 2 times from m3_compile.o(.text.PushConst)
 <LI><a href="#[4f]">op_ContinueLoop</a> from m3_compile.o(.text.op_ContinueLoop) referenced 4 times from m3_compile.o(.text.Compile_Branch)
 <LI><a href="#[4f]">op_ContinueLoop</a> from m3_compile.o(.text.op_ContinueLoop) referenced 2 times from m3_compile.o(.text.Compile_BranchTable)
 <LI><a href="#[50]">op_ContinueLoopIf</a> from m3_compile.o(.text.op_ContinueLoopIf) referenced 2 times from m3_compile.o(.text.Compile_Branch)
 <LI><a href="#[65]">op_CopySlot_32</a> from m3_compile.o(.text.op_CopySlot_32) referenced 2 times from m3_compile.o(.text.CopyStackIndexToSlot)
 <LI><a href="#[65]">op_CopySlot_32</a> from m3_compile.o(.text.op_CopySlot_32) referenced 2 times from m3_compile.o(.text.PreserveArgsAndLocals)
 <LI><a href="#[64]">op_CopySlot_64</a> from m3_compile.o(.text.op_CopySlot_64) referenced 2 times from m3_compile.o(.text.CopyStackIndexToSlot)
 <LI><a href="#[64]">op_CopySlot_64</a> from m3_compile.o(.text.op_CopySlot_64) referenced 2 times from m3_compile.o(.text.PreserveArgsAndLocals)
 <LI><a href="#[4c]">op_Entry</a> from m3_compile.o(.text.op_Entry) referenced 2 times from m3_compile.o(.text.CompileFunction)
 <LI><a href="#[59]">op_GetGlobal_s32</a> from m3_compile.o(.text.op_GetGlobal_s32) referenced 2 times from m3_compile.o(.text.Compile_GetGlobal)
 <LI><a href="#[58]">op_GetGlobal_s64</a> from m3_compile.o(.text.op_GetGlobal_s64) referenced 2 times from m3_compile.o(.text.Compile_GetGlobal)
 <LI><a href="#[5a]">op_If_r</a> from m3_compile.o(.text.op_If_r) referenced 2 times from m3_compile.o(.text.Compile_If)
 <LI><a href="#[5b]">op_If_s</a> from m3_compile.o(.text.op_If_s) referenced 2 times from m3_compile.o(.text.Compile_If)
 <LI><a href="#[5c]">op_Loop</a> from m3_compile.o(.text.op_Loop) referenced from m3_compile.o(.rodata.c_operations)
 <LI><a href="#[5c]">op_Loop</a> from m3_compile.o(.text.op_Loop) referenced 2 times from m3_compile.o(.text.Compile_LoopOrBlock)
 <LI><a href="#[5d]">op_MemCopy</a> from m3_compile.o(.text.op_MemCopy) referenced 2 times from m3_compile.o(.text.Compile_Memory_CopyFill)
 <LI><a href="#[5e]">op_MemFill</a> from m3_compile.o(.text.op_MemFill) referenced 2 times from m3_compile.o(.text.Compile_Memory_CopyFill)
 <LI><a href="#[5f]">op_MemGrow</a> from m3_compile.o(.text.op_MemGrow) referenced from m3_compile.o(.rodata.c_operations)
 <LI><a href="#[5f]">op_MemGrow</a> from m3_compile.o(.text.op_MemGrow) referenced 2 times from m3_compile.o(.text.Compile_Memory_Grow)
 <LI><a href="#[60]">op_MemSize</a> from m3_compile.o(.text.op_MemSize) referenced from m3_compile.o(.rodata.c_operations)
 <LI><a href="#[60]">op_MemSize</a> from m3_compile.o(.text.op_MemSize) referenced 2 times from m3_compile.o(.text.Compile_Memory_Size)
 <LI><a href="#[68]">op_PreserveCopySlot_32</a> from m3_compile.o(.text.op_PreserveCopySlot_32) referenced 2 times from m3_compile.o(.text.PreservedCopyTopSlot)
 <LI><a href="#[67]">op_PreserveCopySlot_64</a> from m3_compile.o(.text.op_PreserveCopySlot_64) referenced 2 times from m3_compile.o(.text.PreservedCopyTopSlot)
 <LI><a href="#[24f]">op_PreserveSetSlot_f32</a> from m3_compile.o(.text.op_PreserveSetSlot_f32) referenced from m3_compile.o(.rodata.c_preserveSetSlot)
 <LI><a href="#[250]">op_PreserveSetSlot_f64</a> from m3_compile.o(.text.op_PreserveSetSlot_f64) referenced from m3_compile.o(.rodata.c_preserveSetSlot)
 <LI><a href="#[24d]">op_PreserveSetSlot_i32</a> from m3_compile.o(.text.op_PreserveSetSlot_i32) referenced from m3_compile.o(.rodata.c_preserveSetSlot)
 <LI><a href="#[24e]">op_PreserveSetSlot_i64</a> from m3_compile.o(.text.op_PreserveSetSlot_i64) referenced from m3_compile.o(.rodata.c_preserveSetSlot)
 <LI><a href="#[53]">op_Return</a> from m3_compile.o(.text.op_Return) referenced from m3_compile.o(.rodata.c_operations)
 <LI><a href="#[53]">op_Return</a> from m3_compile.o(.text.op_Return) referenced 2 times from m3_compile.o(.text.Compile_Branch)
 <LI><a href="#[53]">op_Return</a> from m3_compile.o(.text.op_Return) referenced 2 times from m3_compile.o(.text.Compile_BranchTable)
 <LI><a href="#[53]">op_Return</a> from m3_compile.o(.text.op_Return) referenced 2 times from m3_compile.o(.text.Compile_End)
 <LI><a href="#[53]">op_Return</a> from m3_compile.o(.text.op_Return) referenced 2 times from m3_compile.o(.text.Compile_Return)
 <LI><a href="#[71]">op_Select_f32_rrs</a> from m3_compile.o(.text.op_Select_f32_rrs) referenced from m3_compile.o(.rodata.c_fpSelectOps)
 <LI><a href="#[72]">op_Select_f32_rsr</a> from m3_compile.o(.text.op_Select_f32_rsr) referenced from m3_compile.o(.rodata.c_fpSelectOps)
 <LI><a href="#[70]">op_Select_f32_rss</a> from m3_compile.o(.text.op_Select_f32_rss) referenced from m3_compile.o(.rodata.c_fpSelectOps)
 <LI><a href="#[6e]">op_Select_f32_srs</a> from m3_compile.o(.text.op_Select_f32_srs) referenced from m3_compile.o(.rodata.c_fpSelectOps)
 <LI><a href="#[6f]">op_Select_f32_ssr</a> from m3_compile.o(.text.op_Select_f32_ssr) referenced from m3_compile.o(.rodata.c_fpSelectOps)
 <LI><a href="#[6d]">op_Select_f32_sss</a> from m3_compile.o(.text.op_Select_f32_sss) referenced from m3_compile.o(.rodata.c_fpSelectOps)
 <LI><a href="#[77]">op_Select_f64_rrs</a> from m3_compile.o(.text.op_Select_f64_rrs) referenced from m3_compile.o(.rodata.c_fpSelectOps)
 <LI><a href="#[78]">op_Select_f64_rsr</a> from m3_compile.o(.text.op_Select_f64_rsr) referenced from m3_compile.o(.rodata.c_fpSelectOps)
 <LI><a href="#[76]">op_Select_f64_rss</a> from m3_compile.o(.text.op_Select_f64_rss) referenced from m3_compile.o(.rodata.c_fpSelectOps)
 <LI><a href="#[74]">op_Select_f64_srs</a> from m3_compile.o(.text.op_Select_f64_srs) referenced from m3_compile.o(.rodata.c_fpSelectOps)
 <LI><a href="#[75]">op_Select_f64_ssr</a> from m3_compile.o(.text.op_Select_f64_ssr) referenced from m3_compile.o(.rodata.c_fpSelectOps)
 <LI><a href="#[73]">op_Select_f64_sss</a> from m3_compile.o(.text.op_Select_f64_sss) referenced from m3_compile.o(.rodata.c_fpSelectOps)
 <LI><a href="#[79]">op_Select_i32_rss</a> from m3_compile.o(.text.op_Select_i32_rss) referenced from m3_compile.o(.rodata.c_intSelectOps)
 <LI><a href="#[7a]">op_Select_i32_srs</a> from m3_compile.o(.text.op_Select_i32_srs) referenced from m3_compile.o(.rodata.c_intSelectOps)
 <LI><a href="#[7b]">op_Select_i32_ssr</a> from m3_compile.o(.text.op_Select_i32_ssr) referenced from m3_compile.o(.rodata.c_intSelectOps)
 <LI><a href="#[7c]">op_Select_i32_sss</a> from m3_compile.o(.text.op_Select_i32_sss) referenced from m3_compile.o(.rodata.c_intSelectOps)
 <LI><a href="#[7d]">op_Select_i64_rss</a> from m3_compile.o(.text.op_Select_i64_rss) referenced from m3_compile.o(.rodata.c_intSelectOps)
 <LI><a href="#[7e]">op_Select_i64_srs</a> from m3_compile.o(.text.op_Select_i64_srs) referenced from m3_compile.o(.rodata.c_intSelectOps)
 <LI><a href="#[7f]">op_Select_i64_ssr</a> from m3_compile.o(.text.op_Select_i64_ssr) referenced from m3_compile.o(.rodata.c_intSelectOps)
 <LI><a href="#[80]">op_Select_i64_sss</a> from m3_compile.o(.text.op_Select_i64_sss) referenced from m3_compile.o(.rodata.c_intSelectOps)
 <LI><a href="#[253]">op_SetGlobal_f32</a> from m3_compile.o(.text.op_SetGlobal_f32) referenced from m3_compile.o(.rodata.c_setGlobalOps)
 <LI><a href="#[254]">op_SetGlobal_f64</a> from m3_compile.o(.text.op_SetGlobal_f64) referenced from m3_compile.o(.rodata.c_setGlobalOps)
 <LI><a href="#[251]">op_SetGlobal_i32</a> from m3_compile.o(.text.op_SetGlobal_i32) referenced from m3_compile.o(.rodata.c_setGlobalOps)
 <LI><a href="#[252]">op_SetGlobal_i64</a> from m3_compile.o(.text.op_SetGlobal_i64) referenced from m3_compile.o(.rodata.c_setGlobalOps)
 <LI><a href="#[62]">op_SetGlobal_s32</a> from m3_compile.o(.text.op_SetGlobal_s32) referenced 2 times from m3_compile.o(.text.Compile_SetGlobal)
 <LI><a href="#[61]">op_SetGlobal_s64</a> from m3_compile.o(.text.op_SetGlobal_s64) referenced 2 times from m3_compile.o(.text.Compile_SetGlobal)
 <LI><a href="#[257]">op_SetRegister_f32</a> from m3_compile.o(.text.op_SetRegister_f32) referenced from m3_compile.o(.rodata.c_setRegisterOps)
 <LI><a href="#[258]">op_SetRegister_f64</a> from m3_compile.o(.text.op_SetRegister_f64) referenced from m3_compile.o(.rodata.c_setRegisterOps)
 <LI><a href="#[255]">op_SetRegister_i32</a> from m3_compile.o(.text.op_SetRegister_i32) referenced from m3_compile.o(.rodata.c_setRegisterOps)
 <LI><a href="#[256]">op_SetRegister_i64</a> from m3_compile.o(.text.op_SetRegister_i64) referenced from m3_compile.o(.rodata.c_setRegisterOps)
 <LI><a href="#[25b]">op_SetSlot_f32</a> from m3_compile.o(.text.op_SetSlot_f32) referenced from m3_compile.o(.rodata.c_setSetOps)
 <LI><a href="#[25c]">op_SetSlot_f64</a> from m3_compile.o(.text.op_SetSlot_f64) referenced from m3_compile.o(.rodata.c_setSetOps)
 <LI><a href="#[259]">op_SetSlot_i32</a> from m3_compile.o(.text.op_SetSlot_i32) referenced from m3_compile.o(.rodata.c_setSetOps)
 <LI><a href="#[25a]">op_SetSlot_i64</a> from m3_compile.o(.text.op_SetSlot_i64) referenced from m3_compile.o(.rodata.c_setSetOps)
 <LI><a href="#[63]">op_Unreachable</a> from m3_compile.o(.text.op_Unreachable) referenced from m3_compile.o(.rodata.c_operations)
 <LI><a href="#[63]">op_Unreachable</a> from m3_compile.o(.text.op_Unreachable) referenced 2 times from m3_compile.o(.text.Compile_Unreachable)
 <LI><a href="#[188]">op_f32_Abs_r</a> from m3_compile.o(.text.op_f32_Abs_r) referenced from m3_compile.o(.rodata.c_operations)
 <LI><a href="#[189]">op_f32_Abs_s</a> from m3_compile.o(.text.op_f32_Abs_s) referenced from m3_compile.o(.rodata.c_operations)
 <LI><a href="#[196]">op_f32_Add_rs</a> from m3_compile.o(.text.op_f32_Add_rs) referenced from m3_compile.o(.rodata.c_operations)
 <LI><a href="#[197]">op_f32_Add_ss</a> from m3_compile.o(.text.op_f32_Add_ss) referenced from m3_compile.o(.rodata.c_operations)
 <LI><a href="#[18c]">op_f32_Ceil_r</a> from m3_compile.o(.text.op_f32_Ceil_r) referenced from m3_compile.o(.rodata.c_operations)
 <LI><a href="#[18d]">op_f32_Ceil_s</a> from m3_compile.o(.text.op_f32_Ceil_s) referenced from m3_compile.o(.rodata.c_operations)
 <LI><a href="#[1ed]">op_f32_Convert_i32_r_r</a> from m3_compile.o(.text.op_f32_Convert_i32_r_r) referenced from m3_compile.o(.rodata.c_operations)
 <LI><a href="#[1ee]">op_f32_Convert_i32_r_s</a> from m3_compile.o(.text.op_f32_Convert_i32_r_s) referenced from m3_compile.o(.rodata.c_operations)
 <LI><a href="#[1ef]">op_f32_Convert_i32_s_r</a> from m3_compile.o(.text.op_f32_Convert_i32_s_r) referenced from m3_compile.o(.rodata.c_operations)
 <LI><a href="#[1f0]">op_f32_Convert_i32_s_s</a> from m3_compile.o(.text.op_f32_Convert_i32_s_s) referenced from m3_compile.o(.rodata.c_operations)
 <LI><a href="#[1f5]">op_f32_Convert_i64_r_r</a> from m3_compile.o(.text.op_f32_Convert_i64_r_r) referenced from m3_compile.o(.rodata.c_operations)
 <LI><a href="#[1f6]">op_f32_Convert_i64_r_s</a> from m3_compile.o(.text.op_f32_Convert_i64_r_s) referenced from m3_compile.o(.rodata.c_operations)
 <LI><a href="#[1f7]">op_f32_Convert_i64_s_r</a> from m3_compile.o(.text.op_f32_Convert_i64_s_r) referenced from m3_compile.o(.rodata.c_operations)
 <LI><a href="#[1f8]">op_f32_Convert_i64_s_s</a> from m3_compile.o(.text.op_f32_Convert_i64_s_s) referenced from m3_compile.o(.rodata.c_operations)
 <LI><a href="#[1f1]">op_f32_Convert_u32_r_r</a> from m3_compile.o(.text.op_f32_Convert_u32_r_r) referenced from m3_compile.o(.rodata.c_operations)
 <LI><a href="#[1f2]">op_f32_Convert_u32_r_s</a> from m3_compile.o(.text.op_f32_Convert_u32_r_s) referenced from m3_compile.o(.rodata.c_operations)
 <LI><a href="#[1f3]">op_f32_Convert_u32_s_r</a> from m3_compile.o(.text.op_f32_Convert_u32_s_r) referenced from m3_compile.o(.rodata.c_operations)
 <LI><a href="#[1f4]">op_f32_Convert_u32_s_s</a> from m3_compile.o(.text.op_f32_Convert_u32_s_s) referenced from m3_compile.o(.rodata.c_operations)
 <LI><a href="#[1f9]">op_f32_Convert_u64_r_r</a> from m3_compile.o(.text.op_f32_Convert_u64_r_r) referenced from m3_compile.o(.rodata.c_operations)
 <LI><a href="#[1fa]">op_f32_Convert_u64_r_s</a> from m3_compile.o(.text.op_f32_Convert_u64_r_s) referenced from m3_compile.o(.rodata.c_operations)
 <LI><a href="#[1fb]">op_f32_Convert_u64_s_r</a> from m3_compile.o(.text.op_f32_Convert_u64_s_r) referenced from m3_compile.o(.rodata.c_operations)
 <LI><a href="#[1fc]">op_f32_Convert_u64_s_s</a> from m3_compile.o(.text.op_f32_Convert_u64_s_s) referenced from m3_compile.o(.rodata.c_operations)
 <LI><a href="#[1a4]">op_f32_CopySign_rs</a> from m3_compile.o(.text.op_f32_CopySign_rs) referenced from m3_compile.o(.rodata.c_operations)
 <LI><a href="#[1a5]">op_f32_CopySign_sr</a> from m3_compile.o(.text.op_f32_CopySign_sr) referenced from m3_compile.o(.rodata.c_operations)
 <LI><a href="#[1a6]">op_f32_CopySign_ss</a> from m3_compile.o(.text.op_f32_CopySign_ss) referenced from m3_compile.o(.rodata.c_operations)
 <LI><a href="#[1fd]">op_f32_Demote_f64_r</a> from m3_compile.o(.text.op_f32_Demote_f64_r) referenced from m3_compile.o(.rodata.c_operations)
 <LI><a href="#[1fe]">op_f32_Demote_f64_s</a> from m3_compile.o(.text.op_f32_Demote_f64_s) referenced from m3_compile.o(.rodata.c_operations)
 <LI><a href="#[19d]">op_f32_Divide_rs</a> from m3_compile.o(.text.op_f32_Divide_rs) referenced from m3_compile.o(.rodata.c_operations)
 <LI><a href="#[19e]">op_f32_Divide_sr</a> from m3_compile.o(.text.op_f32_Divide_sr) referenced from m3_compile.o(.rodata.c_operations)
 <LI><a href="#[19f]">op_f32_Divide_ss</a> from m3_compile.o(.text.op_f32_Divide_ss) referenced from m3_compile.o(.rodata.c_operations)
 <LI><a href="#[10c]">op_f32_Equal_rs</a> from m3_compile.o(.text.op_f32_Equal_rs) referenced from m3_compile.o(.rodata.c_operations)
 <LI><a href="#[10d]">op_f32_Equal_ss</a> from m3_compile.o(.text.op_f32_Equal_ss) referenced from m3_compile.o(.rodata.c_operations)
 <LI><a href="#[18e]">op_f32_Floor_r</a> from m3_compile.o(.text.op_f32_Floor_r) referenced from m3_compile.o(.rodata.c_operations)
 <LI><a href="#[18f]">op_f32_Floor_s</a> from m3_compile.o(.text.op_f32_Floor_s) referenced from m3_compile.o(.rodata.c_operations)
 <LI><a href="#[119]">op_f32_GreaterThanOrEqual_rs</a> from m3_compile.o(.text.op_f32_GreaterThanOrEqual_rs) referenced from m3_compile.o(.rodata.c_operations)
 <LI><a href="#[11a]">op_f32_GreaterThanOrEqual_sr</a> from m3_compile.o(.text.op_f32_GreaterThanOrEqual_sr) referenced from m3_compile.o(.rodata.c_operations)
 <LI><a href="#[11b]">op_f32_GreaterThanOrEqual_ss</a> from m3_compile.o(.text.op_f32_GreaterThanOrEqual_ss) referenced from m3_compile.o(.rodata.c_operations)
 <LI><a href="#[113]">op_f32_GreaterThan_rs</a> from m3_compile.o(.text.op_f32_GreaterThan_rs) referenced from m3_compile.o(.rodata.c_operations)
 <LI><a href="#[114]">op_f32_GreaterThan_sr</a> from m3_compile.o(.text.op_f32_GreaterThan_sr) referenced from m3_compile.o(.rodata.c_operations)
 <LI><a href="#[115]">op_f32_GreaterThan_ss</a> from m3_compile.o(.text.op_f32_GreaterThan_ss) referenced from m3_compile.o(.rodata.c_operations)
 <LI><a href="#[116]">op_f32_LessThanOrEqual_rs</a> from m3_compile.o(.text.op_f32_LessThanOrEqual_rs) referenced from m3_compile.o(.rodata.c_operations)
 <LI><a href="#[117]">op_f32_LessThanOrEqual_sr</a> from m3_compile.o(.text.op_f32_LessThanOrEqual_sr) referenced from m3_compile.o(.rodata.c_operations)
 <LI><a href="#[118]">op_f32_LessThanOrEqual_ss</a> from m3_compile.o(.text.op_f32_LessThanOrEqual_ss) referenced from m3_compile.o(.rodata.c_operations)
 <LI><a href="#[110]">op_f32_LessThan_rs</a> from m3_compile.o(.text.op_f32_LessThan_rs) referenced from m3_compile.o(.rodata.c_operations)
 <LI><a href="#[111]">op_f32_LessThan_sr</a> from m3_compile.o(.text.op_f32_LessThan_sr) referenced from m3_compile.o(.rodata.c_operations)
 <LI><a href="#[112]">op_f32_LessThan_ss</a> from m3_compile.o(.text.op_f32_LessThan_ss) referenced from m3_compile.o(.rodata.c_operations)
 <LI><a href="#[95]">op_f32_Load_f32_r</a> from m3_compile.o(.text.op_f32_Load_f32_r) referenced from m3_compile.o(.rodata.c_operations)
 <LI><a href="#[96]">op_f32_Load_f32_s</a> from m3_compile.o(.text.op_f32_Load_f32_s) referenced from m3_compile.o(.rodata.c_operations)
 <LI><a href="#[1a2]">op_f32_Max_rs</a> from m3_compile.o(.text.op_f32_Max_rs) referenced from m3_compile.o(.rodata.c_operations)
 <LI><a href="#[1a3]">op_f32_Max_ss</a> from m3_compile.o(.text.op_f32_Max_ss) referenced from m3_compile.o(.rodata.c_operations)
 <LI><a href="#[1a0]">op_f32_Min_rs</a> from m3_compile.o(.text.op_f32_Min_rs) referenced from m3_compile.o(.rodata.c_operations)
 <LI><a href="#[1a1]">op_f32_Min_ss</a> from m3_compile.o(.text.op_f32_Min_ss) referenced from m3_compile.o(.rodata.c_operations)
 <LI><a href="#[19b]">op_f32_Multiply_rs</a> from m3_compile.o(.text.op_f32_Multiply_rs) referenced from m3_compile.o(.rodata.c_operations)
 <LI><a href="#[19c]">op_f32_Multiply_ss</a> from m3_compile.o(.text.op_f32_Multiply_ss) referenced from m3_compile.o(.rodata.c_operations)
 <LI><a href="#[192]">op_f32_Nearest_r</a> from m3_compile.o(.text.op_f32_Nearest_r) referenced from m3_compile.o(.rodata.c_operations)
 <LI><a href="#[193]">op_f32_Nearest_s</a> from m3_compile.o(.text.op_f32_Nearest_s) referenced from m3_compile.o(.rodata.c_operations)
 <LI><a href="#[18a]">op_f32_Negate_r</a> from m3_compile.o(.text.op_f32_Negate_r) referenced from m3_compile.o(.rodata.c_operations)
 <LI><a href="#[18b]">op_f32_Negate_s</a> from m3_compile.o(.text.op_f32_Negate_s) referenced from m3_compile.o(.rodata.c_operations)
 <LI><a href="#[10e]">op_f32_NotEqual_rs</a> from m3_compile.o(.text.op_f32_NotEqual_rs) referenced from m3_compile.o(.rodata.c_operations)
 <LI><a href="#[10f]">op_f32_NotEqual_ss</a> from m3_compile.o(.text.op_f32_NotEqual_ss) referenced from m3_compile.o(.rodata.c_operations)
 <LI><a href="#[219]">op_f32_Reinterpret_i32_r_r</a> from m3_compile.o(.text.op_f32_Reinterpret_i32_r_r) referenced from m3_compile.o(.rodata.c_operations)
 <LI><a href="#[21a]">op_f32_Reinterpret_i32_r_s</a> from m3_compile.o(.text.op_f32_Reinterpret_i32_r_s) referenced from m3_compile.o(.rodata.c_operations)
 <LI><a href="#[21b]">op_f32_Reinterpret_i32_s_r</a> from m3_compile.o(.text.op_f32_Reinterpret_i32_s_r) referenced from m3_compile.o(.rodata.c_operations)
 <LI><a href="#[21c]">op_f32_Reinterpret_i32_s_s</a> from m3_compile.o(.text.op_f32_Reinterpret_i32_s_s) referenced from m3_compile.o(.rodata.c_operations)
 <LI><a href="#[194]">op_f32_Sqrt_r</a> from m3_compile.o(.text.op_f32_Sqrt_r) referenced from m3_compile.o(.rodata.c_operations)
 <LI><a href="#[195]">op_f32_Sqrt_s</a> from m3_compile.o(.text.op_f32_Sqrt_s) referenced from m3_compile.o(.rodata.c_operations)
 <LI><a href="#[b6]">op_f32_Store_f32_rr</a> from m3_compile.o(.text.op_f32_Store_f32_rr) referenced from m3_compile.o(.rodata.c_operations)
 <LI><a href="#[b3]">op_f32_Store_f32_rs</a> from m3_compile.o(.text.op_f32_Store_f32_rs) referenced from m3_compile.o(.rodata.c_operations)
 <LI><a href="#[b4]">op_f32_Store_f32_sr</a> from m3_compile.o(.text.op_f32_Store_f32_sr) referenced from m3_compile.o(.rodata.c_operations)
 <LI><a href="#[b5]">op_f32_Store_f32_ss</a> from m3_compile.o(.text.op_f32_Store_f32_ss) referenced from m3_compile.o(.rodata.c_operations)
 <LI><a href="#[198]">op_f32_Subtract_rs</a> from m3_compile.o(.text.op_f32_Subtract_rs) referenced from m3_compile.o(.rodata.c_operations)
 <LI><a href="#[199]">op_f32_Subtract_sr</a> from m3_compile.o(.text.op_f32_Subtract_sr) referenced from m3_compile.o(.rodata.c_operations)
 <LI><a href="#[19a]">op_f32_Subtract_ss</a> from m3_compile.o(.text.op_f32_Subtract_ss) referenced from m3_compile.o(.rodata.c_operations)
 <LI><a href="#[190]">op_f32_Trunc_r</a> from m3_compile.o(.text.op_f32_Trunc_r) referenced from m3_compile.o(.rodata.c_operations)
 <LI><a href="#[191]">op_f32_Trunc_s</a> from m3_compile.o(.text.op_f32_Trunc_s) referenced from m3_compile.o(.rodata.c_operations)
 <LI><a href="#[1a7]">op_f64_Abs_r</a> from m3_compile.o(.text.op_f64_Abs_r) referenced from m3_compile.o(.rodata.c_operations)
 <LI><a href="#[1a8]">op_f64_Abs_s</a> from m3_compile.o(.text.op_f64_Abs_s) referenced from m3_compile.o(.rodata.c_operations)
 <LI><a href="#[1b5]">op_f64_Add_rs</a> from m3_compile.o(.text.op_f64_Add_rs) referenced from m3_compile.o(.rodata.c_operations)
 <LI><a href="#[1b6]">op_f64_Add_ss</a> from m3_compile.o(.text.op_f64_Add_ss) referenced from m3_compile.o(.rodata.c_operations)
 <LI><a href="#[1ab]">op_f64_Ceil_r</a> from m3_compile.o(.text.op_f64_Ceil_r) referenced from m3_compile.o(.rodata.c_operations)
 <LI><a href="#[1ac]">op_f64_Ceil_s</a> from m3_compile.o(.text.op_f64_Ceil_s) referenced from m3_compile.o(.rodata.c_operations)
 <LI><a href="#[1ff]">op_f64_Convert_i32_r_r</a> from m3_compile.o(.text.op_f64_Convert_i32_r_r) referenced from m3_compile.o(.rodata.c_operations)
 <LI><a href="#[200]">op_f64_Convert_i32_r_s</a> from m3_compile.o(.text.op_f64_Convert_i32_r_s) referenced from m3_compile.o(.rodata.c_operations)
 <LI><a href="#[201]">op_f64_Convert_i32_s_r</a> from m3_compile.o(.text.op_f64_Convert_i32_s_r) referenced from m3_compile.o(.rodata.c_operations)
 <LI><a href="#[202]">op_f64_Convert_i32_s_s</a> from m3_compile.o(.text.op_f64_Convert_i32_s_s) referenced from m3_compile.o(.rodata.c_operations)
 <LI><a href="#[207]">op_f64_Convert_i64_r_r</a> from m3_compile.o(.text.op_f64_Convert_i64_r_r) referenced from m3_compile.o(.rodata.c_operations)
 <LI><a href="#[208]">op_f64_Convert_i64_r_s</a> from m3_compile.o(.text.op_f64_Convert_i64_r_s) referenced from m3_compile.o(.rodata.c_operations)
 <LI><a href="#[209]">op_f64_Convert_i64_s_r</a> from m3_compile.o(.text.op_f64_Convert_i64_s_r) referenced from m3_compile.o(.rodata.c_operations)
 <LI><a href="#[20a]">op_f64_Convert_i64_s_s</a> from m3_compile.o(.text.op_f64_Convert_i64_s_s) referenced from m3_compile.o(.rodata.c_operations)
 <LI><a href="#[203]">op_f64_Convert_u32_r_r</a> from m3_compile.o(.text.op_f64_Convert_u32_r_r) referenced from m3_compile.o(.rodata.c_operations)
 <LI><a href="#[204]">op_f64_Convert_u32_r_s</a> from m3_compile.o(.text.op_f64_Convert_u32_r_s) referenced from m3_compile.o(.rodata.c_operations)
 <LI><a href="#[205]">op_f64_Convert_u32_s_r</a> from m3_compile.o(.text.op_f64_Convert_u32_s_r) referenced from m3_compile.o(.rodata.c_operations)
 <LI><a href="#[206]">op_f64_Convert_u32_s_s</a> from m3_compile.o(.text.op_f64_Convert_u32_s_s) referenced from m3_compile.o(.rodata.c_operations)
 <LI><a href="#[20b]">op_f64_Convert_u64_r_r</a> from m3_compile.o(.text.op_f64_Convert_u64_r_r) referenced from m3_compile.o(.rodata.c_operations)
 <LI><a href="#[20c]">op_f64_Convert_u64_r_s</a> from m3_compile.o(.text.op_f64_Convert_u64_r_s) referenced from m3_compile.o(.rodata.c_operations)
 <LI><a href="#[20d]">op_f64_Convert_u64_s_r</a> from m3_compile.o(.text.op_f64_Convert_u64_s_r) referenced from m3_compile.o(.rodata.c_operations)
 <LI><a href="#[20e]">op_f64_Convert_u64_s_s</a> from m3_compile.o(.text.op_f64_Convert_u64_s_s) referenced from m3_compile.o(.rodata.c_operations)
 <LI><a href="#[1c3]">op_f64_CopySign_rs</a> from m3_compile.o(.text.op_f64_CopySign_rs) referenced from m3_compile.o(.rodata.c_operations)
 <LI><a href="#[1c4]">op_f64_CopySign_sr</a> from m3_compile.o(.text.op_f64_CopySign_sr) referenced from m3_compile.o(.rodata.c_operations)
 <LI><a href="#[1c5]">op_f64_CopySign_ss</a> from m3_compile.o(.text.op_f64_CopySign_ss) referenced from m3_compile.o(.rodata.c_operations)
 <LI><a href="#[1bc]">op_f64_Divide_rs</a> from m3_compile.o(.text.op_f64_Divide_rs) referenced from m3_compile.o(.rodata.c_operations)
 <LI><a href="#[1bd]">op_f64_Divide_sr</a> from m3_compile.o(.text.op_f64_Divide_sr) referenced from m3_compile.o(.rodata.c_operations)
 <LI><a href="#[1be]">op_f64_Divide_ss</a> from m3_compile.o(.text.op_f64_Divide_ss) referenced from m3_compile.o(.rodata.c_operations)
 <LI><a href="#[11c]">op_f64_Equal_rs</a> from m3_compile.o(.text.op_f64_Equal_rs) referenced from m3_compile.o(.rodata.c_operations)
 <LI><a href="#[11d]">op_f64_Equal_ss</a> from m3_compile.o(.text.op_f64_Equal_ss) referenced from m3_compile.o(.rodata.c_operations)
 <LI><a href="#[1ad]">op_f64_Floor_r</a> from m3_compile.o(.text.op_f64_Floor_r) referenced from m3_compile.o(.rodata.c_operations)
 <LI><a href="#[1ae]">op_f64_Floor_s</a> from m3_compile.o(.text.op_f64_Floor_s) referenced from m3_compile.o(.rodata.c_operations)
 <LI><a href="#[129]">op_f64_GreaterThanOrEqual_rs</a> from m3_compile.o(.text.op_f64_GreaterThanOrEqual_rs) referenced from m3_compile.o(.rodata.c_operations)
 <LI><a href="#[12a]">op_f64_GreaterThanOrEqual_sr</a> from m3_compile.o(.text.op_f64_GreaterThanOrEqual_sr) referenced from m3_compile.o(.rodata.c_operations)
 <LI><a href="#[12b]">op_f64_GreaterThanOrEqual_ss</a> from m3_compile.o(.text.op_f64_GreaterThanOrEqual_ss) referenced from m3_compile.o(.rodata.c_operations)
 <LI><a href="#[123]">op_f64_GreaterThan_rs</a> from m3_compile.o(.text.op_f64_GreaterThan_rs) referenced from m3_compile.o(.rodata.c_operations)
 <LI><a href="#[124]">op_f64_GreaterThan_sr</a> from m3_compile.o(.text.op_f64_GreaterThan_sr) referenced from m3_compile.o(.rodata.c_operations)
 <LI><a href="#[125]">op_f64_GreaterThan_ss</a> from m3_compile.o(.text.op_f64_GreaterThan_ss) referenced from m3_compile.o(.rodata.c_operations)
 <LI><a href="#[126]">op_f64_LessThanOrEqual_rs</a> from m3_compile.o(.text.op_f64_LessThanOrEqual_rs) referenced from m3_compile.o(.rodata.c_operations)
 <LI><a href="#[127]">op_f64_LessThanOrEqual_sr</a> from m3_compile.o(.text.op_f64_LessThanOrEqual_sr) referenced from m3_compile.o(.rodata.c_operations)
 <LI><a href="#[128]">op_f64_LessThanOrEqual_ss</a> from m3_compile.o(.text.op_f64_LessThanOrEqual_ss) referenced from m3_compile.o(.rodata.c_operations)
 <LI><a href="#[120]">op_f64_LessThan_rs</a> from m3_compile.o(.text.op_f64_LessThan_rs) referenced from m3_compile.o(.rodata.c_operations)
 <LI><a href="#[121]">op_f64_LessThan_sr</a> from m3_compile.o(.text.op_f64_LessThan_sr) referenced from m3_compile.o(.rodata.c_operations)
 <LI><a href="#[122]">op_f64_LessThan_ss</a> from m3_compile.o(.text.op_f64_LessThan_ss) referenced from m3_compile.o(.rodata.c_operations)
 <LI><a href="#[97]">op_f64_Load_f64_r</a> from m3_compile.o(.text.op_f64_Load_f64_r) referenced from m3_compile.o(.rodata.c_operations)
 <LI><a href="#[98]">op_f64_Load_f64_s</a> from m3_compile.o(.text.op_f64_Load_f64_s) referenced from m3_compile.o(.rodata.c_operations)
 <LI><a href="#[1c1]">op_f64_Max_rs</a> from m3_compile.o(.text.op_f64_Max_rs) referenced from m3_compile.o(.rodata.c_operations)
 <LI><a href="#[1c2]">op_f64_Max_ss</a> from m3_compile.o(.text.op_f64_Max_ss) referenced from m3_compile.o(.rodata.c_operations)
 <LI><a href="#[1bf]">op_f64_Min_rs</a> from m3_compile.o(.text.op_f64_Min_rs) referenced from m3_compile.o(.rodata.c_operations)
 <LI><a href="#[1c0]">op_f64_Min_ss</a> from m3_compile.o(.text.op_f64_Min_ss) referenced from m3_compile.o(.rodata.c_operations)
 <LI><a href="#[1ba]">op_f64_Multiply_rs</a> from m3_compile.o(.text.op_f64_Multiply_rs) referenced from m3_compile.o(.rodata.c_operations)
 <LI><a href="#[1bb]">op_f64_Multiply_ss</a> from m3_compile.o(.text.op_f64_Multiply_ss) referenced from m3_compile.o(.rodata.c_operations)
 <LI><a href="#[1b1]">op_f64_Nearest_r</a> from m3_compile.o(.text.op_f64_Nearest_r) referenced from m3_compile.o(.rodata.c_operations)
 <LI><a href="#[1b2]">op_f64_Nearest_s</a> from m3_compile.o(.text.op_f64_Nearest_s) referenced from m3_compile.o(.rodata.c_operations)
 <LI><a href="#[1a9]">op_f64_Negate_r</a> from m3_compile.o(.text.op_f64_Negate_r) referenced from m3_compile.o(.rodata.c_operations)
 <LI><a href="#[1aa]">op_f64_Negate_s</a> from m3_compile.o(.text.op_f64_Negate_s) referenced from m3_compile.o(.rodata.c_operations)
 <LI><a href="#[11e]">op_f64_NotEqual_rs</a> from m3_compile.o(.text.op_f64_NotEqual_rs) referenced from m3_compile.o(.rodata.c_operations)
 <LI><a href="#[11f]">op_f64_NotEqual_ss</a> from m3_compile.o(.text.op_f64_NotEqual_ss) referenced from m3_compile.o(.rodata.c_operations)
 <LI><a href="#[20f]">op_f64_Promote_f32_r</a> from m3_compile.o(.text.op_f64_Promote_f32_r) referenced from m3_compile.o(.rodata.c_operations)
 <LI><a href="#[210]">op_f64_Promote_f32_s</a> from m3_compile.o(.text.op_f64_Promote_f32_s) referenced from m3_compile.o(.rodata.c_operations)
 <LI><a href="#[21d]">op_f64_Reinterpret_i64_r_r</a> from m3_compile.o(.text.op_f64_Reinterpret_i64_r_r) referenced from m3_compile.o(.rodata.c_operations)
 <LI><a href="#[21e]">op_f64_Reinterpret_i64_r_s</a> from m3_compile.o(.text.op_f64_Reinterpret_i64_r_s) referenced from m3_compile.o(.rodata.c_operations)
 <LI><a href="#[21f]">op_f64_Reinterpret_i64_s_r</a> from m3_compile.o(.text.op_f64_Reinterpret_i64_s_r) referenced from m3_compile.o(.rodata.c_operations)
 <LI><a href="#[220]">op_f64_Reinterpret_i64_s_s</a> from m3_compile.o(.text.op_f64_Reinterpret_i64_s_s) referenced from m3_compile.o(.rodata.c_operations)
 <LI><a href="#[1b3]">op_f64_Sqrt_r</a> from m3_compile.o(.text.op_f64_Sqrt_r) referenced from m3_compile.o(.rodata.c_operations)
 <LI><a href="#[1b4]">op_f64_Sqrt_s</a> from m3_compile.o(.text.op_f64_Sqrt_s) referenced from m3_compile.o(.rodata.c_operations)
 <LI><a href="#[ba]">op_f64_Store_f64_rr</a> from m3_compile.o(.text.op_f64_Store_f64_rr) referenced from m3_compile.o(.rodata.c_operations)
 <LI><a href="#[b7]">op_f64_Store_f64_rs</a> from m3_compile.o(.text.op_f64_Store_f64_rs) referenced from m3_compile.o(.rodata.c_operations)
 <LI><a href="#[b8]">op_f64_Store_f64_sr</a> from m3_compile.o(.text.op_f64_Store_f64_sr) referenced from m3_compile.o(.rodata.c_operations)
 <LI><a href="#[b9]">op_f64_Store_f64_ss</a> from m3_compile.o(.text.op_f64_Store_f64_ss) referenced from m3_compile.o(.rodata.c_operations)
 <LI><a href="#[1b7]">op_f64_Subtract_rs</a> from m3_compile.o(.text.op_f64_Subtract_rs) referenced from m3_compile.o(.rodata.c_operations)
 <LI><a href="#[1b8]">op_f64_Subtract_sr</a> from m3_compile.o(.text.op_f64_Subtract_sr) referenced from m3_compile.o(.rodata.c_operations)
 <LI><a href="#[1b9]">op_f64_Subtract_ss</a> from m3_compile.o(.text.op_f64_Subtract_ss) referenced from m3_compile.o(.rodata.c_operations)
 <LI><a href="#[1af]">op_f64_Trunc_r</a> from m3_compile.o(.text.op_f64_Trunc_r) referenced from m3_compile.o(.rodata.c_operations)
 <LI><a href="#[1b0]">op_f64_Trunc_s</a> from m3_compile.o(.text.op_f64_Trunc_s) referenced from m3_compile.o(.rodata.c_operations)
 <LI><a href="#[132]">op_i32_Add_rs</a> from m3_compile.o(.text.op_i32_Add_rs) referenced from m3_compile.o(.rodata.c_operations)
 <LI><a href="#[133]">op_i32_Add_ss</a> from m3_compile.o(.text.op_i32_Add_ss) referenced from m3_compile.o(.rodata.c_operations)
 <LI><a href="#[139]">op_i32_Divide_rs</a> from m3_compile.o(.text.op_i32_Divide_rs) referenced from m3_compile.o(.rodata.c_operations)
 <LI><a href="#[13a]">op_i32_Divide_sr</a> from m3_compile.o(.text.op_i32_Divide_sr) referenced from m3_compile.o(.rodata.c_operations)
 <LI><a href="#[13b]">op_i32_Divide_ss</a> from m3_compile.o(.text.op_i32_Divide_ss) referenced from m3_compile.o(.rodata.c_operations)
 <LI><a href="#[d0]">op_i32_EqualToZero_r</a> from m3_compile.o(.text.op_i32_EqualToZero_r) referenced from m3_compile.o(.rodata.c_operations)
 <LI><a href="#[d1]">op_i32_EqualToZero_s</a> from m3_compile.o(.text.op_i32_EqualToZero_s) referenced from m3_compile.o(.rodata.c_operations)
 <LI><a href="#[d2]">op_i32_Equal_rs</a> from m3_compile.o(.text.op_i32_Equal_rs) referenced from m3_compile.o(.rodata.c_operations)
 <LI><a href="#[d3]">op_i32_Equal_ss</a> from m3_compile.o(.text.op_i32_Equal_ss) referenced from m3_compile.o(.rodata.c_operations)
 <LI><a href="#[223]">op_i32_Extend16_s_r</a> from m3_compile.o(.text.op_i32_Extend16_s_r) referenced from m3_compile.o(.rodata.c_operations)
 <LI><a href="#[224]">op_i32_Extend16_s_s</a> from m3_compile.o(.text.op_i32_Extend16_s_s) referenced from m3_compile.o(.rodata.c_operations)
 <LI><a href="#[221]">op_i32_Extend8_s_r</a> from m3_compile.o(.text.op_i32_Extend8_s_r) referenced from m3_compile.o(.rodata.c_operations)
 <LI><a href="#[222]">op_i32_Extend8_s_s</a> from m3_compile.o(.text.op_i32_Extend8_s_s) referenced from m3_compile.o(.rodata.c_operations)
 <LI><a href="#[e8]">op_i32_GreaterThanOrEqual_rs</a> from m3_compile.o(.text.op_i32_GreaterThanOrEqual_rs) referenced from m3_compile.o(.rodata.c_operations)
 <LI><a href="#[e9]">op_i32_GreaterThanOrEqual_sr</a> from m3_compile.o(.text.op_i32_GreaterThanOrEqual_sr) referenced from m3_compile.o(.rodata.c_operations)
 <LI><a href="#[ea]">op_i32_GreaterThanOrEqual_ss</a> from m3_compile.o(.text.op_i32_GreaterThanOrEqual_ss) referenced from m3_compile.o(.rodata.c_operations)
 <LI><a href="#[dc]">op_i32_GreaterThan_rs</a> from m3_compile.o(.text.op_i32_GreaterThan_rs) referenced from m3_compile.o(.rodata.c_operations)
 <LI><a href="#[dd]">op_i32_GreaterThan_sr</a> from m3_compile.o(.text.op_i32_GreaterThan_sr) referenced from m3_compile.o(.rodata.c_operations)
 <LI><a href="#[de]">op_i32_GreaterThan_ss</a> from m3_compile.o(.text.op_i32_GreaterThan_ss) referenced from m3_compile.o(.rodata.c_operations)
 <LI><a href="#[e2]">op_i32_LessThanOrEqual_rs</a> from m3_compile.o(.text.op_i32_LessThanOrEqual_rs) referenced from m3_compile.o(.rodata.c_operations)
 <LI><a href="#[e3]">op_i32_LessThanOrEqual_sr</a> from m3_compile.o(.text.op_i32_LessThanOrEqual_sr) referenced from m3_compile.o(.rodata.c_operations)
 <LI><a href="#[e4]">op_i32_LessThanOrEqual_ss</a> from m3_compile.o(.text.op_i32_LessThanOrEqual_ss) referenced from m3_compile.o(.rodata.c_operations)
 <LI><a href="#[d6]">op_i32_LessThan_rs</a> from m3_compile.o(.text.op_i32_LessThan_rs) referenced from m3_compile.o(.rodata.c_operations)
 <LI><a href="#[d7]">op_i32_LessThan_sr</a> from m3_compile.o(.text.op_i32_LessThan_sr) referenced from m3_compile.o(.rodata.c_operations)
 <LI><a href="#[d8]">op_i32_LessThan_ss</a> from m3_compile.o(.text.op_i32_LessThan_ss) referenced from m3_compile.o(.rodata.c_operations)
 <LI><a href="#[9d]">op_i32_Load_i16_r</a> from m3_compile.o(.text.op_i32_Load_i16_r) referenced from m3_compile.o(.rodata.c_operations)
 <LI><a href="#[9e]">op_i32_Load_i16_s</a> from m3_compile.o(.text.op_i32_Load_i16_s) referenced from m3_compile.o(.rodata.c_operations)
 <LI><a href="#[90]">op_i32_Load_i32_r</a> from m3_compile.o(.text.op_i32_Load_i32_r) referenced from m3_compile.o(.rodata.c_operations)
 <LI><a href="#[91]">op_i32_Load_i32_s</a> from m3_compile.o(.text.op_i32_Load_i32_s) referenced from m3_compile.o(.rodata.c_operations)
 <LI><a href="#[99]">op_i32_Load_i8_r</a> from m3_compile.o(.text.op_i32_Load_i8_r) referenced from m3_compile.o(.rodata.c_operations)
 <LI><a href="#[9a]">op_i32_Load_i8_s</a> from m3_compile.o(.text.op_i32_Load_i8_s) referenced from m3_compile.o(.rodata.c_operations)
 <LI><a href="#[9f]">op_i32_Load_u16_r</a> from m3_compile.o(.text.op_i32_Load_u16_r) referenced from m3_compile.o(.rodata.c_operations)
 <LI><a href="#[a0]">op_i32_Load_u16_s</a> from m3_compile.o(.text.op_i32_Load_u16_s) referenced from m3_compile.o(.rodata.c_operations)
 <LI><a href="#[9b]">op_i32_Load_u8_r</a> from m3_compile.o(.text.op_i32_Load_u8_r) referenced from m3_compile.o(.rodata.c_operations)
 <LI><a href="#[9c]">op_i32_Load_u8_s</a> from m3_compile.o(.text.op_i32_Load_u8_s) referenced from m3_compile.o(.rodata.c_operations)
 <LI><a href="#[137]">op_i32_Multiply_rs</a> from m3_compile.o(.text.op_i32_Multiply_rs) referenced from m3_compile.o(.rodata.c_operations)
 <LI><a href="#[138]">op_i32_Multiply_ss</a> from m3_compile.o(.text.op_i32_Multiply_ss) referenced from m3_compile.o(.rodata.c_operations)
 <LI><a href="#[d4]">op_i32_NotEqual_rs</a> from m3_compile.o(.text.op_i32_NotEqual_rs) referenced from m3_compile.o(.rodata.c_operations)
 <LI><a href="#[d5]">op_i32_NotEqual_ss</a> from m3_compile.o(.text.op_i32_NotEqual_ss) referenced from m3_compile.o(.rodata.c_operations)
 <LI><a href="#[211]">op_i32_Reinterpret_f32_r_r</a> from m3_compile.o(.text.op_i32_Reinterpret_f32_r_r) referenced from m3_compile.o(.rodata.c_operations)
 <LI><a href="#[212]">op_i32_Reinterpret_f32_r_s</a> from m3_compile.o(.text.op_i32_Reinterpret_f32_r_s) referenced from m3_compile.o(.rodata.c_operations)
 <LI><a href="#[213]">op_i32_Reinterpret_f32_s_r</a> from m3_compile.o(.text.op_i32_Reinterpret_f32_s_r) referenced from m3_compile.o(.rodata.c_operations)
 <LI><a href="#[214]">op_i32_Reinterpret_f32_s_s</a> from m3_compile.o(.text.op_i32_Reinterpret_f32_s_s) referenced from m3_compile.o(.rodata.c_operations)
 <LI><a href="#[13f]">op_i32_Remainder_rs</a> from m3_compile.o(.text.op_i32_Remainder_rs) referenced from m3_compile.o(.rodata.c_operations)
 <LI><a href="#[140]">op_i32_Remainder_sr</a> from m3_compile.o(.text.op_i32_Remainder_sr) referenced from m3_compile.o(.rodata.c_operations)
 <LI><a href="#[141]">op_i32_Remainder_ss</a> from m3_compile.o(.text.op_i32_Remainder_ss) referenced from m3_compile.o(.rodata.c_operations)
 <LI><a href="#[14e]">op_i32_ShiftRight_rs</a> from m3_compile.o(.text.op_i32_ShiftRight_rs) referenced from m3_compile.o(.rodata.c_operations)
 <LI><a href="#[14f]">op_i32_ShiftRight_sr</a> from m3_compile.o(.text.op_i32_ShiftRight_sr) referenced from m3_compile.o(.rodata.c_operations)
 <LI><a href="#[150]">op_i32_ShiftRight_ss</a> from m3_compile.o(.text.op_i32_ShiftRight_ss) referenced from m3_compile.o(.rodata.c_operations)
 <LI><a href="#[be]">op_i32_Store_i16_rs</a> from m3_compile.o(.text.op_i32_Store_i16_rs) referenced from m3_compile.o(.rodata.c_operations)
 <LI><a href="#[bf]">op_i32_Store_i16_sr</a> from m3_compile.o(.text.op_i32_Store_i16_sr) referenced from m3_compile.o(.rodata.c_operations)
 <LI><a href="#[c0]">op_i32_Store_i16_ss</a> from m3_compile.o(.text.op_i32_Store_i16_ss) referenced from m3_compile.o(.rodata.c_operations)
 <LI><a href="#[ad]">op_i32_Store_i32_rs</a> from m3_compile.o(.text.op_i32_Store_i32_rs) referenced from m3_compile.o(.rodata.c_operations)
 <LI><a href="#[ae]">op_i32_Store_i32_sr</a> from m3_compile.o(.text.op_i32_Store_i32_sr) referenced from m3_compile.o(.rodata.c_operations)
 <LI><a href="#[af]">op_i32_Store_i32_ss</a> from m3_compile.o(.text.op_i32_Store_i32_ss) referenced from m3_compile.o(.rodata.c_operations)
 <LI><a href="#[bb]">op_i32_Store_u8_rs</a> from m3_compile.o(.text.op_i32_Store_u8_rs) referenced from m3_compile.o(.rodata.c_operations)
 <LI><a href="#[bc]">op_i32_Store_u8_sr</a> from m3_compile.o(.text.op_i32_Store_u8_sr) referenced from m3_compile.o(.rodata.c_operations)
 <LI><a href="#[bd]">op_i32_Store_u8_ss</a> from m3_compile.o(.text.op_i32_Store_u8_ss) referenced from m3_compile.o(.rodata.c_operations)
 <LI><a href="#[134]">op_i32_Subtract_rs</a> from m3_compile.o(.text.op_i32_Subtract_rs) referenced from m3_compile.o(.rodata.c_operations)
 <LI><a href="#[135]">op_i32_Subtract_sr</a> from m3_compile.o(.text.op_i32_Subtract_sr) referenced from m3_compile.o(.rodata.c_operations)
 <LI><a href="#[136]">op_i32_Subtract_ss</a> from m3_compile.o(.text.op_i32_Subtract_ss) referenced from m3_compile.o(.rodata.c_operations)
 <LI><a href="#[22c]">op_i32_TruncSat_f32_r_r</a> from m3_compile.o(.text.op_i32_TruncSat_f32_r_r) referenced from m3_compile.o(.rodata.c_operationsFC)
 <LI><a href="#[22d]">op_i32_TruncSat_f32_r_s</a> from m3_compile.o(.text.op_i32_TruncSat_f32_r_s) referenced from m3_compile.o(.rodata.c_operationsFC)
 <LI><a href="#[22e]">op_i32_TruncSat_f32_s_r</a> from m3_compile.o(.text.op_i32_TruncSat_f32_s_r) referenced from m3_compile.o(.rodata.c_operationsFC)
 <LI><a href="#[22f]">op_i32_TruncSat_f32_s_s</a> from m3_compile.o(.text.op_i32_TruncSat_f32_s_s) referenced from m3_compile.o(.rodata.c_operationsFC)
 <LI><a href="#[234]">op_i32_TruncSat_f64_r_r</a> from m3_compile.o(.text.op_i32_TruncSat_f64_r_r) referenced from m3_compile.o(.rodata.c_operationsFC)
 <LI><a href="#[235]">op_i32_TruncSat_f64_r_s</a> from m3_compile.o(.text.op_i32_TruncSat_f64_r_s) referenced from m3_compile.o(.rodata.c_operationsFC)
 <LI><a href="#[236]">op_i32_TruncSat_f64_s_r</a> from m3_compile.o(.text.op_i32_TruncSat_f64_s_r) referenced from m3_compile.o(.rodata.c_operationsFC)
 <LI><a href="#[237]">op_i32_TruncSat_f64_s_s</a> from m3_compile.o(.text.op_i32_TruncSat_f64_s_s) referenced from m3_compile.o(.rodata.c_operationsFC)
 <LI><a href="#[1c8]">op_i32_Trunc_f32_r_r</a> from m3_compile.o(.text.op_i32_Trunc_f32_r_r) referenced from m3_compile.o(.rodata.c_operations)
 <LI><a href="#[1c9]">op_i32_Trunc_f32_r_s</a> from m3_compile.o(.text.op_i32_Trunc_f32_r_s) referenced from m3_compile.o(.rodata.c_operations)
 <LI><a href="#[1ca]">op_i32_Trunc_f32_s_r</a> from m3_compile.o(.text.op_i32_Trunc_f32_s_r) referenced from m3_compile.o(.rodata.c_operations)
 <LI><a href="#[1cb]">op_i32_Trunc_f32_s_s</a> from m3_compile.o(.text.op_i32_Trunc_f32_s_s) referenced from m3_compile.o(.rodata.c_operations)
 <LI><a href="#[1d1]">op_i32_Trunc_f64_r_r</a> from m3_compile.o(.text.op_i32_Trunc_f64_r_r) referenced from m3_compile.o(.rodata.c_operations)
 <LI><a href="#[1d2]">op_i32_Trunc_f64_r_s</a> from m3_compile.o(.text.op_i32_Trunc_f64_r_s) referenced from m3_compile.o(.rodata.c_operations)
 <LI><a href="#[1d3]">op_i32_Trunc_f64_s_r</a> from m3_compile.o(.text.op_i32_Trunc_f64_s_r) referenced from m3_compile.o(.rodata.c_operations)
 <LI><a href="#[1d4]">op_i32_Trunc_f64_s_s</a> from m3_compile.o(.text.op_i32_Trunc_f64_s_s) referenced from m3_compile.o(.rodata.c_operations)
 <LI><a href="#[1c6]">op_i32_Wrap_i64_r</a> from m3_compile.o(.text.op_i32_Wrap_i64_r) referenced from m3_compile.o(.rodata.c_operations)
 <LI><a href="#[1c7]">op_i32_Wrap_i64_s</a> from m3_compile.o(.text.op_i32_Wrap_i64_s) referenced from m3_compile.o(.rodata.c_operations)
 <LI><a href="#[160]">op_i64_Add_rs</a> from m3_compile.o(.text.op_i64_Add_rs) referenced from m3_compile.o(.rodata.c_operations)
 <LI><a href="#[161]">op_i64_Add_ss</a> from m3_compile.o(.text.op_i64_Add_ss) referenced from m3_compile.o(.rodata.c_operations)
 <LI><a href="#[167]">op_i64_Divide_rs</a> from m3_compile.o(.text.op_i64_Divide_rs) referenced from m3_compile.o(.rodata.c_operations)
 <LI><a href="#[168]">op_i64_Divide_sr</a> from m3_compile.o(.text.op_i64_Divide_sr) referenced from m3_compile.o(.rodata.c_operations)
 <LI><a href="#[169]">op_i64_Divide_ss</a> from m3_compile.o(.text.op_i64_Divide_ss) referenced from m3_compile.o(.rodata.c_operations)
 <LI><a href="#[ee]">op_i64_EqualToZero_r</a> from m3_compile.o(.text.op_i64_EqualToZero_r) referenced from m3_compile.o(.rodata.c_operations)
 <LI><a href="#[ef]">op_i64_EqualToZero_s</a> from m3_compile.o(.text.op_i64_EqualToZero_s) referenced from m3_compile.o(.rodata.c_operations)
 <LI><a href="#[f0]">op_i64_Equal_rs</a> from m3_compile.o(.text.op_i64_Equal_rs) referenced from m3_compile.o(.rodata.c_operations)
 <LI><a href="#[f1]">op_i64_Equal_ss</a> from m3_compile.o(.text.op_i64_Equal_ss) referenced from m3_compile.o(.rodata.c_operations)
 <LI><a href="#[227]">op_i64_Extend16_s_r</a> from m3_compile.o(.text.op_i64_Extend16_s_r) referenced from m3_compile.o(.rodata.c_operations)
 <LI><a href="#[228]">op_i64_Extend16_s_s</a> from m3_compile.o(.text.op_i64_Extend16_s_s) referenced from m3_compile.o(.rodata.c_operations)
 <LI><a href="#[229]">op_i64_Extend32_s_r</a> from m3_compile.o(.text.op_i64_Extend32_s_r) referenced from m3_compile.o(.rodata.c_operations)
 <LI><a href="#[22a]">op_i64_Extend32_s_s</a> from m3_compile.o(.text.op_i64_Extend32_s_s) referenced from m3_compile.o(.rodata.c_operations)
 <LI><a href="#[225]">op_i64_Extend8_s_r</a> from m3_compile.o(.text.op_i64_Extend8_s_r) referenced from m3_compile.o(.rodata.c_operations)
 <LI><a href="#[226]">op_i64_Extend8_s_s</a> from m3_compile.o(.text.op_i64_Extend8_s_s) referenced from m3_compile.o(.rodata.c_operations)
 <LI><a href="#[1d9]">op_i64_Extend_i32_r</a> from m3_compile.o(.text.op_i64_Extend_i32_r) referenced from m3_compile.o(.rodata.c_operations)
 <LI><a href="#[1da]">op_i64_Extend_i32_s</a> from m3_compile.o(.text.op_i64_Extend_i32_s) referenced from m3_compile.o(.rodata.c_operations)
 <LI><a href="#[1db]">op_i64_Extend_u32_r</a> from m3_compile.o(.text.op_i64_Extend_u32_r) referenced from m3_compile.o(.rodata.c_operations)
 <LI><a href="#[1dc]">op_i64_Extend_u32_s</a> from m3_compile.o(.text.op_i64_Extend_u32_s) referenced from m3_compile.o(.rodata.c_operations)
 <LI><a href="#[106]">op_i64_GreaterThanOrEqual_rs</a> from m3_compile.o(.text.op_i64_GreaterThanOrEqual_rs) referenced from m3_compile.o(.rodata.c_operations)
 <LI><a href="#[107]">op_i64_GreaterThanOrEqual_sr</a> from m3_compile.o(.text.op_i64_GreaterThanOrEqual_sr) referenced from m3_compile.o(.rodata.c_operations)
 <LI><a href="#[108]">op_i64_GreaterThanOrEqual_ss</a> from m3_compile.o(.text.op_i64_GreaterThanOrEqual_ss) referenced from m3_compile.o(.rodata.c_operations)
 <LI><a href="#[fa]">op_i64_GreaterThan_rs</a> from m3_compile.o(.text.op_i64_GreaterThan_rs) referenced from m3_compile.o(.rodata.c_operations)
 <LI><a href="#[fb]">op_i64_GreaterThan_sr</a> from m3_compile.o(.text.op_i64_GreaterThan_sr) referenced from m3_compile.o(.rodata.c_operations)
 <LI><a href="#[fc]">op_i64_GreaterThan_ss</a> from m3_compile.o(.text.op_i64_GreaterThan_ss) referenced from m3_compile.o(.rodata.c_operations)
 <LI><a href="#[100]">op_i64_LessThanOrEqual_rs</a> from m3_compile.o(.text.op_i64_LessThanOrEqual_rs) referenced from m3_compile.o(.rodata.c_operations)
 <LI><a href="#[101]">op_i64_LessThanOrEqual_sr</a> from m3_compile.o(.text.op_i64_LessThanOrEqual_sr) referenced from m3_compile.o(.rodata.c_operations)
 <LI><a href="#[102]">op_i64_LessThanOrEqual_ss</a> from m3_compile.o(.text.op_i64_LessThanOrEqual_ss) referenced from m3_compile.o(.rodata.c_operations)
 <LI><a href="#[f4]">op_i64_LessThan_rs</a> from m3_compile.o(.text.op_i64_LessThan_rs) referenced from m3_compile.o(.rodata.c_operations)
 <LI><a href="#[f5]">op_i64_LessThan_sr</a> from m3_compile.o(.text.op_i64_LessThan_sr) referenced from m3_compile.o(.rodata.c_operations)
 <LI><a href="#[f6]">op_i64_LessThan_ss</a> from m3_compile.o(.text.op_i64_LessThan_ss) referenced from m3_compile.o(.rodata.c_operations)
 <LI><a href="#[a5]">op_i64_Load_i16_r</a> from m3_compile.o(.text.op_i64_Load_i16_r) referenced from m3_compile.o(.rodata.c_operations)
 <LI><a href="#[a6]">op_i64_Load_i16_s</a> from m3_compile.o(.text.op_i64_Load_i16_s) referenced from m3_compile.o(.rodata.c_operations)
 <LI><a href="#[a9]">op_i64_Load_i32_r</a> from m3_compile.o(.text.op_i64_Load_i32_r) referenced from m3_compile.o(.rodata.c_operations)
 <LI><a href="#[aa]">op_i64_Load_i32_s</a> from m3_compile.o(.text.op_i64_Load_i32_s) referenced from m3_compile.o(.rodata.c_operations)
 <LI><a href="#[93]">op_i64_Load_i64_r</a> from m3_compile.o(.text.op_i64_Load_i64_r) referenced from m3_compile.o(.rodata.c_operations)
 <LI><a href="#[94]">op_i64_Load_i64_s</a> from m3_compile.o(.text.op_i64_Load_i64_s) referenced from m3_compile.o(.rodata.c_operations)
 <LI><a href="#[a1]">op_i64_Load_i8_r</a> from m3_compile.o(.text.op_i64_Load_i8_r) referenced from m3_compile.o(.rodata.c_operations)
 <LI><a href="#[a2]">op_i64_Load_i8_s</a> from m3_compile.o(.text.op_i64_Load_i8_s) referenced from m3_compile.o(.rodata.c_operations)
 <LI><a href="#[a7]">op_i64_Load_u16_r</a> from m3_compile.o(.text.op_i64_Load_u16_r) referenced from m3_compile.o(.rodata.c_operations)
 <LI><a href="#[a8]">op_i64_Load_u16_s</a> from m3_compile.o(.text.op_i64_Load_u16_s) referenced from m3_compile.o(.rodata.c_operations)
 <LI><a href="#[ab]">op_i64_Load_u32_r</a> from m3_compile.o(.text.op_i64_Load_u32_r) referenced from m3_compile.o(.rodata.c_operations)
 <LI><a href="#[ac]">op_i64_Load_u32_s</a> from m3_compile.o(.text.op_i64_Load_u32_s) referenced from m3_compile.o(.rodata.c_operations)
 <LI><a href="#[a3]">op_i64_Load_u8_r</a> from m3_compile.o(.text.op_i64_Load_u8_r) referenced from m3_compile.o(.rodata.c_operations)
 <LI><a href="#[a4]">op_i64_Load_u8_s</a> from m3_compile.o(.text.op_i64_Load_u8_s) referenced from m3_compile.o(.rodata.c_operations)
 <LI><a href="#[165]">op_i64_Multiply_rs</a> from m3_compile.o(.text.op_i64_Multiply_rs) referenced from m3_compile.o(.rodata.c_operations)
 <LI><a href="#[166]">op_i64_Multiply_ss</a> from m3_compile.o(.text.op_i64_Multiply_ss) referenced from m3_compile.o(.rodata.c_operations)
 <LI><a href="#[f2]">op_i64_NotEqual_rs</a> from m3_compile.o(.text.op_i64_NotEqual_rs) referenced from m3_compile.o(.rodata.c_operations)
 <LI><a href="#[f3]">op_i64_NotEqual_ss</a> from m3_compile.o(.text.op_i64_NotEqual_ss) referenced from m3_compile.o(.rodata.c_operations)
 <LI><a href="#[215]">op_i64_Reinterpret_f64_r_r</a> from m3_compile.o(.text.op_i64_Reinterpret_f64_r_r) referenced from m3_compile.o(.rodata.c_operations)
 <LI><a href="#[216]">op_i64_Reinterpret_f64_r_s</a> from m3_compile.o(.text.op_i64_Reinterpret_f64_r_s) referenced from m3_compile.o(.rodata.c_operations)
 <LI><a href="#[217]">op_i64_Reinterpret_f64_s_r</a> from m3_compile.o(.text.op_i64_Reinterpret_f64_s_r) referenced from m3_compile.o(.rodata.c_operations)
 <LI><a href="#[218]">op_i64_Reinterpret_f64_s_s</a> from m3_compile.o(.text.op_i64_Reinterpret_f64_s_s) referenced from m3_compile.o(.rodata.c_operations)
 <LI><a href="#[16d]">op_i64_Remainder_rs</a> from m3_compile.o(.text.op_i64_Remainder_rs) referenced from m3_compile.o(.rodata.c_operations)
 <LI><a href="#[16e]">op_i64_Remainder_sr</a> from m3_compile.o(.text.op_i64_Remainder_sr) referenced from m3_compile.o(.rodata.c_operations)
 <LI><a href="#[16f]">op_i64_Remainder_ss</a> from m3_compile.o(.text.op_i64_Remainder_ss) referenced from m3_compile.o(.rodata.c_operations)
 <LI><a href="#[17c]">op_i64_ShiftRight_rs</a> from m3_compile.o(.text.op_i64_ShiftRight_rs) referenced from m3_compile.o(.rodata.c_operations)
 <LI><a href="#[17d]">op_i64_ShiftRight_sr</a> from m3_compile.o(.text.op_i64_ShiftRight_sr) referenced from m3_compile.o(.rodata.c_operations)
 <LI><a href="#[17e]">op_i64_ShiftRight_ss</a> from m3_compile.o(.text.op_i64_ShiftRight_ss) referenced from m3_compile.o(.rodata.c_operations)
 <LI><a href="#[c4]">op_i64_Store_i16_rs</a> from m3_compile.o(.text.op_i64_Store_i16_rs) referenced from m3_compile.o(.rodata.c_operations)
 <LI><a href="#[c5]">op_i64_Store_i16_sr</a> from m3_compile.o(.text.op_i64_Store_i16_sr) referenced from m3_compile.o(.rodata.c_operations)
 <LI><a href="#[c6]">op_i64_Store_i16_ss</a> from m3_compile.o(.text.op_i64_Store_i16_ss) referenced from m3_compile.o(.rodata.c_operations)
 <LI><a href="#[c7]">op_i64_Store_i32_rs</a> from m3_compile.o(.text.op_i64_Store_i32_rs) referenced from m3_compile.o(.rodata.c_operations)
 <LI><a href="#[c8]">op_i64_Store_i32_sr</a> from m3_compile.o(.text.op_i64_Store_i32_sr) referenced from m3_compile.o(.rodata.c_operations)
 <LI><a href="#[c9]">op_i64_Store_i32_ss</a> from m3_compile.o(.text.op_i64_Store_i32_ss) referenced from m3_compile.o(.rodata.c_operations)
 <LI><a href="#[b0]">op_i64_Store_i64_rs</a> from m3_compile.o(.text.op_i64_Store_i64_rs) referenced from m3_compile.o(.rodata.c_operations)
 <LI><a href="#[b1]">op_i64_Store_i64_sr</a> from m3_compile.o(.text.op_i64_Store_i64_sr) referenced from m3_compile.o(.rodata.c_operations)
 <LI><a href="#[b2]">op_i64_Store_i64_ss</a> from m3_compile.o(.text.op_i64_Store_i64_ss) referenced from m3_compile.o(.rodata.c_operations)
 <LI><a href="#[c1]">op_i64_Store_u8_rs</a> from m3_compile.o(.text.op_i64_Store_u8_rs) referenced from m3_compile.o(.rodata.c_operations)
 <LI><a href="#[c2]">op_i64_Store_u8_sr</a> from m3_compile.o(.text.op_i64_Store_u8_sr) referenced from m3_compile.o(.rodata.c_operations)
 <LI><a href="#[c3]">op_i64_Store_u8_ss</a> from m3_compile.o(.text.op_i64_Store_u8_ss) referenced from m3_compile.o(.rodata.c_operations)
 <LI><a href="#[162]">op_i64_Subtract_rs</a> from m3_compile.o(.text.op_i64_Subtract_rs) referenced from m3_compile.o(.rodata.c_operations)
 <LI><a href="#[163]">op_i64_Subtract_sr</a> from m3_compile.o(.text.op_i64_Subtract_sr) referenced from m3_compile.o(.rodata.c_operations)
 <LI><a href="#[164]">op_i64_Subtract_ss</a> from m3_compile.o(.text.op_i64_Subtract_ss) referenced from m3_compile.o(.rodata.c_operations)
 <LI><a href="#[23c]">op_i64_TruncSat_f32_r_r</a> from m3_compile.o(.text.op_i64_TruncSat_f32_r_r) referenced from m3_compile.o(.rodata.c_operationsFC)
 <LI><a href="#[23d]">op_i64_TruncSat_f32_r_s</a> from m3_compile.o(.text.op_i64_TruncSat_f32_r_s) referenced from m3_compile.o(.rodata.c_operationsFC)
 <LI><a href="#[23e]">op_i64_TruncSat_f32_s_r</a> from m3_compile.o(.text.op_i64_TruncSat_f32_s_r) referenced from m3_compile.o(.rodata.c_operationsFC)
 <LI><a href="#[23f]">op_i64_TruncSat_f32_s_s</a> from m3_compile.o(.text.op_i64_TruncSat_f32_s_s) referenced from m3_compile.o(.rodata.c_operationsFC)
 <LI><a href="#[244]">op_i64_TruncSat_f64_r_r</a> from m3_compile.o(.text.op_i64_TruncSat_f64_r_r) referenced from m3_compile.o(.rodata.c_operationsFC)
 <LI><a href="#[245]">op_i64_TruncSat_f64_r_s</a> from m3_compile.o(.text.op_i64_TruncSat_f64_r_s) referenced from m3_compile.o(.rodata.c_operationsFC)
 <LI><a href="#[246]">op_i64_TruncSat_f64_s_r</a> from m3_compile.o(.text.op_i64_TruncSat_f64_s_r) referenced from m3_compile.o(.rodata.c_operationsFC)
 <LI><a href="#[247]">op_i64_TruncSat_f64_s_s</a> from m3_compile.o(.text.op_i64_TruncSat_f64_s_s) referenced from m3_compile.o(.rodata.c_operationsFC)
 <LI><a href="#[1dd]">op_i64_Trunc_f32_r_r</a> from m3_compile.o(.text.op_i64_Trunc_f32_r_r) referenced from m3_compile.o(.rodata.c_operations)
 <LI><a href="#[1de]">op_i64_Trunc_f32_r_s</a> from m3_compile.o(.text.op_i64_Trunc_f32_r_s) referenced from m3_compile.o(.rodata.c_operations)
 <LI><a href="#[1df]">op_i64_Trunc_f32_s_r</a> from m3_compile.o(.text.op_i64_Trunc_f32_s_r) referenced from m3_compile.o(.rodata.c_operations)
 <LI><a href="#[1e0]">op_i64_Trunc_f32_s_s</a> from m3_compile.o(.text.op_i64_Trunc_f32_s_s) referenced from m3_compile.o(.rodata.c_operations)
 <LI><a href="#[1e5]">op_i64_Trunc_f64_r_r</a> from m3_compile.o(.text.op_i64_Trunc_f64_r_r) referenced from m3_compile.o(.rodata.c_operations)
 <LI><a href="#[1e6]">op_i64_Trunc_f64_r_s</a> from m3_compile.o(.text.op_i64_Trunc_f64_r_s) referenced from m3_compile.o(.rodata.c_operations)
 <LI><a href="#[1e7]">op_i64_Trunc_f64_s_r</a> from m3_compile.o(.text.op_i64_Trunc_f64_s_r) referenced from m3_compile.o(.rodata.c_operations)
 <LI><a href="#[1e8]">op_i64_Trunc_f64_s_s</a> from m3_compile.o(.text.op_i64_Trunc_f64_s_s) referenced from m3_compile.o(.rodata.c_operations)
 <LI><a href="#[145]">op_u32_And_rs</a> from m3_compile.o(.text.op_u32_And_rs) referenced from m3_compile.o(.rodata.c_operations)
 <LI><a href="#[146]">op_u32_And_ss</a> from m3_compile.o(.text.op_u32_And_ss) referenced from m3_compile.o(.rodata.c_operations)
 <LI><a href="#[12c]">op_u32_Clz_r</a> from m3_compile.o(.text.op_u32_Clz_r) referenced from m3_compile.o(.rodata.c_operations)
 <LI><a href="#[12d]">op_u32_Clz_s</a> from m3_compile.o(.text.op_u32_Clz_s) referenced from m3_compile.o(.rodata.c_operations)
 <LI><a href="#[12e]">op_u32_Ctz_r</a> from m3_compile.o(.text.op_u32_Ctz_r) referenced from m3_compile.o(.rodata.c_operations)
 <LI><a href="#[12f]">op_u32_Ctz_s</a> from m3_compile.o(.text.op_u32_Ctz_s) referenced from m3_compile.o(.rodata.c_operations)
 <LI><a href="#[13c]">op_u32_Divide_rs</a> from m3_compile.o(.text.op_u32_Divide_rs) referenced from m3_compile.o(.rodata.c_operations)
 <LI><a href="#[13d]">op_u32_Divide_sr</a> from m3_compile.o(.text.op_u32_Divide_sr) referenced from m3_compile.o(.rodata.c_operations)
 <LI><a href="#[13e]">op_u32_Divide_ss</a> from m3_compile.o(.text.op_u32_Divide_ss) referenced from m3_compile.o(.rodata.c_operations)
 <LI><a href="#[eb]">op_u32_GreaterThanOrEqual_rs</a> from m3_compile.o(.text.op_u32_GreaterThanOrEqual_rs) referenced from m3_compile.o(.rodata.c_operations)
 <LI><a href="#[ec]">op_u32_GreaterThanOrEqual_sr</a> from m3_compile.o(.text.op_u32_GreaterThanOrEqual_sr) referenced from m3_compile.o(.rodata.c_operations)
 <LI><a href="#[ed]">op_u32_GreaterThanOrEqual_ss</a> from m3_compile.o(.text.op_u32_GreaterThanOrEqual_ss) referenced from m3_compile.o(.rodata.c_operations)
 <LI><a href="#[df]">op_u32_GreaterThan_rs</a> from m3_compile.o(.text.op_u32_GreaterThan_rs) referenced from m3_compile.o(.rodata.c_operations)
 <LI><a href="#[e0]">op_u32_GreaterThan_sr</a> from m3_compile.o(.text.op_u32_GreaterThan_sr) referenced from m3_compile.o(.rodata.c_operations)
 <LI><a href="#[e1]">op_u32_GreaterThan_ss</a> from m3_compile.o(.text.op_u32_GreaterThan_ss) referenced from m3_compile.o(.rodata.c_operations)
 <LI><a href="#[e5]">op_u32_LessThanOrEqual_rs</a> from m3_compile.o(.text.op_u32_LessThanOrEqual_rs) referenced from m3_compile.o(.rodata.c_operations)
 <LI><a href="#[e6]">op_u32_LessThanOrEqual_sr</a> from m3_compile.o(.text.op_u32_LessThanOrEqual_sr) referenced from m3_compile.o(.rodata.c_operations)
 <LI><a href="#[e7]">op_u32_LessThanOrEqual_ss</a> from m3_compile.o(.text.op_u32_LessThanOrEqual_ss) referenced from m3_compile.o(.rodata.c_operations)
 <LI><a href="#[d9]">op_u32_LessThan_rs</a> from m3_compile.o(.text.op_u32_LessThan_rs) referenced from m3_compile.o(.rodata.c_operations)
 <LI><a href="#[da]">op_u32_LessThan_sr</a> from m3_compile.o(.text.op_u32_LessThan_sr) referenced from m3_compile.o(.rodata.c_operations)
 <LI><a href="#[db]">op_u32_LessThan_ss</a> from m3_compile.o(.text.op_u32_LessThan_ss) referenced from m3_compile.o(.rodata.c_operations)
 <LI><a href="#[147]">op_u32_Or_rs</a> from m3_compile.o(.text.op_u32_Or_rs) referenced from m3_compile.o(.rodata.c_operations)
 <LI><a href="#[148]">op_u32_Or_ss</a> from m3_compile.o(.text.op_u32_Or_ss) referenced from m3_compile.o(.rodata.c_operations)
 <LI><a href="#[130]">op_u32_Popcnt_r</a> from m3_compile.o(.text.op_u32_Popcnt_r) referenced from m3_compile.o(.rodata.c_operations)
 <LI><a href="#[131]">op_u32_Popcnt_s</a> from m3_compile.o(.text.op_u32_Popcnt_s) referenced from m3_compile.o(.rodata.c_operations)
 <LI><a href="#[142]">op_u32_Remainder_rs</a> from m3_compile.o(.text.op_u32_Remainder_rs) referenced from m3_compile.o(.rodata.c_operations)
 <LI><a href="#[143]">op_u32_Remainder_sr</a> from m3_compile.o(.text.op_u32_Remainder_sr) referenced from m3_compile.o(.rodata.c_operations)
 <LI><a href="#[144]">op_u32_Remainder_ss</a> from m3_compile.o(.text.op_u32_Remainder_ss) referenced from m3_compile.o(.rodata.c_operations)
 <LI><a href="#[154]">op_u32_Rotl_rs</a> from m3_compile.o(.text.op_u32_Rotl_rs) referenced from m3_compile.o(.rodata.c_operations)
 <LI><a href="#[155]">op_u32_Rotl_sr</a> from m3_compile.o(.text.op_u32_Rotl_sr) referenced from m3_compile.o(.rodata.c_operations)
 <LI><a href="#[156]">op_u32_Rotl_ss</a> from m3_compile.o(.text.op_u32_Rotl_ss) referenced from m3_compile.o(.rodata.c_operations)
 <LI><a href="#[157]">op_u32_Rotr_rs</a> from m3_compile.o(.text.op_u32_Rotr_rs) referenced from m3_compile.o(.rodata.c_operations)
 <LI><a href="#[158]">op_u32_Rotr_sr</a> from m3_compile.o(.text.op_u32_Rotr_sr) referenced from m3_compile.o(.rodata.c_operations)
 <LI><a href="#[159]">op_u32_Rotr_ss</a> from m3_compile.o(.text.op_u32_Rotr_ss) referenced from m3_compile.o(.rodata.c_operations)
 <LI><a href="#[14b]">op_u32_ShiftLeft_rs</a> from m3_compile.o(.text.op_u32_ShiftLeft_rs) referenced from m3_compile.o(.rodata.c_operations)
 <LI><a href="#[14c]">op_u32_ShiftLeft_sr</a> from m3_compile.o(.text.op_u32_ShiftLeft_sr) referenced from m3_compile.o(.rodata.c_operations)
 <LI><a href="#[14d]">op_u32_ShiftLeft_ss</a> from m3_compile.o(.text.op_u32_ShiftLeft_ss) referenced from m3_compile.o(.rodata.c_operations)
 <LI><a href="#[151]">op_u32_ShiftRight_rs</a> from m3_compile.o(.text.op_u32_ShiftRight_rs) referenced from m3_compile.o(.rodata.c_operations)
 <LI><a href="#[152]">op_u32_ShiftRight_sr</a> from m3_compile.o(.text.op_u32_ShiftRight_sr) referenced from m3_compile.o(.rodata.c_operations)
 <LI><a href="#[153]">op_u32_ShiftRight_ss</a> from m3_compile.o(.text.op_u32_ShiftRight_ss) referenced from m3_compile.o(.rodata.c_operations)
 <LI><a href="#[230]">op_u32_TruncSat_f32_r_r</a> from m3_compile.o(.text.op_u32_TruncSat_f32_r_r) referenced from m3_compile.o(.rodata.c_operationsFC)
 <LI><a href="#[231]">op_u32_TruncSat_f32_r_s</a> from m3_compile.o(.text.op_u32_TruncSat_f32_r_s) referenced from m3_compile.o(.rodata.c_operationsFC)
 <LI><a href="#[232]">op_u32_TruncSat_f32_s_r</a> from m3_compile.o(.text.op_u32_TruncSat_f32_s_r) referenced from m3_compile.o(.rodata.c_operationsFC)
 <LI><a href="#[233]">op_u32_TruncSat_f32_s_s</a> from m3_compile.o(.text.op_u32_TruncSat_f32_s_s) referenced from m3_compile.o(.rodata.c_operationsFC)
 <LI><a href="#[238]">op_u32_TruncSat_f64_r_r</a> from m3_compile.o(.text.op_u32_TruncSat_f64_r_r) referenced from m3_compile.o(.rodata.c_operationsFC)
 <LI><a href="#[239]">op_u32_TruncSat_f64_r_s</a> from m3_compile.o(.text.op_u32_TruncSat_f64_r_s) referenced from m3_compile.o(.rodata.c_operationsFC)
[...]
<BR><BR>[Stack]<UL><LI>Max Depth = 104<LI>Call Chain = op_i64_TruncSat_f64_s_r &rArr; __aeabi_d2lz
</UL>
<BR>[Calls]<UL><LI><a href="#[3ab]">&gt;&gt;</a>&nbsp;&nbsp;&nbsp;__ARM_isnan
<LI><a href="#[3dc]">&gt;&gt;</a>&nbsp;&nbsp;&nbsp;__aeabi_d2lz
<LI><a href="#[3d2]">&gt;&gt;</a>&nbsp;&nbsp;&nbsp;__aeabi_dcmplt
<LI><a href="#[3d1]">&gt;&gt;</a>&nbsp;&nbsp;&nbsp;__aeabi_dcmpgt
</UL>
<BR>[Address Reference Count : 1]<UL><LI> m3_compile.o(.rodata.c_operationsFC)
</UL>
<P><STRONG><a name="[247]"></a>op_i64_TruncSat_f64_s_s</STRONG> (Thumb, 234 bytes, Stack size 72 bytes, m3_compile.o(.text.op_i64_TruncSat_f64_s_s))
<BR><BR>[Stack]<UL><LI>Max Depth = 104<LI>Call Chain = op_i64_TruncSat_f64_s_s &rArr; __aeabi_d2lz
</UL>
<BR>[Calls]<UL><LI><a href="#[3ab]">&gt;&gt;</a>&nbsp;&nbsp;&nbsp;__ARM_isnan
<LI><a href="#[3dc]">&gt;&gt;</a>&nbsp;&nbsp;&nbsp;__aeabi_d2lz
<LI><a href="#[3d2]">&gt;&gt;</a>&nbsp;&nbsp;&nbsp;__aeabi_dcmplt
<LI><a href="#[3d1]">&gt;&gt;</a>&nbsp;&nbsp;&nbsp;__aeabi_dcmpgt
</UL>
<BR>[Address Reference Count : 1]<UL><LI> m3_compile.o(.rodata.c_operationsFC)
</UL>
<P><STRONG><a name="[248]"></a>op_u64_TruncSat_f64_r_r</STRONG> (Thumb, 176 bytes, Stack size 64 bytes, m3_compile.o(.text.op_u64_TruncSat_f64_r_r))
<BR><BR>[Stack]<UL><LI>Max Depth = 96<LI>Call Chain = op_u64_TruncSat_f64_r_r &rArr; __aeabi_d2ulz
</UL>
<BR>[Calls]<UL><LI><a href="#[3ab]">&gt;&gt;</a>&nbsp;&nbsp;&nbsp;__ARM_isnan
<LI><a href="#[3e4]">&gt;&gt;</a>&nbsp;&nbsp;&nbsp;__aeabi_d2ulz
<LI><a href="#[3d2]">&gt;&gt;</a>&nbsp;&nbsp;&nbsp;__aeabi_dcmplt
<LI><a href="#[3d1]">&gt;&gt;</a>&nbsp;&nbsp;&nbsp;__aeabi_dcmpgt
</UL>
<BR>[Address Reference Count : 1]<UL><LI> m3_compile.o(.rodata.c_operationsFC)
</UL>
<P><STRONG><a name="[249]"></a>op_u64_TruncSat_f64_r_s</STRONG> (Thumb, 200 bytes, Stack size 72 bytes, m3_compile.o(.text.op_u64_TruncSat_f64_r_s))
<BR><BR>[Stack]<UL><LI>Max Depth = 104<LI>Call Chain = op_u64_TruncSat_f64_r_s &rArr; __aeabi_d2ulz
</UL>
<BR>[Calls]<UL><LI><a href="#[3ab]">&gt;&gt;</a>&nbsp;&nbsp;&nbsp;__ARM_isnan
<LI><a href="#[3e4]">&gt;&gt;</a>&nbsp;&nbsp;&nbsp;__aeabi_d2ulz
<LI><a href="#[3d2]">&gt;&gt;</a>&nbsp;&nbsp;&nbsp;__aeabi_dcmplt
<LI><a href="#[3d1]">&gt;&gt;</a>&nbsp;&nbsp;&nbsp;__aeabi_dcmpgt
</UL>
<BR>[Address Reference Count : 1]<UL><LI> m3_compile.o(.rodata.c_operationsFC)
</UL>
<P><STRONG><a name="[24a]"></a>op_u64_TruncSat_f64_s_r</STRONG> (Thumb, 202 bytes, Stack size 72 bytes, m3_compile.o(.text.op_u64_TruncSat_f64_s_r))
<BR><BR>[Stack]<UL><LI>Max Depth = 104<LI>Call Chain = op_u64_TruncSat_f64_s_r &rArr; __aeabi_d2ulz
</UL>
<BR>[Calls]<UL><LI><a href="#[3ab]">&gt;&gt;</a>&nbsp;&nbsp;&nbsp;__ARM_isnan
<LI><a href="#[3e4]">&gt;&gt;</a>&nbsp;&nbsp;&nbsp;__aeabi_d2ulz
<LI><a href="#[3d2]">&gt;&gt;</a>&nbsp;&nbsp;&nbsp;__aeabi_dcmplt
<LI><a href="#[3d1]">&gt;&gt;</a>&nbsp;&nbsp;&nbsp;__aeabi_dcmpgt
</UL>
<BR>[Address Reference Count : 1]<UL><LI> m3_compile.o(.rodata.c_operationsFC)
</UL>
<P><STRONG><a name="[24b]"></a>op_u64_TruncSat_f64_s_s</STRONG> (Thumb, 226 bytes, Stack size 72 bytes, m3_compile.o(.text.op_u64_TruncSat_f64_s_s))
<BR><BR>[Stack]<UL><LI>Max Depth = 104<LI>Call Chain = op_u64_TruncSat_f64_s_s &rArr; __aeabi_d2ulz
</UL>
<BR>[Calls]<UL><LI><a href="#[3ab]">&gt;&gt;</a>&nbsp;&nbsp;&nbsp;__ARM_isnan
<LI><a href="#[3e4]">&gt;&gt;</a>&nbsp;&nbsp;&nbsp;__aeabi_d2ulz
<LI><a href="#[3d2]">&gt;&gt;</a>&nbsp;&nbsp;&nbsp;__aeabi_dcmplt
<LI><a href="#[3d1]">&gt;&gt;</a>&nbsp;&nbsp;&nbsp;__aeabi_dcmpgt
</UL>
<BR>[Address Reference Count : 1]<UL><LI> m3_compile.o(.rodata.c_operationsFC)
</UL>
<P><STRONG><a name="[4c]"></a>op_Entry</STRONG> (Thumb, 228 bytes, Stack size 80 bytes, m3_compile.o(.text.op_Entry))
<BR><BR>[Stack]<UL><LI>Max Depth = 80 + Unknown Stack Size
<LI>Call Chain = op_Entry
</UL>
<BR>[Calls]<UL><LI><a href="#[2a2]">&gt;&gt;</a>&nbsp;&nbsp;&nbsp;__aeabi_memclr
<LI><a href="#[2ad]">&gt;&gt;</a>&nbsp;&nbsp;&nbsp;__aeabi_memcpy
</UL>
<BR>[Address Reference Count : 1]<UL><LI> m3_compile.o(.text.CompileFunction)
</UL>
<P><STRONG><a name="[259]"></a>op_SetSlot_i32</STRONG> (Thumb, 96 bytes, Stack size 64 bytes, m3_compile.o(.text.op_SetSlot_i32))
<BR><BR>[Stack]<UL><LI>Max Depth = 64<LI>Call Chain = op_SetSlot_i32
</UL>
<BR>[Address Reference Count : 1]<UL><LI> m3_compile.o(.rodata.c_setSetOps)
</UL>
<P><STRONG><a name="[25a]"></a>op_SetSlot_i64</STRONG> (Thumb, 110 bytes, Stack size 64 bytes, m3_compile.o(.text.op_SetSlot_i64))
<BR><BR>[Stack]<UL><LI>Max Depth = 64<LI>Call Chain = op_SetSlot_i64
</UL>
<BR>[Address Reference Count : 1]<UL><LI> m3_compile.o(.rodata.c_setSetOps)
</UL>
<P><STRONG><a name="[25b]"></a>op_SetSlot_f32</STRONG> (Thumb, 102 bytes, Stack size 64 bytes, m3_compile.o(.text.op_SetSlot_f32))
<BR><BR>[Stack]<UL><LI>Max Depth = 96<LI>Call Chain = op_SetSlot_f32 &rArr; __aeabi_d2f
</UL>
<BR>[Calls]<UL><LI><a href="#[398]">&gt;&gt;</a>&nbsp;&nbsp;&nbsp;__aeabi_d2f
</UL>
<BR>[Address Reference Count : 1]<UL><LI> m3_compile.o(.rodata.c_setSetOps)
</UL>
<P><STRONG><a name="[25c]"></a>op_SetSlot_f64</STRONG> (Thumb, 110 bytes, Stack size 64 bytes, m3_compile.o(.text.op_SetSlot_f64))
<BR><BR>[Stack]<UL><LI>Max Depth = 64<LI>Call Chain = op_SetSlot_f64
</UL>
<BR>[Address Reference Count : 1]<UL><LI> m3_compile.o(.rodata.c_setSetOps)
</UL>
<P><STRONG><a name="[24d]"></a>op_PreserveSetSlot_i32</STRONG> (Thumb, 126 bytes, Stack size 72 bytes, m3_compile.o(.text.op_PreserveSetSlot_i32))
<BR><BR>[Stack]<UL><LI>Max Depth = 72<LI>Call Chain = op_PreserveSetSlot_i32
</UL>
<BR>[Address Reference Count : 1]<UL><LI> m3_compile.o(.rodata.c_preserveSetSlot)
</UL>
<P><STRONG><a name="[24e]"></a>op_PreserveSetSlot_i64</STRONG> (Thumb, 134 bytes, Stack size 72 bytes, m3_compile.o(.text.op_PreserveSetSlot_i64))
<BR><BR>[Stack]<UL><LI>Max Depth = 72<LI>Call Chain = op_PreserveSetSlot_i64
</UL>
<BR>[Address Reference Count : 1]<UL><LI> m3_compile.o(.rodata.c_preserveSetSlot)
</UL>
<P><STRONG><a name="[24f]"></a>op_PreserveSetSlot_f32</STRONG> (Thumb, 132 bytes, Stack size 72 bytes, m3_compile.o(.text.op_PreserveSetSlot_f32))
<BR><BR>[Stack]<UL><LI>Max Depth = 104<LI>Call Chain = op_PreserveSetSlot_f32 &rArr; __aeabi_d2f
</UL>
<BR>[Calls]<UL><LI><a href="#[398]">&gt;&gt;</a>&nbsp;&nbsp;&nbsp;__aeabi_d2f
</UL>
<BR>[Address Reference Count : 1]<UL><LI> m3_compile.o(.rodata.c_preserveSetSlot)
</UL>
<P><STRONG><a name="[250]"></a>op_PreserveSetSlot_f64</STRONG> (Thumb, 134 bytes, Stack size 72 bytes, m3_compile.o(.text.op_PreserveSetSlot_f64))
<BR><BR>[Stack]<UL><LI>Max Depth = 72<LI>Call Chain = op_PreserveSetSlot_f64
</UL>
<BR>[Address Reference Count : 1]<UL><LI> m3_compile.o(.rodata.c_preserveSetSlot)
</UL>
<P><STRONG><a name="[255]"></a>op_SetRegister_i32</STRONG> (Thumb, 100 bytes, Stack size 64 bytes, m3_compile.o(.text.op_SetRegister_i32))
<BR><BR>[Stack]<UL><LI>Max Depth = 64<LI>Call Chain = op_SetRegister_i32
</UL>
<BR>[Address Reference Count : 1]<UL><LI> m3_compile.o(.rodata.c_setRegisterOps)
</UL>
<P><STRONG><a name="[256]"></a>op_SetRegister_i64</STRONG> (Thumb, 104 bytes, Stack size 64 bytes, m3_compile.o(.text.op_SetRegister_i64))
<BR><BR>[Stack]<UL><LI>Max Depth = 64<LI>Call Chain = op_SetRegister_i64
</UL>
<BR>[Address Reference Count : 1]<UL><LI> m3_compile.o(.rodata.c_setRegisterOps)
</UL>
<P><STRONG><a name="[257]"></a>op_SetRegister_f32</STRONG> (Thumb, 102 bytes, Stack size 64 bytes, m3_compile.o(.text.op_SetRegister_f32))
<BR><BR>[Stack]<UL><LI>Max Depth = 80<LI>Call Chain = op_SetRegister_f32 &rArr; __aeabi_f2d
</UL>
<BR>[Calls]<UL><LI><a href="#[3aa]">&gt;&gt;</a>&nbsp;&nbsp;&nbsp;__aeabi_f2d
</UL>
<BR>[Address Reference Count : 1]<UL><LI> m3_compile.o(.rodata.c_setRegisterOps)
</UL>
<P><STRONG><a name="[258]"></a>op_SetRegister_f64</STRONG> (Thumb, 104 bytes, Stack size 64 bytes, m3_compile.o(.text.op_SetRegister_f64))
<BR><BR>[Stack]<UL><LI>Max Depth = 64<LI>Call Chain = op_SetRegister_f64
</UL>
<BR>[Address Reference Count : 1]<UL><LI> m3_compile.o(.rodata.c_setRegisterOps)
</UL>
<P><STRONG><a name="[251]"></a>op_SetGlobal_i32</STRONG> (Thumb, 96 bytes, Stack size 72 bytes, m3_compile.o(.text.op_SetGlobal_i32))
<BR><BR>[Stack]<UL><LI>Max Depth = 72<LI>Call Chain = op_SetGlobal_i32
</UL>
<BR>[Address Reference Count : 1]<UL><LI> m3_compile.o(.rodata.c_setGlobalOps)
</UL>
<P><STRONG><a name="[252]"></a>op_SetGlobal_i64</STRONG> (Thumb, 100 bytes, Stack size 72 bytes, m3_compile.o(.text.op_SetGlobal_i64))
<BR><BR>[Stack]<UL><LI>Max Depth = 72<LI>Call Chain = op_SetGlobal_i64
</UL>
<BR>[Address Reference Count : 1]<UL><LI> m3_compile.o(.rodata.c_setGlobalOps)
</UL>
<P><STRONG><a name="[253]"></a>op_SetGlobal_f32</STRONG> (Thumb, 102 bytes, Stack size 72 bytes, m3_compile.o(.text.op_SetGlobal_f32))
<BR><BR>[Stack]<UL><LI>Max Depth = 104<LI>Call Chain = op_SetGlobal_f32 &rArr; __aeabi_d2f
</UL>
<BR>[Calls]<UL><LI><a href="#[398]">&gt;&gt;</a>&nbsp;&nbsp;&nbsp;__aeabi_d2f
</UL>
<BR>[Address Reference Count : 1]<UL><LI> m3_compile.o(.rodata.c_setGlobalOps)
</UL>
<P><STRONG><a name="[254]"></a>op_SetGlobal_f64</STRONG> (Thumb, 100 bytes, Stack size 72 bytes, m3_compile.o(.text.op_SetGlobal_f64))
<BR><BR>[Stack]<UL><LI>Max Depth = 72<LI>Call Chain = op_SetGlobal_f64
</UL>
<BR>[Address Reference Count : 1]<UL><LI> m3_compile.o(.rodata.c_setGlobalOps)
</UL>
<P><STRONG><a name="[6d]"></a>op_Select_f32_sss</STRONG> (Thumb, 156 bytes, Stack size 80 bytes, m3_compile.o(.text.op_Select_f32_sss))
<BR><BR>[Stack]<UL><LI>Max Depth = 96<LI>Call Chain = op_Select_f32_sss &rArr; __aeabi_f2d
</UL>
<BR>[Calls]<UL><LI><a href="#[3aa]">&gt;&gt;</a>&nbsp;&nbsp;&nbsp;__aeabi_f2d
</UL>
<BR>[Address Reference Count : 1]<UL><LI> m3_compile.o(.rodata.c_fpSelectOps)
</UL>
<P><STRONG><a name="[6e]"></a>op_Select_f32_srs</STRONG> (Thumb, 150 bytes, Stack size 80 bytes, m3_compile.o(.text.op_Select_f32_srs))
<BR><BR>[Stack]<UL><LI>Max Depth = 112<LI>Call Chain = op_Select_f32_srs &rArr; __aeabi_d2f
</UL>
<BR>[Calls]<UL><LI><a href="#[3aa]">&gt;&gt;</a>&nbsp;&nbsp;&nbsp;__aeabi_f2d
<LI><a href="#[398]">&gt;&gt;</a>&nbsp;&nbsp;&nbsp;__aeabi_d2f
</UL>
<BR>[Address Reference Count : 1]<UL><LI> m3_compile.o(.rodata.c_fpSelectOps)
</UL>
<P><STRONG><a name="[6f]"></a>op_Select_f32_ssr</STRONG> (Thumb, 150 bytes, Stack size 80 bytes, m3_compile.o(.text.op_Select_f32_ssr))
<BR><BR>[Stack]<UL><LI>Max Depth = 112<LI>Call Chain = op_Select_f32_ssr &rArr; __aeabi_d2f
</UL>
<BR>[Calls]<UL><LI><a href="#[3aa]">&gt;&gt;</a>&nbsp;&nbsp;&nbsp;__aeabi_f2d
<LI><a href="#[398]">&gt;&gt;</a>&nbsp;&nbsp;&nbsp;__aeabi_d2f
</UL>
<BR>[Address Reference Count : 1]<UL><LI> m3_compile.o(.rodata.c_fpSelectOps)
</UL>
<P><STRONG><a name="[70]"></a>op_Select_f32_rss</STRONG> (Thumb, 144 bytes, Stack size 80 bytes, m3_compile.o(.text.op_Select_f32_rss))
<BR><BR>[Stack]<UL><LI>Max Depth = 96<LI>Call Chain = op_Select_f32_rss &rArr; __aeabi_f2d
</UL>
<BR>[Calls]<UL><LI><a href="#[3aa]">&gt;&gt;</a>&nbsp;&nbsp;&nbsp;__aeabi_f2d
</UL>
<BR>[Address Reference Count : 1]<UL><LI> m3_compile.o(.rodata.c_fpSelectOps)
</UL>
<P><STRONG><a name="[71]"></a>op_Select_f32_rrs</STRONG> (Thumb, 138 bytes, Stack size 80 bytes, m3_compile.o(.text.op_Select_f32_rrs))
<BR><BR>[Stack]<UL><LI>Max Depth = 112<LI>Call Chain = op_Select_f32_rrs &rArr; __aeabi_d2f
</UL>
<BR>[Calls]<UL><LI><a href="#[3aa]">&gt;&gt;</a>&nbsp;&nbsp;&nbsp;__aeabi_f2d
<LI><a href="#[398]">&gt;&gt;</a>&nbsp;&nbsp;&nbsp;__aeabi_d2f
</UL>
<BR>[Address Reference Count : 1]<UL><LI> m3_compile.o(.rodata.c_fpSelectOps)
</UL>
<P><STRONG><a name="[72]"></a>op_Select_f32_rsr</STRONG> (Thumb, 138 bytes, Stack size 80 bytes, m3_compile.o(.text.op_Select_f32_rsr))
<BR><BR>[Stack]<UL><LI>Max Depth = 112<LI>Call Chain = op_Select_f32_rsr &rArr; __aeabi_d2f
</UL>
<BR>[Calls]<UL><LI><a href="#[3aa]">&gt;&gt;</a>&nbsp;&nbsp;&nbsp;__aeabi_f2d
<LI><a href="#[398]">&gt;&gt;</a>&nbsp;&nbsp;&nbsp;__aeabi_d2f
</UL>
<BR>[Address Reference Count : 1]<UL><LI> m3_compile.o(.rodata.c_fpSelectOps)
</UL>
<P><STRONG><a name="[73]"></a>op_Select_f64_sss</STRONG> (Thumb, 178 bytes, Stack size 96 bytes, m3_compile.o(.text.op_Select_f64_sss))
<BR><BR>[Stack]<UL><LI>Max Depth = 96<LI>Call Chain = op_Select_f64_sss
</UL>
<BR>[Address Reference Count : 1]<UL><LI> m3_compile.o(.rodata.c_fpSelectOps)
</UL>
<P><STRONG><a name="[74]"></a>op_Select_f64_srs</STRONG> (Thumb, 162 bytes, Stack size 96 bytes, m3_compile.o(.text.op_Select_f64_srs))
<BR><BR>[Stack]<UL><LI>Max Depth = 96<LI>Call Chain = op_Select_f64_srs
</UL>
<BR>[Address Reference Count : 1]<UL><LI> m3_compile.o(.rodata.c_fpSelectOps)
</UL>
<P><STRONG><a name="[75]"></a>op_Select_f64_ssr</STRONG> (Thumb, 162 bytes, Stack size 96 bytes, m3_compile.o(.text.op_Select_f64_ssr))
<BR><BR>[Stack]<UL><LI>Max Depth = 96<LI>Call Chain = op_Select_f64_ssr
</UL>
<BR>[Address Reference Count : 1]<UL><LI> m3_compile.o(.rodata.c_fpSelectOps)
</UL>
<P><STRONG><a name="[76]"></a>op_Select_f64_rss</STRONG> (Thumb, 166 bytes, Stack size 96 bytes, m3_compile.o(.text.op_Select_f64_rss))
<BR><BR>[Stack]<UL><LI>Max Depth = 96<LI>Call Chain = op_Select_f64_rss
</UL>
<BR>[Address Reference Count : 1]<UL><LI> m3_compile.o(.rodata.c_fpSelectOps)
</UL>
<P><STRONG><a name="[77]"></a>op_Select_f64_rrs</STRONG> (Thumb, 150 bytes, Stack size 96 bytes, m3_compile.o(.text.op_Select_f64_rrs))
<BR><BR>[Stack]<UL><LI>Max Depth = 96<LI>Call Chain = op_Select_f64_rrs
</UL>
<BR>[Address Reference Count : 1]<UL><LI> m3_compile.o(.rodata.c_fpSelectOps)
</UL>
<P><STRONG><a name="[78]"></a>op_Select_f64_rsr</STRONG> (Thumb, 150 bytes, Stack size 96 bytes, m3_compile.o(.text.op_Select_f64_rsr))
<BR><BR>[Stack]<UL><LI>Max Depth = 96<LI>Call Chain = op_Select_f64_rsr
</UL>
<BR>[Address Reference Count : 1]<UL><LI> m3_compile.o(.rodata.c_fpSelectOps)
</UL>
<P><STRONG><a name="[79]"></a>op_Select_i32_rss</STRONG> (Thumb, 142 bytes, Stack size 80 bytes, m3_compile.o(.text.op_Select_i32_rss))
<BR><BR>[Stack]<UL><LI>Max Depth = 80<LI>Call Chain = op_Select_i32_rss
</UL>
<BR>[Address Reference Count : 1]<UL><LI> m3_compile.o(.rodata.c_intSelectOps)
</UL>
<P><STRONG><a name="[7a]"></a>op_Select_i32_srs</STRONG> (Thumb, 142 bytes, Stack size 80 bytes, m3_compile.o(.text.op_Select_i32_srs))
<BR><BR>[Stack]<UL><LI>Max Depth = 80<LI>Call Chain = op_Select_i32_srs
</UL>
<BR>[Address Reference Count : 1]<UL><LI> m3_compile.o(.rodata.c_intSelectOps)
</UL>
<P><STRONG><a name="[7b]"></a>op_Select_i32_ssr</STRONG> (Thumb, 142 bytes, Stack size 80 bytes, m3_compile.o(.text.op_Select_i32_ssr))
<BR><BR>[Stack]<UL><LI>Max Depth = 80<LI>Call Chain = op_Select_i32_ssr
</UL>
<BR>[Address Reference Count : 1]<UL><LI> m3_compile.o(.rodata.c_intSelectOps)
</UL>
<P><STRONG><a name="[7c]"></a>op_Select_i32_sss</STRONG> (Thumb, 154 bytes, Stack size 80 bytes, m3_compile.o(.text.op_Select_i32_sss))
<BR><BR>[Stack]<UL><LI>Max Depth = 80<LI>Call Chain = op_Select_i32_sss
</UL>
<BR>[Address Reference Count : 1]<UL><LI> m3_compile.o(.rodata.c_intSelectOps)
</UL>
<P><STRONG><a name="[7d]"></a>op_Select_i64_rss</STRONG> (Thumb, 166 bytes, Stack size 96 bytes, m3_compile.o(.text.op_Select_i64_rss))
<BR><BR>[Stack]<UL><LI>Max Depth = 96<LI>Call Chain = op_Select_i64_rss
</UL>
<BR>[Address Reference Count : 1]<UL><LI> m3_compile.o(.rodata.c_intSelectOps)
</UL>
<P><STRONG><a name="[7e]"></a>op_Select_i64_srs</STRONG> (Thumb, 162 bytes, Stack size 96 bytes, m3_compile.o(.text.op_Select_i64_srs))
<BR><BR>[Stack]<UL><LI>Max Depth = 96<LI>Call Chain = op_Select_i64_srs
</UL>
<BR>[Address Reference Count : 1]<UL><LI> m3_compile.o(.rodata.c_intSelectOps)
</UL>
<P><STRONG><a name="[7f]"></a>op_Select_i64_ssr</STRONG> (Thumb, 162 bytes, Stack size 96 bytes, m3_compile.o(.text.op_Select_i64_ssr))
<BR><BR>[Stack]<UL><LI>Max Depth = 96<LI>Call Chain = op_Select_i64_ssr
</UL>
<BR>[Address Reference Count : 1]<UL><LI> m3_compile.o(.rodata.c_intSelectOps)
</UL>
<P><STRONG><a name="[80]"></a>op_Select_i64_sss</STRONG> (Thumb, 178 bytes, Stack size 96 bytes, m3_compile.o(.text.op_Select_i64_sss))
<BR><BR>[Stack]<UL><LI>Max Depth = 96<LI>Call Chain = op_Select_i64_sss
</UL>
<BR>[Address Reference Count : 1]<UL><LI> m3_compile.o(.rodata.c_intSelectOps)
</UL>
<P><STRONG><a name="[3ad]"></a>__ARM_signbitf</STRONG> (Thumb, 12 bytes, Stack size 4 bytes, m3_compile.o(.text.__ARM_signbitf))
<BR><BR>[Stack]<UL><LI>Max Depth = 4<LI>Call Chain = __ARM_signbitf
</UL>
<BR>[Called By]<UL><LI><a href="#[3b0]">&gt;&gt;</a>&nbsp;&nbsp;&nbsp;max_f64
<LI><a href="#[3b4]">&gt;&gt;</a>&nbsp;&nbsp;&nbsp;min_f64
<LI><a href="#[3a8]">&gt;&gt;</a>&nbsp;&nbsp;&nbsp;max_f32
<LI><a href="#[3b3]">&gt;&gt;</a>&nbsp;&nbsp;&nbsp;min_f32
</UL>

<P><STRONG><a name="[3ae]"></a>__ARM_signbit</STRONG> (Thumb, 14 bytes, Stack size 8 bytes, m3_compile.o(.text.__ARM_signbit))
<BR><BR>[Stack]<UL><LI>Max Depth = 8<LI>Call Chain = __ARM_signbit
</UL>
<BR>[Called By]<UL><LI><a href="#[3b0]">&gt;&gt;</a>&nbsp;&nbsp;&nbsp;max_f64
<LI><a href="#[3b4]">&gt;&gt;</a>&nbsp;&nbsp;&nbsp;min_f64
<LI><a href="#[3a8]">&gt;&gt;</a>&nbsp;&nbsp;&nbsp;max_f32
<LI><a href="#[3b3]">&gt;&gt;</a>&nbsp;&nbsp;&nbsp;min_f32
</UL>

<P><STRONG><a name="[66]"></a>op_Branch</STRONG> (Thumb, 82 bytes, Stack size 64 bytes, m3_emit.o(.text.op_Branch))
<BR><BR>[Stack]<UL><LI>Max Depth = 64<LI>Call Chain = op_Branch
</UL>
<BR>[Address Reference Count : 1]<UL><LI> m3_emit.o(.text.EnsureCodePageNumLines)
</UL>
<P><STRONG><a name="[2f1]"></a>Call</STRONG> (Thumb, 104 bytes, Stack size 72 bytes, m3_env.o(.text.Call))
<BR><BR>[Stack]<UL><LI>Max Depth = 72<LI>Call Chain = Call
</UL>
<BR>[Calls]<UL><LI><a href="#[2f0]">&gt;&gt;</a>&nbsp;&nbsp;&nbsp;m3_Yield
</UL>
<BR>[Called By]<UL><LI><a href="#[396]">&gt;&gt;</a>&nbsp;&nbsp;&nbsp;m3_CallVL
<LI><a href="#[39b]">&gt;&gt;</a>&nbsp;&nbsp;&nbsp;m3_RunStart
<LI><a href="#[35b]">&gt;&gt;</a>&nbsp;&nbsp;&nbsp;EvaluateExpression
</UL>

<P><STRONG><a name="[399]"></a>ReportNativeStackUsage</STRONG> (Thumb, 2 bytes, Stack size 0 bytes, m3_env.o(.text.ReportNativeStackUsage))
<BR><BR>[Called By]<UL><LI><a href="#[396]">&gt;&gt;</a>&nbsp;&nbsp;&nbsp;m3_CallVL
</UL>

<P><STRONG><a name="[402]"></a>_dadd1</STRONG> (Thumb, 0 bytes, Stack size unknown bytes, daddsub_clz.o(x$fpl$dadd), UNUSED)
<BR><BR>[Called By]<UL><LI><a href="#[403]">&gt;&gt;</a>&nbsp;&nbsp;&nbsp;_dsub
<LI><a href="#[401]">&gt;&gt;</a>&nbsp;&nbsp;&nbsp;_drsb
</UL>

<P><STRONG><a name="[3f5]"></a>_dsub1</STRONG> (Thumb, 0 bytes, Stack size unknown bytes, daddsub_clz.o(x$fpl$dsub), UNUSED)
<BR><BR>[Called By]<UL><LI><a href="#[401]">&gt;&gt;</a>&nbsp;&nbsp;&nbsp;_drsb
<LI><a href="#[3f4]">&gt;&gt;</a>&nbsp;&nbsp;&nbsp;_dadd
</UL>

<P><STRONG><a name="[41d]"></a>_fadd1</STRONG> (Thumb, 0 bytes, Stack size unknown bytes, faddsub_clz.o(x$fpl$fadd), UNUSED)
<BR><BR>[Called By]<UL><LI><a href="#[41c]">&gt;&gt;</a>&nbsp;&nbsp;&nbsp;_fsub
</UL>

<P><STRONG><a name="[407]"></a>_fsub1</STRONG> (Thumb, 0 bytes, Stack size unknown bytes, faddsub_clz.o(x$fpl$fsub), UNUSED)
<BR><BR>[Called By]<UL><LI><a href="#[406]">&gt;&gt;</a>&nbsp;&nbsp;&nbsp;_fadd
</UL>

<P><STRONG><a name="[4a]"></a>_printf_input_char</STRONG> (Thumb, 10 bytes, Stack size 0 bytes, _printf_char_common.o(.text))
<BR>[Address Reference Count : 1]<UL><LI> _printf_char_common.o(.text)
</UL>
<P><STRONG><a name="[2ca]"></a>_fp_digits</STRONG> (Thumb, 432 bytes, Stack size 96 bytes, _printf_fp_dec.o(.text))
<BR><BR>[Stack]<UL><LI>Max Depth = 220<LI>Call Chain = _fp_digits &rArr; _btod_etento &rArr; _btod_emul &rArr; _e2e
</UL>
<BR>[Calls]<UL><LI><a href="#[2c4]">&gt;&gt;</a>&nbsp;&nbsp;&nbsp;_ll_udiv10
<LI><a href="#[2ce]">&gt;&gt;</a>&nbsp;&nbsp;&nbsp;_btod_emul
<LI><a href="#[2cd]">&gt;&gt;</a>&nbsp;&nbsp;&nbsp;_btod_ediv
<LI><a href="#[2cc]">&gt;&gt;</a>&nbsp;&nbsp;&nbsp;_btod_d2e
<LI><a href="#[2cb]">&gt;&gt;</a>&nbsp;&nbsp;&nbsp;_btod_etento
</UL>
<BR>[Called By]<UL><LI><a href="#[2cf]">&gt;&gt;</a>&nbsp;&nbsp;&nbsp;_printf_fp_dec_real
</UL>
<P>
<H3>
Undefined Global Symbols
</H3><HR></body></html>
