Component: ARM Compiler 6.16 Tool: armlink [5dfeaa00]

==============================================================================

Section Cross References

    startup_stm32f103xe.o(STACK) refers (Special) to heapauxi.o(.text) for __use_two_region_memory
    startup_stm32f103xe.o(HEAP) refers (Special) to heapauxi.o(.text) for __use_two_region_memory
    startup_stm32f103xe.o(RESET) refers (Special) to heapauxi.o(.text) for __use_two_region_memory
    startup_stm32f103xe.o(RESET) refers to startup_stm32f103xe.o(STACK) for __initial_sp
    startup_stm32f103xe.o(RESET) refers to startup_stm32f103xe.o(.text) for Reset_Handler
    startup_stm32f103xe.o(RESET) refers to stm32f1xx_it.o(.text.NMI_Handler) for NMI_Handler
    startup_stm32f103xe.o(RESET) refers to stm32f1xx_it.o(.text.HardFault_Handler) for HardFault_Handler
    startup_stm32f103xe.o(RESET) refers to stm32f1xx_it.o(.text.MemManage_Handler) for MemManage_Handler
    startup_stm32f103xe.o(RESET) refers to stm32f1xx_it.o(.text.BusFault_Handler) for BusFault_Handler
    startup_stm32f103xe.o(RESET) refers to stm32f1xx_it.o(.text.UsageFault_Handler) for UsageFault_Handler
    startup_stm32f103xe.o(RESET) refers to stm32f1xx_it.o(.text.SVC_Handler) for SVC_Handler
    startup_stm32f103xe.o(RESET) refers to stm32f1xx_it.o(.text.DebugMon_Handler) for DebugMon_Handler
    startup_stm32f103xe.o(RESET) refers to stm32f1xx_it.o(.text.PendSV_Handler) for PendSV_Handler
    startup_stm32f103xe.o(RESET) refers to stm32f1xx_it.o(.text.SysTick_Handler) for SysTick_Handler
    startup_stm32f103xe.o(.text) refers (Special) to heapauxi.o(.text) for __use_two_region_memory
    startup_stm32f103xe.o(.text) refers to system_stm32f1xx.o(.text.SystemInit) for SystemInit
    startup_stm32f103xe.o(.text) refers to __main.o(!!!main) for __main
    startup_stm32f103xe.o(.text) refers to startup_stm32f103xe.o(HEAP) for Heap_Mem
    startup_stm32f103xe.o(.text) refers to startup_stm32f103xe.o(STACK) for Stack_Mem
    main.o(.text.run_wasm) refers to m3_core.o(.bss.m3Err_none) for m3Err_none
    main.o(.text.run_wasm) refers to main.o(.data.fib32_wasm) for fib32_wasm
    main.o(.text.run_wasm) refers to main.o(.data.fib32_wasm_len) for fib32_wasm_len
    main.o(.text.run_wasm) refers to m3_env.o(.text.m3_NewEnvironment) for m3_NewEnvironment
    main.o(.text.run_wasm) refers to m3_env.o(.text.m3_NewRuntime) for m3_NewRuntime
    main.o(.text.run_wasm) refers to m3_parse.o(.text.m3_ParseModule) for m3_ParseModule
    main.o(.text.run_wasm) refers to m3_env.o(.text.m3_LoadModule) for m3_LoadModule
    main.o(.text.run_wasm) refers to main.o(.rodata.str1.1) for .L.str
    main.o(.text.run_wasm) refers to m3_env.o(.text.m3_FindFunction) for m3_FindFunction
    main.o(.text.run_wasm) refers to m3_env.o(.text.m3_CallV) for m3_CallV
    main.o(.text.run_wasm) refers to m3_env.o(.text.m3_GetResultsV) for m3_GetResultsV
    main.o(.ARM.exidx.text.run_wasm) refers to main.o(.text.run_wasm) for [Anonymous Symbol]
    main.o(.text.main) refers to stm32f1xx_hal.o(.text.HAL_Init) for HAL_Init
    main.o(.text.main) refers to main.o(.text.SystemClock_Config) for SystemClock_Config
    main.o(.text.main) refers to main.o(.text.MX_GPIO_Init) for MX_GPIO_Init
    main.o(.text.main) refers to main.o(.text.run_wasm) for run_wasm
    main.o(.ARM.exidx.text.main) refers to main.o(.text.main) for [Anonymous Symbol]
    main.o(.text.SystemClock_Config) refers to rt_memclr_w.o(.text) for __aeabi_memclr4
    main.o(.text.SystemClock_Config) refers to stm32f1xx_hal_rcc.o(.text.HAL_RCC_OscConfig) for HAL_RCC_OscConfig
    main.o(.text.SystemClock_Config) refers to main.o(.text.Error_Handler) for Error_Handler
    main.o(.text.SystemClock_Config) refers to stm32f1xx_hal_rcc.o(.text.HAL_RCC_ClockConfig) for HAL_RCC_ClockConfig
    main.o(.ARM.exidx.text.SystemClock_Config) refers to main.o(.text.SystemClock_Config) for [Anonymous Symbol]
    main.o(.text.MX_GPIO_Init) refers to stm32f1xx_hal_gpio.o(.text.HAL_GPIO_WritePin) for HAL_GPIO_WritePin
    main.o(.text.MX_GPIO_Init) refers to stm32f1xx_hal_gpio.o(.text.HAL_GPIO_Init) for HAL_GPIO_Init
    main.o(.ARM.exidx.text.MX_GPIO_Init) refers to main.o(.text.MX_GPIO_Init) for [Anonymous Symbol]
    main.o(.ARM.exidx.text.Error_Handler) refers to main.o(.text.Error_Handler) for [Anonymous Symbol]
    stm32f1xx_it.o(.ARM.exidx.text.NMI_Handler) refers to stm32f1xx_it.o(.text.NMI_Handler) for [Anonymous Symbol]
    stm32f1xx_it.o(.ARM.exidx.text.HardFault_Handler) refers to stm32f1xx_it.o(.text.HardFault_Handler) for [Anonymous Symbol]
    stm32f1xx_it.o(.ARM.exidx.text.MemManage_Handler) refers to stm32f1xx_it.o(.text.MemManage_Handler) for [Anonymous Symbol]
    stm32f1xx_it.o(.ARM.exidx.text.BusFault_Handler) refers to stm32f1xx_it.o(.text.BusFault_Handler) for [Anonymous Symbol]
    stm32f1xx_it.o(.ARM.exidx.text.UsageFault_Handler) refers to stm32f1xx_it.o(.text.UsageFault_Handler) for [Anonymous Symbol]
[...]
    0x0800b0be   0x0800b0be   0x00000002   PAD
    0x0800b0c0   0x0800b0c0   0x00000090   Code   RO         1749    .text.op_Select_f32_rss  m3_compile.o
    0x0800b150   0x0800b150   0x00000096   Code   RO         1745    .text.op_Select_f32_srs  m3_compile.o
    0x0800b1e6   0x0800b1e6   0x00000002   PAD
    0x0800b1e8   0x0800b1e8   0x00000096   Code   RO         1747    .text.op_Select_f32_ssr  m3_compile.o
    0x0800b27e   0x0800b27e   0x00000002   PAD
    0x0800b280   0x0800b280   0x0000009c   Code   RO         1743    .text.op_Select_f32_sss  m3_compile.o
    0x0800b31c   0x0800b31c   0x00000096   Code   RO         1763    .text.op_Select_f64_rrs  m3_compile.o
    0x0800b3b2   0x0800b3b2   0x00000002   PAD
    0x0800b3b4   0x0800b3b4   0x00000096   Code   RO         1765    .text.op_Select_f64_rsr  m3_compile.o
    0x0800b44a   0x0800b44a   0x00000002   PAD
    0x0800b44c   0x0800b44c   0x000000a6   Code   RO         1761    .text.op_Select_f64_rss  m3_compile.o
    0x0800b4f2   0x0800b4f2   0x00000002   PAD
    0x0800b4f4   0x0800b4f4   0x000000a2   Code   RO         1757    .text.op_Select_f64_srs  m3_compile.o
    0x0800b596   0x0800b596   0x00000002   PAD
    0x0800b598   0x0800b598   0x000000a2   Code   RO         1759    .text.op_Select_f64_ssr  m3_compile.o
    0x0800b63a   0x0800b63a   0x00000002   PAD
    0x0800b63c   0x0800b63c   0x000000b2   Code   RO         1755    .text.op_Select_f64_sss  m3_compile.o
    0x0800b6ee   0x0800b6ee   0x00000002   PAD
    0x0800b6f0   0x0800b6f0   0x0000008e   Code   RO         1767    .text.op_Select_i32_rss  m3_compile.o
    0x0800b77e   0x0800b77e   0x00000002   PAD
    0x0800b780   0x0800b780   0x0000008e   Code   RO         1769    .text.op_Select_i32_srs  m3_compile.o
    0x0800b80e   0x0800b80e   0x00000002   PAD
    0x0800b810   0x0800b810   0x0000008e   Code   RO         1771    .text.op_Select_i32_ssr  m3_compile.o
    0x0800b89e   0x0800b89e   0x00000002   PAD
    0x0800b8a0   0x0800b8a0   0x0000009a   Code   RO         1773    .text.op_Select_i32_sss  m3_compile.o
    0x0800b93a   0x0800b93a   0x00000002   PAD
    0x0800b93c   0x0800b93c   0x000000a6   Code   RO         1775    .text.op_Select_i64_rss  m3_compile.o
    0x0800b9e2   0x0800b9e2   0x00000002   PAD
    0x0800b9e4   0x0800b9e4   0x000000a2   Code   RO         1777    .text.op_Select_i64_srs  m3_compile.o
    0x0800ba86   0x0800ba86   0x00000002   PAD
    0x0800ba88   0x0800ba88   0x000000a2   Code   RO         1779    .text.op_Select_i64_ssr  m3_compile.o
    0x0800bb2a   0x0800bb2a   0x00000002   PAD
    0x0800bb2c   0x0800bb2c   0x000000b2   Code   RO         1781    .text.op_Select_i64_sss  m3_compile.o
    0x0800bbde   0x0800bbde   0x00000002   PAD
    0x0800bbe0   0x0800bbe0   0x00000066   Code   RO         1737    .text.op_SetGlobal_f32  m3_compile.o
    0x0800bc46   0x0800bc46   0x00000002   PAD
    0x0800bc48   0x0800bc48   0x00000064   Code   RO         1739    .text.op_SetGlobal_f64  m3_compile.o
    0x0800bcac   0x0800bcac   0x00000060   Code   RO         1733    .text.op_SetGlobal_i32  m3_compile.o
    0x0800bd0c   0x0800bd0c   0x00000064   Code   RO         1735    .text.op_SetGlobal_i64  m3_compile.o
    0x0800bd70   0x0800bd70   0x0000006c   Code   RO          739    .text.op_SetGlobal_s32  m3_compile.o
    0x0800bddc   0x0800bddc   0x00000074   Code   RO          737    .text.op_SetGlobal_s64  m3_compile.o
    0x0800be50   0x0800be50   0x00000066   Code   RO         1729    .text.op_SetRegister_f32  m3_compile.o
    0x0800beb6   0x0800beb6   0x00000002   PAD
    0x0800beb8   0x0800beb8   0x00000068   Code   RO         1731    .text.op_SetRegister_f64  m3_compile.o
    0x0800bf20   0x0800bf20   0x00000064   Code   RO         1725    .text.op_SetRegister_i32  m3_compile.o
    0x0800bf84   0x0800bf84   0x00000068   Code   RO         1727    .text.op_SetRegister_i64  m3_compile.o
    0x0800bfec   0x0800bfec   0x00000066   Code   RO         1713    .text.op_SetSlot_f32  m3_compile.o
    0x0800c052   0x0800c052   0x00000002   PAD
    0x0800c054   0x0800c054   0x0000006e   Code   RO         1715    .text.op_SetSlot_f64  m3_compile.o
    0x0800c0c2   0x0800c0c2   0x00000002   PAD
    0x0800c0c4   0x0800c0c4   0x00000060   Code   RO         1709    .text.op_SetSlot_i32  m3_compile.o
    0x0800c124   0x0800c124   0x0000006e   Code   RO         1711    .text.op_SetSlot_i64  m3_compile.o
    0x0800c192   0x0800c192   0x00000002   PAD
    0x0800c194   0x0800c194   0x00000032   Code   RO          819    .text.op_Unreachable  m3_compile.o
    0x0800c1c6   0x0800c1c6   0x00000002   PAD
    0x0800c1c8   0x0800c1c8   0x00000064   Code   RO         1309    .text.op_f32_Abs_r  m3_compile.o
    0x0800c22c   0x0800c22c   0x0000006e   Code   RO         1311    .text.op_f32_Abs_s  m3_compile.o
    0x0800c29a   0x0800c29a   0x00000002   PAD
    0x0800c29c   0x0800c29c   0x0000007c   Code   RO         1337    .text.op_f32_Add_rs  m3_compile.o
    0x0800c318   0x0800c318   0x00000080   Code   RO         1339    .text.op_f32_Add_ss  m3_compile.o
    0x0800c398   0x0800c398   0x00000064   Code   RO         1317    .text.op_f32_Ceil_r  m3_compile.o
    0x0800c3fc   0x0800c3fc   0x0000006e   Code   RO         1319    .text.op_f32_Ceil_s  m3_compile.o
    0x0800c46a   0x0800c46a   0x00000002   PAD
    0x0800c46c   0x0800c46c   0x0000005e   Code   RO         1509    .text.op_f32_Convert_i32_r_r  m3_compile.o
    0x0800c4ca   0x0800c4ca   0x00000002   PAD
    0x0800c4cc   0x0800c4cc   0x0000006e   Code   RO         1511    .text.op_f32_Convert_i32_r_s  m3_compile.o
    0x0800c53a   0x0800c53a   0x00000002   PAD
    0x0800c53c   0x0800c53c   0x00000064   Code   RO         1513    .text.op_f32_Convert_i32_s_r  m3_compile.o
    0x0800c5a0   0x0800c5a0   0x00000074   Code   RO         1515    .text.op_f32_Convert_i32_s_s  m3_compile.o
    0x0800c614   0x0800c614   0x00000060   Code   RO         1525    .text.op_f32_Convert_i64_r_r  m3_compile.o
    0x0800c674   0x0800c674   0x00000078   Code   RO         1527    .text.op_f32_Convert_i64_r_s  m3_compile.o
    0x0800c6ec   0x0800c6ec   0x00000066   Code   RO         1529    .text.op_f32_Convert_i64_s_r  m3_compile.o
    0x0800c752   0x0800c752   0x00000002   PAD
    0x0800c754   0x0800c754   0x0000007e   Code   RO         1531    .text.op_f32_Convert_i64_s_s  m3_compile.o
    0x0800c7d2   0x0800c7d2   0x00000002   PAD
    0x0800c7d4   0x0800c7d4   0x0000005e   Code   RO         1517    .text.op_f32_Convert_u32_r_r  m3_compile.o
    0x0800c832   0x0800c832   0x00000002   PAD
    0x0800c834   0x0800c834   0x0000006e   Code   RO         1519    .text.op_f32_Convert_u32_r_s  m3_compile.o
    0x0800c8a2   0x0800c8a2   0x00000002   PAD
    0x0800c8a4   0x0800c8a4   0x00000064   Code   RO         1521    .text.op_f32_Convert_u32_s_r  m3_compile.o
    0x0800c908   0x0800c908   0x00000074   Code   RO         1523    .text.op_f32_Convert_u32_s_s  m3_compile.o
    0x0800c97c   0x0800c97c   0x00000060   Code   RO         1533    .text.op_f32_Convert_u64_r_r  m3_compile.o
    0x0800c9dc   0x0800c9dc   0x00000078   Code   RO         1535    .text.op_f32_Convert_u64_r_s  m3_compile.o
    0x0800ca54   0x0800ca54   0x00000066   Code   RO         1537    .text.op_f32_Convert_u64_s_r  m3_compile.o
    0x0800caba   0x0800caba   0x00000002   PAD
    0x0800cabc   0x0800cabc   0x0000007e   Code   RO         1539    .text.op_f32_Convert_u64_s_s  m3_compile.o
    0x0800cb3a   0x0800cb3a   0x00000002   PAD
    0x0800cb3c   0x0800cb3c   0x00000078   Code   RO         1365    .text.op_f32_CopySign_rs  m3_compile.o
    0x0800cbb4   0x0800cbb4   0x00000076   Code   RO         1367    .text.op_f32_CopySign_sr  m3_compile.o
    0x0800cc2a   0x0800cc2a   0x00000002   PAD
    0x0800cc2c   0x0800cc2c   0x00000080   Code   RO         1369    .text.op_f32_CopySign_ss  m3_compile.o
    0x0800ccac   0x0800ccac   0x00000060   Code   RO         1541    .text.op_f32_Demote_f64_r  m3_compile.o
    0x0800cd0c   0x0800cd0c   0x00000078   Code   RO         1543    .text.op_f32_Demote_f64_s  m3_compile.o
    0x0800cd84   0x0800cd84   0x0000007c   Code   RO         1351    .text.op_f32_Divide_rs  m3_compile.o
    0x0800ce00   0x0800ce00   0x00000076   Code   RO         1353    .text.op_f32_Divide_sr  m3_compile.o
    0x0800ce76   0x0800ce76   0x00000002   PAD
    0x0800ce78   0x0800ce78   0x00000080   Code   RO         1355    .text.op_f32_Divide_ss  m3_compile.o
    0x0800cef8   0x0800cef8   0x00000080   Code   RO         1061    .text.op_f32_Equal_rs  m3_compile.o
    0x0800cf78   0x0800cf78   0x00000084   Code   RO         1063    .text.op_f32_Equal_ss  m3_compile.o
    0x0800cffc   0x0800cffc   0x00000064   Code   RO         1321    .text.op_f32_Floor_r  m3_compile.o
    0x0800d060   0x0800d060   0x0000006e   Code   RO         1323    .text.op_f32_Floor_s  m3_compile.o
    0x0800d0ce   0x0800d0ce   0x00000002   PAD
    0x0800d0d0   0x0800d0d0   0x00000080   Code   RO         1087    .text.op_f32_GreaterThanOrEqual_rs  m3_compile.o
    0x0800d150   0x0800d150   0x0000007a   Code   RO         1089    .text.op_f32_GreaterThanOrEqual_sr  m3_compile.o
    0x0800d1ca   0x0800d1ca   0x00000002   PAD
    0x0800d1cc   0x0800d1cc   0x00000084   Code   RO         1091    .text.op_f32_GreaterThanOrEqual_ss  m3_compile.o
    0x0800d250   0x0800d250   0x00000080   Code   RO         1075    .text.op_f32_GreaterThan_rs  m3_compile.o
    0x0800d2d0   0x0800d2d0   0x0000007a   Code   RO         1077    .text.op_f32_GreaterThan_sr  m3_compile.o
    0x0800d34a   0x0800d34a   0x00000002   PAD
    0x0800d34c   0x0800d34c   0x00000084   Code   RO         1079    .text.op_f32_GreaterThan_ss  m3_compile.o
    0x0800d3d0   0x0800d3d0   0x00000080   Code   RO         1081    .text.op_f32_LessThanOrEqual_rs  m3_compile.o
    0x0800d450   0x0800d450   0x0000007a   Code   RO         1083    .text.op_f32_LessThanOrEqual_sr  m3_compile.o
    0x0800d4ca   0x0800d4ca   0x00000002   PAD
    0x0800d4cc   0x0800d4cc   0x00000084   Code   RO         1085    .text.op_f32_LessThanOrEqual_ss  m3_compile.o
    0x0800d550   0x0800d550   0x00000080   Code   RO         1069    .text.op_f32_LessThan_rs  m3_compile.o
    0x0800d5d0   0x0800d5d0   0x0000007a   Code   RO         1071    .text.op_f32_LessThan_sr  m3_compile.o
    0x0800d64a   0x0800d64a   0x00000002   PAD
    0x0800d64c   0x0800d64c   0x00000084   Code   RO         1073    .text.op_f32_LessThan_ss  m3_compile.o
    0x0800d6d0   0x0800d6d0   0x000000b6   Code   RO          835    .text.op_f32_Load_f32_r  m3_compile.o
    0x0800d786   0x0800d786   0x00000002   PAD
    0x0800d788   0x0800d788   0x000000c2   Code   RO          837    .text.op_f32_Load_f32_s  m3_compile.o
    0x0800d84a   0x0800d84a   0x00000002   PAD
    0x0800d84c   0x0800d84c   0x00000078   Code   RO         1361    .text.op_f32_Max_rs  m3_compile.o
    0x0800d8c4   0x0800d8c4   0x00000080   Code   RO         1363    .text.op_f32_Max_ss  m3_compile.o
    0x0800d944   0x0800d944   0x00000078   Code   RO         1357    .text.op_f32_Min_rs  m3_compile.o
    0x0800d9bc   0x0800d9bc   0x00000080   Code   RO         1359    .text.op_f32_Min_ss  m3_compile.o
    0x0800da3c   0x0800da3c   0x0000007c   Code   RO         1347    .text.op_f32_Multiply_rs  m3_compile.o
    0x0800dab8   0x0800dab8   0x00000080   Code   RO         1349    .text.op_f32_Multiply_ss  m3_compile.o
    0x0800db38   0x0800db38   0x00000064   Code   RO         1329    .text.op_f32_Nearest_r  m3_compile.o
    0x0800db9c   0x0800db9c   0x0000006e   Code   RO         1331    .text.op_f32_Nearest_s  m3_compile.o
    0x0800dc0a   0x0800dc0a   0x00000002   PAD
    0x0800dc0c   0x0800dc0c   0x00000064   Code   RO         1313    .text.op_f32_Negate_r  m3_compile.o
    0x0800dc70   0x0800dc70   0x0000006e   Code   RO         1315    .text.op_f32_Negate_s  m3_compile.o
    0x0800dcde   0x0800dcde   0x00000002   PAD
    0x0800dce0   0x0800dce0   0x00000080   Code   RO         1065    .text.op_f32_NotEqual_rs  m3_compile.o
    0x0800dd60   0x0800dd60   0x00000084   Code   RO         1067    .text.op_f32_NotEqual_ss  m3_compile.o
    0x0800dde4   0x0800dde4   0x0000005e   Code   RO         1597    .text.op_f32_Reinterpret_i32_r_r  m3_compile.o
    0x0800de42   0x0800de42   0x00000002   PAD
    0x0800de44   0x0800de44   0x0000006a   Code   RO         1599    .text.op_f32_Reinterpret_i32_r_s  m3_compile.o
    0x0800deae   0x0800deae   0x00000002   PAD
    0x0800deb0   0x0800deb0   0x00000064   Code   RO         1601    .text.op_f32_Reinterpret_i32_s_r  m3_compile.o
    0x0800df14   0x0800df14   0x00000070   Code   RO         1603    .text.op_f32_Reinterpret_i32_s_s  m3_compile.o
    0x0800df84   0x0800df84   0x00000064   Code   RO         1333    .text.op_f32_Sqrt_r  m3_compile.o
    0x0800dfe8   0x0800dfe8   0x0000006e   Code   RO         1335    .text.op_f32_Sqrt_s  m3_compile.o
    0x0800e056   0x0800e056   0x00000002   PAD
    0x0800e058   0x0800e058   0x000000b6   Code   RO          901    .text.op_f32_Store_f32_rr  m3_compile.o
    0x0800e10e   0x0800e10e   0x00000002   PAD
    0x0800e110   0x0800e110   0x000000c2   Code   RO          895    .text.op_f32_Store_f32_rs  m3_compile.o
    0x0800e1d2   0x0800e1d2   0x00000002   PAD
    0x0800e1d4   0x0800e1d4   0x000000c0   Code   RO          897    .text.op_f32_Store_f32_sr  m3_compile.o
    0x0800e294   0x0800e294   0x000000cc   Code   RO          899    .text.op_f32_Store_f32_ss  m3_compile.o
    0x0800e360   0x0800e360   0x0000007c   Code   RO         1341    .text.op_f32_Subtract_rs  m3_compile.o
    0x0800e3dc   0x0800e3dc   0x00000076   Code   RO         1343    .text.op_f32_Subtract_sr  m3_compile.o
    0x0800e452   0x0800e452   0x00000002   PAD
    0x0800e454   0x0800e454   0x00000080   Code   RO         1345    .text.op_f32_Subtract_ss  m3_compile.o
    0x0800e4d4   0x0800e4d4   0x00000064   Code   RO         1325    .text.op_f32_Trunc_r  m3_compile.o
    0x0800e538   0x0800e538   0x0000006e   Code   RO         1327    .text.op_f32_Trunc_s  m3_compile.o
    0x0800e5a6   0x0800e5a6   0x00000002   PAD
    0x0800e5a8   0x0800e5a8   0x00000058   Code   RO         1371    .text.op_f64_Abs_r  m3_compile.o
    0x0800e600   0x0800e600   0x00000074   Code   RO         1373    .text.op_f64_Abs_s  m3_compile.o
    0x0800e674   0x0800e674   0x00000078   Code   RO         1399    .text.op_f64_Add_rs  m3_compile.o
    0x0800e6ec   0x0800e6ec   0x00000090   Code   RO         1401    .text.op_f64_Add_ss  m3_compile.o
    0x0800e77c   0x0800e77c   0x0000005c   Code   RO         1379    .text.op_f64_Ceil_r  m3_compile.o
    0x0800e7d8   0x0800e7d8   0x00000074   Code   RO         1381    .text.op_f64_Ceil_s  m3_compile.o
    0x0800e84c   0x0800e84c   0x0000005a   Code   RO         1545    .text.op_f64_Convert_i32_r_r  m3_compile.o
    0x0800e8a6   0x0800e8a6   0x00000002   PAD
    0x0800e8a8   0x0800e8a8   0x0000006a   Code   RO         1547    .text.op_f64_Convert_i32_r_s  m3_compile.o
    0x0800e912   0x0800e912   0x00000002   PAD
    0x0800e914   0x0800e914   0x00000072   Code   RO         1549    .text.op_f64_Convert_i32_s_r  m3_compile.o
    0x0800e986   0x0800e986   0x00000002   PAD
    0x0800e988   0x0800e988   0x00000082   Code   RO         1551    .text.op_f64_Convert_i32_s_s  m3_compile.o
    0x0800ea0a   0x0800ea0a   0x00000002   PAD
    0x0800ea0c   0x0800ea0c   0x0000005c   Code   RO         1561    .text.op_f64_Convert_i64_r_r  m3_compile.o
    0x0800ea68   0x0800ea68   0x00000074   Code   RO         1563    .text.op_f64_Convert_i64_r_s  m3_compile.o
    0x0800eadc   0x0800eadc   0x00000074   Code   RO         1565    .text.op_f64_Convert_i64_s_r  m3_compile.o
    0x0800eb50   0x0800eb50   0x0000008c   Code   RO         1567    .text.op_f64_Convert_i64_s_s  m3_compile.o
    0x0800ebdc   0x0800ebdc   0x0000005a   Code   RO         1553    .text.op_f64_Convert_u32_r_r  m3_compile.o
    0x0800ec36   0x0800ec36   0x00000002   PAD
    0x0800ec38   0x0800ec38   0x0000006a   Code   RO         1555    .text.op_f64_Convert_u32_r_s  m3_compile.o
    0x0800eca2   0x0800eca2   0x00000002   PAD
    0x0800eca4   0x0800eca4   0x00000072   Code   RO         1557    .text.op_f64_Convert_u32_s_r  m3_compile.o
    0x0800ed16   0x0800ed16   0x00000002   PAD
    0x0800ed18   0x0800ed18   0x00000082   Code   RO         1559    .text.op_f64_Convert_u32_s_s  m3_compile.o
    0x0800ed9a   0x0800ed9a   0x00000002   PAD
    0x0800ed9c   0x0800ed9c   0x0000005c   Code   RO         1569    .text.op_f64_Convert_u64_r_r  m3_compile.o
    0x0800edf8   0x0800edf8   0x00000074   Code   RO         1571    .text.op_f64_Convert_u64_r_s  m3_compile.o
    0x0800ee6c   0x0800ee6c   0x00000074   Code   RO         1573    .text.op_f64_Convert_u64_s_r  m3_compile.o
    0x0800eee0   0x0800eee0   0x0000008c   Code   RO         1575    .text.op_f64_Convert_u64_s_s  m3_compile.o
    0x0800ef6c   0x0800ef6c   0x00000078   Code   RO         1427    .text.op_f64_CopySign_rs  m3_compile.o
    0x0800efe4   0x0800efe4   0x00000078   Code   RO         1429    .text.op_f64_CopySign_sr  m3_compile.o
    0x0800f05c   0x0800f05c   0x00000090   Code   RO         1431    .text.op_f64_CopySign_ss  m3_compile.o
    0x0800f0ec   0x0800f0ec   0x00000078   Code   RO         1413    .text.op_f64_Divide_rs  m3_compile.o
    0x0800f164   0x0800f164   0x00000078   Code   RO         1415    .text.op_f64_Divide_sr  m3_compile.o
    0x0800f1dc   0x0800f1dc   0x00000090   Code   RO         1417    .text.op_f64_Divide_ss  m3_compile.o
    0x0800f26c   0x0800f26c   0x00000080   Code   RO         1093    .text.op_f64_Equal_rs  m3_compile.o
    0x0800f2ec   0x0800f2ec   0x00000098   Code   RO         1095    .text.op_f64_Equal_ss  m3_compile.o
    0x0800f384   0x0800f384   0x0000005c   Code   RO         1383    .text.op_f64_Floor_r  m3_compile.o
    0x0800f3e0   0x0800f3e0   0x00000074   Code   RO         1385    .text.op_f64_Floor_s  m3_compile.o
    0x0800f454   0x0800f454   0x00000080   Code   RO         1119    .text.op_f64_GreaterThanOrEqual_rs  m3_compile.o
    0x0800f4d4   0x0800f4d4   0x00000080   Code   RO         1121    .text.op_f64_GreaterThanOrEqual_sr  m3_compile.o
    0x0800f554   0x0800f554   0x00000098   Code   RO         1123    .text.op_f64_GreaterThanOrEqual_ss  m3_compile.o
    0x0800f5ec   0x0800f5ec   0x00000080   Code   RO         1107    .text.op_f64_GreaterThan_rs  m3_compile.o
    0x0800f66c   0x0800f66c   0x00000080   Code   RO         1109    .text.op_f64_GreaterThan_sr  m3_compile.o
    0x0800f6ec   0x0800f6ec   0x00000098   Code   RO         1111    .text.op_f64_GreaterThan_ss  m3_compile.o
    0x0800f784   0x0800f784   0x00000080   Code   RO         1113    .text.op_f64_LessThanOrEqual_rs  m3_compile.o
    0x0800f804   0x0800f804   0x00000080   Code   RO         1115    .text.op_f64_LessThanOrEqual_sr  m3_compile.o
    0x0800f884   0x0800f884   0x00000098   Code   RO         1117    .text.op_f64_LessThanOrEqual_ss  m3_compile.o
    0x0800f91c   0x0800f91c   0x00000080   Code   RO         1101    .text.op_f64_LessThan_rs  m3_compile.o
    0x0800f99c   0x0800f99c   0x00000080   Code   RO         1103    .text.op_f64_LessThan_sr  m3_compile.o
    0x0800fa1c   0x0800fa1c   0x00000098   Code   RO         1105    .text.op_f64_LessThan_ss  m3_compile.o
    0x0800fab4   0x0800fab4   0x000000ba   Code   RO          839    .text.op_f64_Load_f64_r  m3_compile.o
    0x0800fb6e   0x0800fb6e   0x00000002   PAD
    0x0800fb70   0x0800fb70   0x000000c6   Code   RO          841    .text.op_f64_Load_f64_s  m3_compile.o
    0x0800fc36   0x0800fc36   0x00000002   PAD
    0x0800fc38   0x0800fc38   0x00000078   Code   RO         1423    .text.op_f64_Max_rs  m3_compile.o
    0x0800fcb0   0x0800fcb0   0x00000090   Code   RO         1425    .text.op_f64_Max_ss  m3_compile.o
    0x0800fd40   0x0800fd40   0x00000078   Code   RO         1419    .text.op_f64_Min_rs  m3_compile.o
    0x0800fdb8   0x0800fdb8   0x00000090   Code   RO         1421    .text.op_f64_Min_ss  m3_compile.o
    0x0800fe48   0x0800fe48   0x00000078   Code   RO         1409    .text.op_f64_Multiply_rs  m3_compile.o
    0x0800fec0   0x0800fec0   0x00000090   Code   RO         1411    .text.op_f64_Multiply_ss  m3_compile.o
    0x0800ff50   0x0800ff50   0x0000005c   Code   RO         1391    .text.op_f64_Nearest_r  m3_compile.o
    0x0800ffac   0x0800ffac   0x00000074   Code   RO         1393    .text.op_f64_Nearest_s  m3_compile.o
    0x08010020   0x08010020   0x00000058   Code   RO         1375    .text.op_f64_Negate_r  m3_compile.o
    0x08010078   0x08010078   0x00000074   Code   RO         1377    .text.op_f64_Negate_s  m3_compile.o
    0x080100ec   0x080100ec   0x00000080   Code   RO         1097    .text.op_f64_NotEqual_rs  m3_compile.o
    0x0801016c   0x0801016c   0x00000098   Code   RO         1099    .text.op_f64_NotEqual_ss  m3_compile.o
    0x08010204   0x08010204   0x00000060   Code   RO         1577    .text.op_f64_Promote_f32_r  m3_compile.o
    0x08010264   0x08010264   0x0000006a   Code   RO         1579    .text.op_f64_Promote_f32_s  m3_compile.o
    0x080102ce   0x080102ce   0x00000002   PAD
    0x080102d0   0x080102d0   0x00000060   Code   RO         1605    .text.op_f64_Reinterpret_i64_r_r  m3_compile.o
    0x08010330   0x08010330   0x00000070   Code   RO         1607    .text.op_f64_Reinterpret_i64_r_s  m3_compile.o
    0x080103a0   0x080103a0   0x00000076   Code   RO         1609    .text.op_f64_Reinterpret_i64_s_r  m3_compile.o
    0x08010416   0x08010416   0x00000002   PAD
    0x08010418   0x08010418   0x00000086   Code   RO         1611    .text.op_f64_Reinterpret_i64_s_s  m3_compile.o
    0x0801049e   0x0801049e   0x00000002   PAD
    0x080104a0   0x080104a0   0x0000005c   Code   RO         1395    .text.op_f64_Sqrt_r  m3_compile.o
    0x080104fc   0x080104fc   0x00000074   Code   RO         1397    .text.op_f64_Sqrt_s  m3_compile.o
    0x08010570   0x08010570   0x000000ba   Code   RO          909    .text.op_f64_Store_f64_rr  m3_compile.o
    0x0801062a   0x0801062a   0x00000002   PAD
    0x0801062c   0x0801062c   0x000000c6   Code   RO          903    .text.op_f64_Store_f64_rs  m3_compile.o
    0x080106f2   0x080106f2   0x00000002   PAD
    0x080106f4   0x080106f4   0x000000d2   Code   RO          905    .text.op_f64_Store_f64_sr  m3_compile.o
    0x080107c6   0x080107c6   0x00000002   PAD
    0x080107c8   0x080107c8   0x000000de   Code   RO          907    .text.op_f64_Store_f64_ss  m3_compile.o
    0x080108a6   0x080108a6   0x00000002   PAD
    0x080108a8   0x080108a8   0x00000078   Code   RO         1403    .text.op_f64_Subtract_rs  m3_compile.o
    0x08010920   0x08010920   0x00000078   Code   RO         1405    .text.op_f64_Subtract_sr  m3_compile.o
    0x08010998   0x08010998   0x00000090   Code   RO         1407    .text.op_f64_Subtract_ss  m3_compile.o
    0x08010a28   0x08010a28   0x0000005c   Code   RO         1387    .text.op_f64_Trunc_r  m3_compile.o
    0x08010a84   0x08010a84   0x00000074   Code   RO         1389    .text.op_f64_Trunc_s  m3_compile.o
    0x08010af8   0x08010af8   0x0000006c   Code   RO         1137    .text.op_i32_Add_rs  m3_compile.o
    0x08010b64   0x08010b64   0x0000007c   Code   RO         1139    .text.op_i32_Add_ss  m3_compile.o
    0x08010be0   0x08010be0   0x000000ba   Code   RO         1151    .text.op_i32_Divide_rs  m3_compile.o
    0x08010c9a   0x08010c9a   0x00000002   PAD
    0x08010c9c   0x08010c9c   0x000000ba   Code   RO         1153    .text.op_i32_Divide_sr  m3_compile.o
    0x08010d56   0x08010d56   0x00000002   PAD
    0x08010d58   0x08010d58   0x000000ca   Code   RO         1155    .text.op_i32_Divide_ss  m3_compile.o
    0x08010e22   0x08010e22   0x00000002   PAD
    0x08010e24   0x08010e24   0x0000005e   Code   RO          941    .text.op_i32_EqualToZero_r  m3_compile.o
    0x08010e82   0x08010e82   0x00000002   PAD
    0x08010e84   0x08010e84   0x0000006e   Code   RO          943    .text.op_i32_EqualToZero_s  m3_compile.o
    0x08010ef2   0x08010ef2   0x00000002   PAD
    0x08010ef4   0x08010ef4   0x00000072   Code   RO          945    .text.op_i32_Equal_rs  m3_compile.o
    0x08010f66   0x08010f66   0x00000002   PAD
    0x08010f68   0x08010f68   0x00000082   Code   RO          947    .text.op_i32_Equal_ss  m3_compile.o
    0x08010fea   0x08010fea   0x00000002   PAD
    0x08010fec   0x08010fec   0x0000005a   Code   RO         1617    .text.op_i32_Extend16_s_r  m3_compile.o
    0x08011046   0x08011046   0x00000002   PAD
    0x08011048   0x08011048   0x0000006a   Code   RO         1619    .text.op_i32_Extend16_s_s  m3_compile.o
    0x080110b2   0x080110b2   0x00000002   PAD
    0x080110b4   0x080110b4   0x0000005a   Code   RO         1613    .text.op_i32_Extend8_s_r  m3_compile.o
    0x0801110e   0x0801110e   0x00000002   PAD
    0x08011110   0x08011110   0x0000006a   Code   RO         1615    .text.op_i32_Extend8_s_s  m3_compile.o
    0x0801117a   0x0801117a   0x00000002   PAD
    0x0801117c   0x0801117c   0x00000072   Code   RO          989    .text.op_i32_GreaterThanOrEqual_rs  m3_compile.o
    0x080111ee   0x080111ee   0x00000002   PAD
    0x080111f0   0x080111f0   0x00000072   Code   RO          991    .text.op_i32_GreaterThanOrEqual_sr  m3_compile.o
    0x08011262   0x08011262   0x00000002   PAD
    0x08011264   0x08011264   0x00000082   Code   RO          993    .text.op_i32_GreaterThanOrEqual_ss  m3_compile.o
    0x080112e6   0x080112e6   0x00000002   PAD
    0x080112e8   0x080112e8   0x00000072   Code   RO          965    .text.op_i32_GreaterThan_rs  m3_compile.o
    0x0801135a   0x0801135a   0x00000002   PAD
    0x0801135c   0x0801135c   0x00000072   Code   RO          967    .text.op_i32_GreaterThan_sr  m3_compile.o
    0x080113ce   0x080113ce   0x00000002   PAD
    0x080113d0   0x080113d0   0x00000082   Code   RO          969    .text.op_i32_GreaterThan_ss  m3_compile.o
    0x08011452   0x08011452   0x00000002   PAD
    0x08011454   0x08011454   0x00000072   Code   RO          977    .text.op_i32_LessThanOrEqual_rs  m3_compile.o
    0x080114c6   0x080114c6   0x00000002   PAD
    0x080114c8   0x080114c8   0x00000072   Code   RO          979    .text.op_i32_LessThanOrEqual_sr  m3_compile.o
    0x0801153a   0x0801153a   0x00000002   PAD
    0x0801153c   0x0801153c   0x00000082   Code   RO          981    .text.op_i32_LessThanOrEqual_ss  m3_compile.o
    0x080115be   0x080115be   0x00000002   PAD
    0x080115c0   0x080115c0   0x00000072   Code   RO          953    .text.op_i32_LessThan_rs  m3_compile.o
    0x08011632   0x08011632   0x00000002   PAD
    0x08011634   0x08011634   0x00000072   Code   RO          955    .text.op_i32_LessThan_sr  m3_compile.o
    0x080116a6   0x080116a6   0x00000002   PAD
    0x080116a8   0x080116a8   0x00000082   Code   RO          957    .text.op_i32_LessThan_ss  m3_compile.o
    0x0801172a   0x0801172a   0x00000002   PAD
    0x0801172c   0x0801172c   0x000000b8   Code   RO          851    .text.op_i32_Load_i16_r  m3_compile.o
    0x080117e4   0x080117e4   0x000000c4   Code   RO          853    .text.op_i32_Load_i16_s  m3_compile.o
    0x080118a8   0x080118a8   0x000000b4   Code   RO          827    .text.op_i32_Load_i32_r  m3_compile.o
    0x0801195c   0x0801195c   0x000000c0   Code   RO          829    .text.op_i32_Load_i32_s  m3_compile.o
    0x08011a1c   0x08011a1c   0x000000b8   Code   RO          843    .text.op_i32_Load_i8_r  m3_compile.o
    0x08011ad4   0x08011ad4   0x000000c4   Code   RO          845    .text.op_i32_Load_i8_s  m3_compile.o
    0x08011b98   0x08011b98   0x000000b8   Code   RO          855    .text.op_i32_Load_u16_r  m3_compile.o
    0x08011c50   0x08011c50   0x000000c4   Code   RO          857    .text.op_i32_Load_u16_s  m3_compile.o
    0x08011d14   0x08011d14   0x000000b8   Code   RO          847    .text.op_i32_Load_u8_r  m3_compile.o
    0x08011dcc   0x08011dcc   0x000000c4   Code   RO          849    .text.op_i32_Load_u8_s  m3_compile.o
    0x08011e90   0x08011e90   0x0000006c   Code   RO         1147    .text.op_i32_Multiply_rs  m3_compile.o
    0x08011efc   0x08011efc   0x0000007c   Code   RO         1149    .text.op_i32_Multiply_ss  m3_compile.o
    0x08011f78   0x08011f78   0x00000070   Code   RO          949    .text.op_i32_NotEqual_rs  m3_compile.o
    0x08011fe8   0x08011fe8   0x00000080   Code   RO          951    .text.op_i32_NotEqual_ss  m3_compile.o
    0x08012068   0x08012068   0x00000062   Code   RO         1581    .text.op_i32_Reinterpret_f32_r_r  m3_compile.o
    0x080120ca   0x080120ca   0x00000002   PAD
    0x080120cc   0x080120cc   0x00000068   Code   RO         1583    .text.op_i32_Reinterpret_f32_r_s  m3_compile.o
    0x08012134   0x08012134   0x0000006a   Code   RO         1585    .text.op_i32_Reinterpret_f32_s_r  m3_compile.o
    0x0801219e   0x0801219e   0x00000002   PAD
    0x080121a0   0x080121a0   0x00000070   Code   RO         1587    .text.op_i32_Reinterpret_f32_s_s  m3_compile.o
    0x08012210   0x08012210   0x000000ba   Code   RO         1163    .text.op_i32_Remainder_rs  m3_compile.o
    0x080122ca   0x080122ca   0x00000002   PAD
    0x080122cc   0x080122cc   0x000000ba   Code   RO         1165    .text.op_i32_Remainder_sr  m3_compile.o
    0x08012386   0x08012386   0x00000002   PAD
    0x08012388   0x08012388   0x000000ca   Code   RO         1167    .text.op_i32_Remainder_ss  m3_compile.o
    0x08012452   0x08012452   0x00000002   PAD
    0x08012454   0x08012454   0x00000072   Code   RO         1193    .text.op_i32_ShiftRight_rs  m3_compile.o
    0x080124c6   0x080124c6   0x00000002   PAD
    0x080124c8   0x080124c8   0x00000072   Code   RO         1195    .text.op_i32_ShiftRight_sr  m3_compile.o
    0x0801253a   0x0801253a   0x00000002   PAD
    0x0801253c   0x0801253c   0x00000082   Code   RO         1197    .text.op_i32_ShiftRight_ss  m3_compile.o
    0x080125be   0x080125be   0x00000002   PAD
    0x080125c0   0x080125c0   0x000000c2   Code   RO          917    .text.op_i32_Store_i16_rs  m3_compile.o
    0x08012682   0x08012682   0x00000002   PAD
    0x08012684   0x08012684   0x000000c4   Code   RO          919    .text.op_i32_Store_i16_sr  m3_compile.o
    0x08012748   0x08012748   0x000000d0   Code   RO          921    .text.op_i32_Store_i16_ss  m3_compile.o
    0x08012818   0x08012818   0x000000bc   Code   RO          883    .text.op_i32_Store_i32_rs  m3_compile.o
    0x080128d4   0x080128d4   0x000000c0   Code   RO          885    .text.op_i32_Store_i32_sr  m3_compile.o
    0x08012994   0x08012994   0x000000cc   Code   RO          887    .text.op_i32_Store_i32_ss  m3_compile.o
    0x08012a60   0x08012a60   0x000000c2   Code   RO          911    .text.op_i32_Store_u8_rs  m3_compile.o
    0x08012b22   0x08012b22   0x00000002   PAD
    0x08012b24   0x08012b24   0x000000c4   Code   RO          913    .text.op_i32_Store_u8_sr  m3_compile.o
    0x08012be8   0x08012be8   0x000000d0   Code   RO          915    .text.op_i32_Store_u8_ss  m3_compile.o
    0x08012cb8   0x08012cb8   0x0000006c   Code   RO         1141    .text.op_i32_Subtract_rs  m3_compile.o
    0x08012d24   0x08012d24   0x0000006c   Code   RO         1143    .text.op_i32_Subtract_sr  m3_compile.o
    0x08012d90   0x08012d90   0x0000007c   Code   RO         1145    .text.op_i32_Subtract_ss  m3_compile.o
    0x08012e0c   0x08012e0c   0x000000c6   Code   RO         1633    .text.op_i32_TruncSat_f32_r_r  m3_compile.o
    0x08012ed2   0x08012ed2   0x00000002   PAD
    0x08012ed4   0x08012ed4   0x000000c6   Code   RO         1635    .text.op_i32_TruncSat_f32_r_s  m3_compile.o
    0x08012f9a   0x08012f9a   0x00000002   PAD
    0x08012f9c   0x08012f9c   0x000000cc   Code   RO         1637    .text.op_i32_TruncSat_f32_s_r  m3_compile.o
    0x08013068   0x08013068   0x000000cc   Code   RO         1639    .text.op_i32_TruncSat_f32_s_s  m3_compile.o
    0x08013134   0x08013134   0x000000be   Code   RO         1649    .text.op_i32_TruncSat_f64_r_r  m3_compile.o
    0x080131f2   0x080131f2   0x00000002   PAD
    0x080131f4   0x080131f4   0x000000d6   Code   RO         1651    .text.op_i32_TruncSat_f64_r_s  m3_compile.o
    0x080132ca   0x080132ca   0x00000002   PAD
    0x080132cc   0x080132cc   0x000000c4   Code   RO         1653    .text.op_i32_TruncSat_f64_s_r  m3_compile.o
    0x08013390   0x08013390   0x000000dc   Code   RO         1655    .text.op_i32_TruncSat_f64_s_s  m3_compile.o
    0x0801346c   0x0801346c   0x000000d4   Code   RO         1437    .text.op_i32_Trunc_f32_r_r  m3_compile.o
    0x08013540   0x08013540   0x000000d4   Code   RO         1439    .text.op_i32_Trunc_f32_r_s  m3_compile.o
    0x08013614   0x08013614   0x000000e0   Code   RO         1441    .text.op_i32_Trunc_f32_s_r  m3_compile.o
    0x080136f4   0x080136f4   0x000000e0   Code   RO         1443    .text.op_i32_Trunc_f32_s_s  m3_compile.o
    0x080137d4   0x080137d4   0x000000cc   Code   RO         1453    .text.op_i32_Trunc_f64_r_r  m3_compile.o
    0x080138a0   0x080138a0   0x000000e4   Code   RO         1455    .text.op_i32_Trunc_f64_r_s  m3_compile.o
    0x08013984   0x08013984   0x000000d8   Code   RO         1457    .text.op_i32_Trunc_f64_s_r  m3_compile.o
    0x08013a5c   0x08013a5c   0x000000f0   Code   RO         1459    .text.op_i32_Trunc_f64_s_s  m3_compile.o
    0x08013b4c   0x08013b4c   0x00000054   Code   RO         1433    .text.op_i32_Wrap_i64_r  m3_compile.o
    0x08013ba0   0x08013ba0   0x00000070   Code   RO         1435    .text.op_i32_Wrap_i64_s  m3_compile.o
    0x08013c10   0x08013c10   0x00000078   Code   RO         1229    .text.op_i64_Add_rs  m3_compile.o
    0x08013c88   0x08013c88   0x00000090   Code   RO         1231    .text.op_i64_Add_ss  m3_compile.o
    0x08013d18   0x08013d18   0x000000d0   Code   RO         1243    .text.op_i64_Divide_rs  m3_compile.o
    0x08013de8   0x08013de8   0x000000d0   Code   RO         1245    .text.op_i64_Divide_sr  m3_compile.o
    0x08013eb8   0x08013eb8   0x000000e8   Code   RO         1247    .text.op_i64_Divide_ss  m3_compile.o
    0x08013fa0   0x08013fa0   0x00000062   Code   RO         1001    .text.op_i64_EqualToZero_r  m3_compile.o
    0x08014002   0x08014002   0x00000002   PAD
    0x08014004   0x08014004   0x0000007a   Code   RO         1003    .text.op_i64_EqualToZero_s  m3_compile.o
    0x0801407e   0x0801407e   0x00000002   PAD
    0x08014080   0x08014080   0x00000082   Code   RO         1005    .text.op_i64_Equal_rs  m3_compile.o
    0x08014102   0x08014102   0x00000002   PAD
    0x08014104   0x08014104   0x0000009a   Code   RO         1007    .text.op_i64_Equal_ss  m3_compile.o
    0x0801419e   0x0801419e   0x00000002   PAD
    0x080141a0   0x080141a0   0x0000005a   Code   RO         1625    .text.op_i64_Extend16_s_r  m3_compile.o
    0x080141fa   0x080141fa   0x00000002   PAD
    0x080141fc   0x080141fc   0x00000072   Code   RO         1627    .text.op_i64_Extend16_s_s  m3_compile.o
    0x0801426e   0x0801426e   0x00000002   PAD
    0x08014270   0x08014270   0x00000056   Code   RO         1629    .text.op_i64_Extend32_s_r  m3_compile.o
    0x080142c6   0x080142c6   0x00000002   PAD
    0x080142c8   0x080142c8   0x00000070   Code   RO         1631    .text.op_i64_Extend32_s_s  m3_compile.o
    0x08014338   0x08014338   0x0000005a   Code   RO         1621    .text.op_i64_Extend8_s_r  m3_compile.o
    0x08014392   0x08014392   0x00000002   PAD
    0x08014394   0x08014394   0x00000072   Code   RO         1623    .text.op_i64_Extend8_s_s  m3_compile.o
    0x08014406   0x08014406   0x00000002   PAD
    0x08014408   0x08014408   0x00000056   Code   RO         1469    .text.op_i64_Extend_i32_r  m3_compile.o
    0x0801445e   0x0801445e   0x00000002   PAD
    0x08014460   0x08014460   0x00000068   Code   RO         1471    .text.op_i64_Extend_i32_s  m3_compile.o
    0x080144c8   0x080144c8   0x00000054   Code   RO         1473    .text.op_i64_Extend_u32_r  m3_compile.o
    0x0801451c   0x0801451c   0x00000068   Code   RO         1475    .text.op_i64_Extend_u32_s  m3_compile.o
    0x08014584   0x08014584   0x00000082   Code   RO         1049    .text.op_i64_GreaterThanOrEqual_rs  m3_compile.o
    0x08014606   0x08014606   0x00000002   PAD
    0x08014608   0x08014608   0x00000082   Code   RO         1051    .text.op_i64_GreaterThanOrEqual_sr  m3_compile.o
    0x0801468a   0x0801468a   0x00000002   PAD
    0x0801468c   0x0801468c   0x0000009a   Code   RO         1053    .text.op_i64_GreaterThanOrEqual_ss  m3_compile.o
    0x08014726   0x08014726   0x00000002   PAD
    0x08014728   0x08014728   0x00000082   Code   RO         1025    .text.op_i64_GreaterThan_rs  m3_compile.o
    0x080147aa   0x080147aa   0x00000002   PAD
    0x080147ac   0x080147ac   0x00000082   Code   RO         1027    .text.op_i64_GreaterThan_sr  m3_compile.o
    0x0801482e   0x0801482e   0x00000002   PAD
    0x08014830   0x08014830   0x0000009a   Code   RO         1029    .text.op_i64_GreaterThan_ss  m3_compile.o
    0x080148ca   0x080148ca   0x00000002   PAD
    0x080148cc   0x080148cc   0x00000082   Code   RO         1037    .text.op_i64_LessThanOrEqual_rs  m3_compile.o
    0x0801494e   0x0801494e   0x00000002   PAD
    0x08014950   0x08014950   0x00000082   Code   RO         1039    .text.op_i64_LessThanOrEqual_sr  m3_compile.o
    0x080149d2   0x080149d2   0x00000002   PAD
    0x080149d4   0x080149d4   0x0000009a   Code   RO         1041    .text.op_i64_LessThanOrEqual_ss  m3_compile.o
    0x08014a6e   0x08014a6e   0x00000002   PAD
    0x08014a70   0x08014a70   0x00000082   Code   RO         1013    .text.op_i64_LessThan_rs  m3_compile.o
    0x08014af2   0x08014af2   0x00000002   PAD
    0x08014af4   0x08014af4   0x00000082   Code   RO         1015    .text.op_i64_LessThan_sr  m3_compile.o
    0x08014b76   0x08014b76   0x00000002   PAD
    0x08014b78   0x08014b78   0x0000009a   Code   RO         1017    .text.op_i64_LessThan_ss  m3_compile.o
    0x08014c12   0x08014c12   0x00000002   PAD
    0x08014c14   0x08014c14   0x000000b8   Code   RO          867    .text.op_i64_Load_i16_r  m3_compile.o
    0x08014ccc   0x08014ccc   0x000000c4   Code   RO          869    .text.op_i64_Load_i16_s  m3_compile.o
    0x08014d90   0x08014d90   0x000000b4   Code   RO          875    .text.op_i64_Load_i32_r  m3_compile.o
    0x08014e44   0x08014e44   0x000000c0   Code   RO          877    .text.op_i64_Load_i32_s  m3_compile.o
    0x08014f04   0x08014f04   0x000000ba   Code   RO          831    .text.op_i64_Load_i64_r  m3_compile.o
    0x08014fbe   0x08014fbe   0x00000002   PAD
    0x08014fc0   0x08014fc0   0x000000c6   Code   RO          833    .text.op_i64_Load_i64_s  m3_compile.o
    0x08015086   0x08015086   0x00000002   PAD
    0x08015088   0x08015088   0x000000b8   Code   RO          859    .text.op_i64_Load_i8_r  m3_compile.o
    0x08015140   0x08015140   0x000000c4   Code   RO          861    .text.op_i64_Load_i8_s  m3_compile.o
    0x08015204   0x08015204   0x000000b8   Code   RO          871    .text.op_i64_Load_u16_r  m3_compile.o
    0x080152bc   0x080152bc   0x000000c4   Code   RO          873    .text.op_i64_Load_u16_s  m3_compile.o
    0x08015380   0x08015380   0x000000b4   Code   RO          879    .text.op_i64_Load_u32_r  m3_compile.o
    0x08015434   0x08015434   0x000000c0   Code   RO          881    .text.op_i64_Load_u32_s  m3_compile.o
    0x080154f4   0x080154f4   0x000000b8   Code   RO          863    .text.op_i64_Load_u8_r  m3_compile.o
    0x080155ac   0x080155ac   0x000000c4   Code   RO          865    .text.op_i64_Load_u8_s  m3_compile.o
    0x08015670   0x08015670   0x00000082   Code   RO         1239    .text.op_i64_Multiply_rs  m3_compile.o
    0x080156f2   0x080156f2   0x00000002   PAD
    0x080156f4   0x080156f4   0x0000009a   Code   RO         1241    .text.op_i64_Multiply_ss  m3_compile.o
    0x0801578e   0x0801578e   0x00000002   PAD
    0x08015790   0x08015790   0x00000082   Code   RO         1009    .text.op_i64_NotEqual_rs  m3_compile.o
    0x08015812   0x08015812   0x00000002   PAD
    0x08015814   0x08015814   0x0000009a   Code   RO         1011    .text.op_i64_NotEqual_ss  m3_compile.o
    0x080158ae   0x080158ae   0x00000002   PAD
    0x080158b0   0x080158b0   0x00000060   Code   RO         1589    .text.op_i64_Reinterpret_f64_r_r  m3_compile.o
    0x08015910   0x08015910   0x00000070   Code   RO         1591    .text.op_i64_Reinterpret_f64_r_s  m3_compile.o
    0x08015980   0x08015980   0x00000076   Code   RO         1593    .text.op_i64_Reinterpret_f64_s_r  m3_compile.o
    0x080159f6   0x080159f6   0x00000002   PAD
    0x080159f8   0x080159f8   0x00000086   Code   RO         1595    .text.op_i64_Reinterpret_f64_s_s  m3_compile.o
    0x08015a7e   0x08015a7e   0x00000002   PAD
    0x08015a80   0x08015a80   0x000000cc   Code   RO         1255    .text.op_i64_Remainder_rs  m3_compile.o
    0x08015b4c   0x08015b4c   0x000000cc   Code   RO         1257    .text.op_i64_Remainder_sr  m3_compile.o
    0x08015c18   0x08015c18   0x000000e4   Code   RO         1259    .text.op_i64_Remainder_ss  m3_compile.o
    0x08015cfc   0x08015cfc   0x0000009a   Code   RO         1285    .text.op_i64_ShiftRight_rs  m3_compile.o
    0x08015d96   0x08015d96   0x00000002   PAD
    0x08015d98   0x08015d98   0x0000009a   Code   RO         1287    .text.op_i64_ShiftRight_sr  m3_compile.o
    0x08015e32   0x08015e32   0x00000002   PAD
    0x08015e34   0x08015e34   0x000000b2   Code   RO         1289    .text.op_i64_ShiftRight_ss  m3_compile.o
    0x08015ee6   0x08015ee6   0x00000002   PAD
    0x08015ee8   0x08015ee8   0x000000c2   Code   RO          929    .text.op_i64_Store_i16_rs  m3_compile.o
    0x08015faa   0x08015faa   0x00000002   PAD
    0x08015fac   0x08015fac   0x000000ce   Code   RO          931    .text.op_i64_Store_i16_sr  m3_compile.o
    0x0801607a   0x0801607a   0x00000002   PAD
    0x0801607c   0x0801607c   0x000000da   Code   RO          933    .text.op_i64_Store_i16_ss  m3_compile.o
    0x08016156   0x08016156   0x00000002   PAD
    0x08016158   0x08016158   0x000000bc   Code   RO          935    .text.op_i64_Store_i32_rs  m3_compile.o
    0x08016214   0x08016214   0x000000c8   Code   RO          937    .text.op_i64_Store_i32_sr  m3_compile.o
    0x080162dc   0x080162dc   0x000000d4   Code   RO          939    .text.op_i64_Store_i32_ss  m3_compile.o
    0x080163b0   0x080163b0   0x000000c6   Code   RO          889    .text.op_i64_Store_i64_rs  m3_compile.o
    0x08016476   0x08016476   0x00000002   PAD
    0x08016478   0x08016478   0x000000d2   Code   RO          891    .text.op_i64_Store_i64_sr  m3_compile.o
    0x0801654a   0x0801654a   0x00000002   PAD
    0x0801654c   0x0801654c   0x000000de   Code   RO          893    .text.op_i64_Store_i64_ss  m3_compile.o
    0x0801662a   0x0801662a   0x00000002   PAD
    0x0801662c   0x0801662c   0x000000c2   Code   RO          923    .text.op_i64_Store_u8_rs  m3_compile.o
    0x080166ee   0x080166ee   0x00000002   PAD
    0x080166f0   0x080166f0   0x000000ce   Code   RO          925    .text.op_i64_Store_u8_sr  m3_compile.o
    0x080167be   0x080167be   0x00000002   PAD
    0x080167c0   0x080167c0   0x000000da   Code   RO          927    .text.op_i64_Store_u8_ss  m3_compile.o
    0x0801689a   0x0801689a   0x00000002   PAD
    0x0801689c   0x0801689c   0x00000078   Code   RO         1233    .text.op_i64_Subtract_rs  m3_compile.o
    0x08016914   0x08016914   0x00000078   Code   RO         1235    .text.op_i64_Subtract_sr  m3_compile.o
    0x0801698c   0x0801698c   0x00000090   Code   RO         1237    .text.op_i64_Subtract_ss  m3_compile.o
    0x08016a1c   0x08016a1c   0x000000c2   Code   RO         1665    .text.op_i64_TruncSat_f32_r_r  m3_compile.o
    0x08016ade   0x08016ade   0x00000002   PAD
    0x08016ae0   0x08016ae0   0x000000c2   Code   RO         1667    .text.op_i64_TruncSat_f32_r_s  m3_compile.o
    0x08016ba2   0x08016ba2   0x00000002   PAD
    0x08016ba4   0x08016ba4   0x000000dc   Code   RO         1669    .text.op_i64_TruncSat_f32_s_r  m3_compile.o
    0x08016c80   0x08016c80   0x000000dc   Code   RO         1671    .text.op_i64_TruncSat_f32_s_s  m3_compile.o
    0x08016d5c   0x08016d5c   0x000000b8   Code   RO         1681    .text.op_i64_TruncSat_f64_r_r  m3_compile.o
    0x08016e14   0x08016e14   0x000000d0   Code   RO         1683    .text.op_i64_TruncSat_f64_r_s  m3_compile.o
    0x08016ee4   0x08016ee4   0x000000d2   Code   RO         1685    .text.op_i64_TruncSat_f64_s_r  m3_compile.o
    0x08016fb6   0x08016fb6   0x00000002   PAD
    0x08016fb8   0x08016fb8   0x000000ea   Code   RO         1687    .text.op_i64_TruncSat_f64_s_s  m3_compile.o
    0x080170a2   0x080170a2   0x00000002   PAD
    0x080170a4   0x080170a4   0x000000d0   Code   RO         1477    .text.op_i64_Trunc_f32_r_r  m3_compile.o
    0x08017174   0x08017174   0x000000d0   Code   RO         1479    .text.op_i64_Trunc_f32_r_s  m3_compile.o
    0x08017244   0x08017244   0x000000e4   Code   RO         1481    .text.op_i64_Trunc_f32_s_r  m3_compile.o
    0x08017328   0x08017328   0x000000e4   Code   RO         1483    .text.op_i64_Trunc_f32_s_s  m3_compile.o
    0x0801740c   0x0801740c   0x000000c8   Code   RO         1493    .text.op_i64_Trunc_f64_r_r  m3_compile.o
    0x080174d4   0x080174d4   0x000000e0   Code   RO         1495    .text.op_i64_Trunc_f64_r_s  m3_compile.o
    0x080175b4   0x080175b4   0x000000dc   Code   RO         1497    .text.op_i64_Trunc_f64_s_r  m3_compile.o
    0x08017690   0x08017690   0x000000f4   Code   RO         1499    .text.op_i64_Trunc_f64_s_s  m3_compile.o
    0x08017784   0x08017784   0x0000006c   Code   RO         1175    .text.op_u32_And_rs  m3_compile.o
    0x080177f0   0x080177f0   0x0000007c   Code   RO         1177    .text.op_u32_And_ss  m3_compile.o
    0x0801786c   0x0801786c   0x0000006e   Code   RO         1125    .text.op_u32_Clz_r  m3_compile.o
    0x080178da   0x080178da   0x00000002   PAD
    0x080178dc   0x080178dc   0x0000007e   Code   RO         1127    .text.op_u32_Clz_s  m3_compile.o
    0x0801795a   0x0801795a   0x00000002   PAD
    0x0801795c   0x0801795c   0x00000072   Code   RO         1129    .text.op_u32_Ctz_r  m3_compile.o
    0x080179ce   0x080179ce   0x00000002   PAD
    0x080179d0   0x080179d0   0x00000082   Code   RO         1131    .text.op_u32_Ctz_s  m3_compile.o
    0x08017a52   0x08017a52   0x00000002   PAD
    0x08017a54   0x08017a54   0x00000088   Code   RO         1157    .text.op_u32_Divide_rs  m3_compile.o
    0x08017adc   0x08017adc   0x00000088   Code   RO         1159    .text.op_u32_Divide_sr  m3_compile.o
    0x08017b64   0x08017b64   0x00000098   Code   RO         1161    .text.op_u32_Divide_ss  m3_compile.o
    0x08017bfc   0x08017bfc   0x00000072   Code   RO          995    .text.op_u32_GreaterThanOrEqual_rs  m3_compile.o
    0x08017c6e   0x08017c6e   0x00000002   PAD
    0x08017c70   0x08017c70   0x00000072   Code   RO          997    .text.op_u32_GreaterThanOrEqual_sr  m3_compile.o
    0x08017ce2   0x08017ce2   0x00000002   PAD
    0x08017ce4   0x08017ce4   0x00000082   Code   RO          999    .text.op_u32_GreaterThanOrEqual_ss  m3_compile.o
    0x08017d66   0x08017d66   0x00000002   PAD
    0x08017d68   0x08017d68   0x00000072   Code   RO          971    .text.op_u32_GreaterThan_rs  m3_compile.o
    0x08017dda   0x08017dda   0x00000002   PAD
    0x08017ddc   0x08017ddc   0x00000072   Code   RO          973    .text.op_u32_GreaterThan_sr  m3_compile.o
    0x08017e4e   0x08017e4e   0x00000002   PAD
    0x08017e50   0x08017e50   0x00000082   Code   RO          975    .text.op_u32_GreaterThan_ss  m3_compile.o
    0x08017ed2   0x08017ed2   0x00000002   PAD
    0x08017ed4   0x08017ed4   0x00000072   Code   RO          983    .text.op_u32_LessThanOrEqual_rs  m3_compile.o
    0x08017f46   0x08017f46   0x00000002   PAD
    0x08017f48   0x08017f48   0x00000072   Code   RO          985    .text.op_u32_LessThanOrEqual_sr  m3_compile.o
    0x08017fba   0x08017fba   0x00000002   PAD
    0x08017fbc   0x08017fbc   0x00000082   Code   RO          987    .text.op_u32_LessThanOrEqual_ss  m3_compile.o
    0x0801803e   0x0801803e   0x00000002   PAD
    0x08018040   0x08018040   0x00000072   Code   RO          959    .text.op_u32_LessThan_rs  m3_compile.o
    0x080180b2   0x080180b2   0x00000002   PAD
    0x080180b4   0x080180b4   0x00000072   Code   RO          961    .text.op_u32_LessThan_sr  m3_compile.o
    0x08018126   0x08018126   0x00000002   PAD
    0x08018128   0x08018128   0x00000082   Code   RO          963    .text.op_u32_LessThan_ss  m3_compile.o
    0x080181aa   0x080181aa   0x00000002   PAD
    0x080181ac   0x080181ac   0x0000006c   Code   RO         1179    .text.op_u32_Or_rs  m3_compile.o
    0x08018218   0x08018218   0x0000007c   Code   RO         1181    .text.op_u32_Or_ss  m3_compile.o
    0x08018294   0x08018294   0x00000080   Code   RO         1133    .text.op_u32_Popcnt_r  m3_compile.o
    0x08018314   0x08018314   0x00000090   Code   RO         1135    .text.op_u32_Popcnt_s  m3_compile.o
    0x080183a4   0x080183a4   0x0000008c   Code   RO         1169    .text.op_u32_Remainder_rs  m3_compile.o
    0x08018430   0x08018430   0x0000008c   Code   RO         1171    .text.op_u32_Remainder_sr  m3_compile.o
    0x080184bc   0x080184bc   0x0000009c   Code   RO         1173    .text.op_u32_Remainder_ss  m3_compile.o
    0x08018558   0x08018558   0x0000006e   Code   RO         1205    .text.op_u32_Rotl_rs  m3_compile.o
    0x080185c6   0x080185c6   0x00000002   PAD
    0x080185c8   0x080185c8   0x0000006e   Code   RO         1207    .text.op_u32_Rotl_sr  m3_compile.o
    0x08018636   0x08018636   0x00000002   PAD
    0x08018638   0x08018638   0x0000007e   Code   RO         1209    .text.op_u32_Rotl_ss  m3_compile.o
    0x080186b6   0x080186b6   0x00000002   PAD
    0x080186b8   0x080186b8   0x0000006e   Code   RO         1211    .text.op_u32_Rotr_rs  m3_compile.o
    0x08018726   0x08018726   0x00000002   PAD
    0x08018728   0x08018728   0x0000006e   Code   RO         1213    .text.op_u32_Rotr_sr  m3_compile.o
    0x08018796   0x08018796   0x00000002   PAD
    0x08018798   0x08018798   0x0000007e   Code   RO         1215    .text.op_u32_Rotr_ss  m3_compile.o
    0x08018816   0x08018816   0x00000002   PAD
    0x08018818   0x08018818   0x00000070   Code   RO         1187    .text.op_u32_ShiftLeft_rs  m3_compile.o
    0x08018888   0x08018888   0x00000070   Code   RO         1189    .text.op_u32_ShiftLeft_sr  m3_compile.o
    0x080188f8   0x080188f8   0x00000080   Code   RO         1191    .text.op_u32_ShiftLeft_ss  m3_compile.o
    0x08018978   0x08018978   0x00000070   Code   RO         1199    .text.op_u32_ShiftRight_rs  m3_compile.o
    0x080189e8   0x080189e8   0x00000070   Code   RO         1201    .text.op_u32_ShiftRight_sr  m3_compile.o
    0x08018a58   0x08018a58   0x00000080   Code   RO         1203    .text.op_u32_ShiftRight_ss  m3_compile.o
    0x08018ad8   0x08018ad8   0x000000be   Code   RO         1641    .text.op_u32_TruncSat_f32_r_r  m3_compile.o
    0x08018b96   0x08018b96   0x00000002   PAD
    0x08018b98   0x08018b98   0x000000be   Code   RO         1643    .text.op_u32_TruncSat_f32_r_s  m3_compile.o
    0x08018c56   0x08018c56   0x00000002   PAD
    0x08018c58   0x08018c58   0x000000ca   Code   RO         1645    .text.op_u32_TruncSat_f32_s_r  m3_compile.o
    0x08018d22   0x08018d22   0x00000002   PAD
    0x08018d24   0x08018d24   0x000000ca   Code   RO         1647    .text.op_u32_TruncSat_f32_s_s  m3_compile.o
    0x08018dee   0x08018dee   0x00000002   PAD
    0x08018df0   0x08018df0   0x000000b4   Code   RO         1657    .text.op_u32_TruncSat_f64_r_r  m3_compile.o
    0x08018ea4   0x08018ea4   0x000000cc   Code   RO         1659    .text.op_u32_TruncSat_f64_r_s  m3_compile.o
    0x08018f70   0x08018f70   0x000000c0   Code   RO         1661    .text.op_u32_TruncSat_f64_s_r  m3_compile.o
    0x08019030   0x08019030   0x000000d8   Code   RO         1663    .text.op_u32_TruncSat_f64_s_s  m3_compile.o
    0x08019108   0x08019108   0x000000d2   Code   RO         1445    .text.op_u32_Trunc_f32_r_r  m3_compile.o
    0x080191da   0x080191da   0x00000002   PAD
    0x080191dc   0x080191dc   0x000000d2   Code   RO         1447    .text.op_u32_Trunc_f32_r_s  m3_compile.o
    0x080192ae   0x080192ae   0x00000002   PAD
    0x080192b0   0x080192b0   0x000000e0   Code   RO         1449    .text.op_u32_Trunc_f32_s_r  m3_compile.o
    0x08019390   0x08019390   0x000000e0   Code   RO         1451    .text.op_u32_Trunc_f32_s_s  m3_compile.o
    0x08019470   0x08019470   0x000000c8   Code   RO         1461    .text.op_u32_Trunc_f64_r_r  m3_compile.o
    0x08019538   0x08019538   0x000000e0   Code   RO         1463    .text.op_u32_Trunc_f64_r_s  m3_compile.o
    0x08019618   0x08019618   0x000000d6   Code   RO         1465    .text.op_u32_Trunc_f64_s_r  m3_compile.o
    0x080196ee   0x080196ee   0x00000002   PAD
    0x080196f0   0x080196f0   0x000000ee   Code   RO         1467    .text.op_u32_Trunc_f64_s_s  m3_compile.o
    0x080197de   0x080197de   0x00000002   PAD
    0x080197e0   0x080197e0   0x0000006c   Code   RO         1183    .text.op_u32_Xor_rs  m3_compile.o
    0x0801984c   0x0801984c   0x0000007c   Code   RO         1185    .text.op_u32_Xor_ss  m3_compile.o
    0x080198c8   0x080198c8   0x00000078   Code   RO         1267    .text.op_u64_And_rs  m3_compile.o
    0x08019940   0x08019940   0x00000090   Code   RO         1269    .text.op_u64_And_ss  m3_compile.o
    0x080199d0   0x080199d0   0x00000080   Code   RO         1217    .text.op_u64_Clz_r  m3_compile.o
    0x08019a50   0x08019a50   0x00000098   Code   RO         1219    .text.op_u64_Clz_s  m3_compile.o
    0x08019ae8   0x08019ae8   0x00000088   Code   RO         1221    .text.op_u64_Ctz_r  m3_compile.o
    0x08019b70   0x08019b70   0x000000a0   Code   RO         1223    .text.op_u64_Ctz_s  m3_compile.o
    0x08019c10   0x08019c10   0x00000096   Code   RO         1249    .text.op_u64_Divide_rs  m3_compile.o
    0x08019ca6   0x08019ca6   0x00000002   PAD
    0x08019ca8   0x08019ca8   0x00000096   Code   RO         1251    .text.op_u64_Divide_sr  m3_compile.o
    0x08019d3e   0x08019d3e   0x00000002   PAD
    0x08019d40   0x08019d40   0x000000ae   Code   RO         1253    .text.op_u64_Divide_ss  m3_compile.o
    0x08019dee   0x08019dee   0x00000002   PAD
    0x08019df0   0x08019df0   0x00000082   Code   RO         1055    .text.op_u64_GreaterThanOrEqual_rs  m3_compile.o
    0x08019e72   0x08019e72   0x00000002   PAD
    0x08019e74   0x08019e74   0x00000082   Code   RO         1057    .text.op_u64_GreaterThanOrEqual_sr  m3_compile.o
    0x08019ef6   0x08019ef6   0x00000002   PAD
    0x08019ef8   0x08019ef8   0x0000009a   Code   RO         1059    .text.op_u64_GreaterThanOrEqual_ss  m3_compile.o
    0x08019f92   0x08019f92   0x00000002   PAD
    0x08019f94   0x08019f94   0x00000082   Code   RO         1031    .text.op_u64_GreaterThan_rs  m3_compile.o
    0x0801a016   0x0801a016   0x00000002   PAD
    0x0801a018   0x0801a018   0x00000082   Code   RO         1033    .text.op_u64_GreaterThan_sr  m3_compile.o
    0x0801a09a   0x0801a09a   0x00000002   PAD
    0x0801a09c   0x0801a09c   0x0000009a   Code   RO         1035    .text.op_u64_GreaterThan_ss  m3_compile.o
    0x0801a136   0x0801a136   0x00000002   PAD
    0x0801a138   0x0801a138   0x00000082   Code   RO         1043    .text.op_u64_LessThanOrEqual_rs  m3_compile.o
    0x0801a1ba   0x0801a1ba   0x00000002   PAD
    0x0801a1bc   0x0801a1bc   0x00000082   Code   RO         1045    .text.op_u64_LessThanOrEqual_sr  m3_compile.o
    0x0801a23e   0x0801a23e   0x00000002   PAD
    0x0801a240   0x0801a240   0x0000009a   Code   RO         1047    .text.op_u64_LessThanOrEqual_ss  m3_compile.o
    0x0801a2da   0x0801a2da   0x00000002   PAD
    0x0801a2dc   0x0801a2dc   0x00000082   Code   RO         1019    .text.op_u64_LessThan_rs  m3_compile.o
    0x0801a35e   0x0801a35e   0x00000002   PAD
    0x0801a360   0x0801a360   0x00000082   Code   RO         1021    .text.op_u64_LessThan_sr  m3_compile.o
    0x0801a3e2   0x0801a3e2   0x00000002   PAD
    0x0801a3e4   0x0801a3e4   0x0000009a   Code   RO         1023    .text.op_u64_LessThan_ss  m3_compile.o
    0x0801a47e   0x0801a47e   0x00000002   PAD
    0x0801a480   0x0801a480   0x00000078   Code   RO         1271    .text.op_u64_Or_rs  m3_compile.o
    0x0801a4f8   0x0801a4f8   0x00000090   Code   RO         1273    .text.op_u64_Or_ss  m3_compile.o
    0x0801a588   0x0801a588   0x000000a2   Code   RO         1225    .text.op_u64_Popcnt_r  m3_compile.o
    0x0801a62a   0x0801a62a   0x00000002   PAD
    0x0801a62c   0x0801a62c   0x000000ba   Code   RO         1227    .text.op_u64_Popcnt_s  m3_compile.o
    0x0801a6e6   0x0801a6e6   0x00000002   PAD
    0x0801a6e8   0x0801a6e8   0x00000096   Code   RO         1261    .text.op_u64_Remainder_rs  m3_compile.o
    0x0801a77e   0x0801a77e   0x00000002   PAD
    0x0801a780   0x0801a780   0x00000096   Code   RO         1263    .text.op_u64_Remainder_sr  m3_compile.o
    0x0801a816   0x0801a816   0x00000002   PAD
    0x0801a818   0x0801a818   0x000000ae   Code   RO         1265    .text.op_u64_Remainder_ss  m3_compile.o
    0x0801a8c6   0x0801a8c6   0x00000002   PAD
    0x0801a8c8   0x0801a8c8   0x00000076   Code   RO         1297    .text.op_u64_Rotl_rs  m3_compile.o
    0x0801a93e   0x0801a93e   0x00000002   PAD
    0x0801a940   0x0801a940   0x00000076   Code   RO         1299    .text.op_u64_Rotl_sr  m3_compile.o
    0x0801a9b6   0x0801a9b6   0x00000002   PAD
    0x0801a9b8   0x0801a9b8   0x0000008e   Code   RO         1301    .text.op_u64_Rotl_ss  m3_compile.o
    0x0801aa46   0x0801aa46   0x00000002   PAD
    0x0801aa48   0x0801aa48   0x00000076   Code   RO         1303    .text.op_u64_Rotr_rs  m3_compile.o
    0x0801aabe   0x0801aabe   0x00000002   PAD
    0x0801aac0   0x0801aac0   0x00000076   Code   RO         1305    .text.op_u64_Rotr_sr  m3_compile.o
    0x0801ab36   0x0801ab36   0x00000002   PAD
    0x0801ab38   0x0801ab38   0x0000008e   Code   RO         1307    .text.op_u64_Rotr_ss  m3_compile.o
    0x0801abc6   0x0801abc6   0x00000002   PAD
    0x0801abc8   0x0801abc8   0x0000009a   Code   RO         1279    .text.op_u64_ShiftLeft_rs  m3_compile.o
    0x0801ac62   0x0801ac62   0x00000002   PAD
    0x0801ac64   0x0801ac64   0x0000009a   Code   RO         1281    .text.op_u64_ShiftLeft_sr  m3_compile.o
    0x0801acfe   0x0801acfe   0x00000002   PAD
    0x0801ad00   0x0801ad00   0x000000b2   Code   RO         1283    .text.op_u64_ShiftLeft_ss  m3_compile.o
    0x0801adb2   0x0801adb2   0x00000002   PAD
    0x0801adb4   0x0801adb4   0x00000098   Code   RO         1291    .text.op_u64_ShiftRight_rs  m3_compile.o
    0x0801ae4c   0x0801ae4c   0x00000098   Code   RO         1293    .text.op_u64_ShiftRight_sr  m3_compile.o
    0x0801aee4   0x0801aee4   0x000000b0   Code   RO         1295    .text.op_u64_ShiftRight_ss  m3_compile.o
    0x0801af94   0x0801af94   0x000000ba   Code   RO         1673    .text.op_u64_TruncSat_f32_r_r  m3_compile.o
    0x0801b04e   0x0801b04e   0x00000002   PAD
    0x0801b050   0x0801b050   0x000000ba   Code   RO         1675    .text.op_u64_TruncSat_f32_r_s  m3_compile.o
    0x0801b10a   0x0801b10a   0x00000002   PAD
    0x0801b10c   0x0801b10c   0x000000d4   Code   RO         1677    .text.op_u64_TruncSat_f32_s_r  m3_compile.o
    0x0801b1e0   0x0801b1e0   0x000000d4   Code   RO         1679    .text.op_u64_TruncSat_f32_s_s  m3_compile.o
    0x0801b2b4   0x0801b2b4   0x000000b0   Code   RO         1689    .text.op_u64_TruncSat_f64_r_r  m3_compile.o
    0x0801b364   0x0801b364   0x000000c8   Code   RO         1691    .text.op_u64_TruncSat_f64_r_s  m3_compile.o
    0x0801b42c   0x0801b42c   0x000000ca   Code   RO         1693    .text.op_u64_TruncSat_f64_s_r  m3_compile.o
    0x0801b4f6   0x0801b4f6   0x00000002   PAD
    0x0801b4f8   0x0801b4f8   0x000000e2   Code   RO         1695    .text.op_u64_TruncSat_f64_s_s  m3_compile.o
    0x0801b5da   0x0801b5da   0x00000002   PAD
    0x0801b5dc   0x0801b5dc   0x000000d0   Code   RO         1485    .text.op_u64_Trunc_f32_r_r  m3_compile.o
    0x0801b6ac   0x0801b6ac   0x000000d0   Code   RO         1487    .text.op_u64_Trunc_f32_r_s  m3_compile.o
    0x0801b77c   0x0801b77c   0x000000e4   Code   RO         1489    .text.op_u64_Trunc_f32_s_r  m3_compile.o
    0x0801b860   0x0801b860   0x000000e4   Code   RO         1491    .text.op_u64_Trunc_f32_s_s  m3_compile.o
    0x0801b944   0x0801b944   0x000000c6   Code   RO         1501    .text.op_u64_Trunc_f64_r_r  m3_compile.o
    0x0801ba0a   0x0801ba0a   0x00000002   PAD
    0x0801ba0c   0x0801ba0c   0x000000de   Code   RO         1503    .text.op_u64_Trunc_f64_r_s  m3_compile.o
    0x0801baea   0x0801baea   0x00000002   PAD
    0x0801baec   0x0801baec   0x000000da   Code   RO         1505    .text.op_u64_Trunc_f64_s_r  m3_compile.o
    0x0801bbc6   0x0801bbc6   0x00000002   PAD
    0x0801bbc8   0x0801bbc8   0x000000f2   Code   RO         1507    .text.op_u64_Trunc_f64_s_s  m3_compile.o
    0x0801bcba   0x0801bcba   0x00000002   PAD
    0x0801bcbc   0x0801bcbc   0x00000078   Code   RO         1275    .text.op_u64_Xor_rs  m3_compile.o
    0x0801bd34   0x0801bd34   0x00000090   Code   RO         1277    .text.op_u64_Xor_ss  m3_compile.o
    0x0801bdc4   0x0801bdc4   0x0000001e   Code   RO         1783    .text.rotl32        m3_compile.o
    0x0801bde2   0x0801bde2   0x00000002   PAD
    0x0801bde4   0x0801bde4   0x00000084   Code   RO         1787    .text.rotl64        m3_compile.o
    0x0801be68   0x0801be68   0x0000001c   Code   RO         1785    .text.rotr32        m3_compile.o
    0x0801be84   0x0801be84   0x00000084   Code   RO         1789    .text.rotr64        m3_compile.o
    0x0801bf08   0x0801bf08   0x00000084   Code   RO           11    .text.run_wasm      main.o
    0x0801bf8c   0x0801bf8c   0x000000b0   Code   RO         2019    .text.v_FindFunction  m3_env.o
    0x0801c03c   0x0801c03c   0x0000003e   Code   RO         2846    CL$$btod_d2e        c_w.l(btod.o)
    0x0801c07a   0x0801c07a   0x00000046   Code   RO         2848    CL$$btod_d2e_denorm_low  c_w.l(btod.o)
    0x0801c0c0   0x0801c0c0   0x00000060   Code   RO         2847    CL$$btod_d2e_norm_op1  c_w.l(btod.o)
    0x0801c120   0x0801c120   0x00000338   Code   RO         2856    CL$$btod_div_common  c_w.l(btod.o)
    0x0801c458   0x0801c458   0x000000dc   Code   RO         2853    CL$$btod_e2e        c_w.l(btod.o)
    0x0801c534   0x0801c534   0x0000002a   Code   RO         2850    CL$$btod_ediv       c_w.l(btod.o)
    0x0801c55e   0x0801c55e   0x0000002a   Code   RO         2849    CL$$btod_emul       c_w.l(btod.o)
    0x0801c588   0x0801c588   0x00000244   Code   RO         2855    CL$$btod_mult_common  c_w.l(btod.o)
    0x0801c7cc   0x0801c7cc   0x00000028   Code   RO         2896    i.__ARM_fpclassify  m_ws.l(fpclassify.o)
    0x0801c7f4   0x0801c7f4   0x0000000e   Code   RO         2544    i._is_digit         c_w.l(__printf_wp.o)
    0x0801c802   0x0801c802   0x00000002   PAD
    0x0801c804   0x0801c804   0x000000dc   Code   RO         2401    i.ceil              m_ws.l(ceil.o)
    0x0801c8e0   0x0801c8e0   0x00000078   Code   RO         2405    i.ceilf             m_ws.l(ceilf.o)
    0x0801c958   0x0801c958   0x000000dc   Code   RO         2409    i.floor             m_ws.l(floor.o)
    0x0801ca34   0x0801ca34   0x0000007c   Code   RO         2413    i.floorf            m_ws.l(floorf.o)
    0x0801cab0   0x0801cab0   0x00000004   Code   RO         2416    i.rint              m_ws.l(rint.o)
    0x0801cab4   0x0801cab4   0x00000004   Code   RO         2432    i.rintf             m_ws.l(rintf.o)
    0x0801cab8   0x0801cab8   0x0000004c   Code   RO         2419    i.sqrt              m_ws.l(sqrt.o)
    0x0801cb04   0x0801cb04   0x0000002c   Code   RO         2423    i.sqrtf             m_ws.l(sqrtf.o)
    0x0801cb30   0x0801cb30   0x00000064   Code   RO         2430    i.trunc             m_ws.l(trunc.o)
    0x0801cb94   0x0801cb94   0x00000052   Code   RO         2434    i.truncf            m_ws.l(truncf.o)
    0x0801cbe6   0x0801cbe6   0x00000002   PAD
    0x0801cbe8   0x0801cbe8   0x0000002c   Code   RO         2777    locale$$code        c_w.l(lc_ctype_c.o)
    0x0801cc14   0x0801cc14   0x0000002c   Code   RO         2780    locale$$code        c_w.l(lc_numeric_c.o)
    0x0801cc40   0x0801cc40   0x00000062   Code   RO         2318    x$fpl$d2f           fz_ws.l(d2f.o)
    0x0801cca2   0x0801cca2   0x00000002   PAD
    0x0801cca4   0x0801cca4   0x00000150   Code   RO         2320    x$fpl$dadd          fz_ws.l(daddsub_clz.o)
    0x0801cdf4   0x0801cdf4   0x00000018   Code   RO         2819    x$fpl$dcmpinf       fz_ws.l(dcmpi.o)
    0x0801ce0c   0x0801ce0c   0x000002b4   Code   RO         2329    x$fpl$ddiv          fz_ws.l(ddiv.o)
    0x0801d0c0   0x0801d0c0   0x00000078   Code   RO         2647    x$fpl$deqf          fz_ws.l(deqf.o)
    0x0801d138   0x0801d138   0x0000005e   Code   RO         2332    x$fpl$dfix          fz_ws.l(dfix.o)
    0x0801d196   0x0801d196   0x00000002   PAD
    0x0801d198   0x0801d198   0x0000005a   Code   RO         2340    x$fpl$dfixu         fz_ws.l(dfixu.o)
    0x0801d1f2   0x0801d1f2   0x0000002e   Code   RO         2349    x$fpl$dflt          fz_ws.l(dflt_clz.o)
    0x0801d220   0x0801d220   0x000000a2   Code   RO         2354    x$fpl$dfltll        fz_ws.l(dfltll_clz.o)
    0x0801d2c2   0x0801d2c2   0x00000026   Code   RO         2348    x$fpl$dfltu         fz_ws.l(dflt_clz.o)
    0x0801d2e8   0x0801d2e8   0x0000008a   Code   RO         2355    x$fpl$dfltull       fz_ws.l(dfltll_clz.o)
    0x0801d372   0x0801d372   0x00000002   PAD
    0x0801d374   0x0801d374   0x00000078   Code   RO         2649    x$fpl$dgeqf         fz_ws.l(dgeqf.o)
    0x0801d3ec   0x0801d3ec   0x00000078   Code   RO         2651    x$fpl$dleqf         fz_ws.l(dleqf.o)
    0x0801d464   0x0801d464   0x00000154   Code   RO         2358    x$fpl$dmul          fz_ws.l(dmul.o)
    0x0801d5b8   0x0801d5b8   0x0000009c   Code   RO         2653    x$fpl$dnaninf       fz_ws.l(dnaninf.o)
    0x0801d654   0x0801d654   0x0000000c   Code   RO         2655    x$fpl$dretinf       fz_ws.l(dretinf.o)
    0x0801d660   0x0801d660   0x0000006c   Code   RO         2657    x$fpl$drleqf        fz_ws.l(drleqf.o)
    0x0801d6cc   0x0801d6cc   0x000000b4   Code   RO         2659    x$fpl$drnd          fz_ws.l(drnd.o)
    0x0801d780   0x0801d780   0x00000016   Code   RO         2321    x$fpl$drsb          fz_ws.l(daddsub_clz.o)
    0x0801d796   0x0801d796   0x00000002   PAD
    0x0801d798   0x0801d798   0x000001cc   Code   RO         2661    x$fpl$dsqrt         fz_ws.l(dsqrt_noumaal.o)
    0x0801d964   0x0801d964   0x000001dc   Code   RO         2322    x$fpl$dsub          fz_ws.l(daddsub_clz.o)
    0x0801db40   0x0801db40   0x00000056   Code   RO         2360    x$fpl$f2d           fz_ws.l(f2d.o)
    0x0801db96   0x0801db96   0x00000002   PAD
    0x0801db98   0x0801db98   0x000000c4   Code   RO         2362    x$fpl$fadd          fz_ws.l(faddsub_clz.o)
    0x0801dc5c   0x0801dc5c   0x00000054   Code   RO         2326    x$fpl$fcmp          fz_ws.l(dcmp.o)
    0x0801dcb0   0x0801dcb0   0x00000054   Code   RO         2368    x$fpl$fcmp          fz_ws.l(fcmp.o)
    0x0801dd04   0x0801dd04   0x00000018   Code   RO         2821    x$fpl$fcmpinf       fz_ws.l(fcmpi.o)
    0x0801dd1c   0x0801dd1c   0x00000184   Code   RO         2371    x$fpl$fdiv          fz_ws.l(fdiv.o)
    0x0801dea0   0x0801dea0   0x00000068   Code   RO         2663    x$fpl$feqf          fz_ws.l(feqf.o)
    0x0801df08   0x0801df08   0x00000036   Code   RO         2374    x$fpl$ffix          fz_ws.l(ffix.o)
    0x0801df3e   0x0801df3e   0x00000002   PAD
    0x0801df40   0x0801df40   0x0000003e   Code   RO         2382    x$fpl$ffixu         fz_ws.l(ffixu.o)
    0x0801df7e   0x0801df7e   0x00000002   PAD
    0x0801df80   0x0801df80   0x00000030   Code   RO         2391    x$fpl$fflt          fz_ws.l(fflt_clz.o)
    0x0801dfb0   0x0801dfb0   0x00000060   Code   RO         2396    x$fpl$ffltll        fz_ws.l(ffltll_clz.o)
    0x0801e010   0x0801e010   0x00000026   Code   RO         2390    x$fpl$ffltu         fz_ws.l(fflt_clz.o)
    0x0801e036   0x0801e036   0x00000002   PAD
    0x0801e038   0x0801e038   0x00000068   Code   RO         2665    x$fpl$fgeqf         fz_ws.l(fgeqf.o)
    0x0801e0a0   0x0801e0a0   0x00000068   Code   RO         2667    x$fpl$fleqf         fz_ws.l(fleqf.o)
    0x0801e108   0x0801e108   0x00000102   Code   RO         2398    x$fpl$fmul          fz_ws.l(fmul.o)
    0x0801e20a   0x0801e20a   0x0000008c   Code   RO         2669    x$fpl$fnaninf       fz_ws.l(fnaninf.o)
    0x0801e296   0x0801e296   0x0000000a   Code   RO         2671    x$fpl$fretinf       fz_ws.l(fretinf.o)
    0x0801e2a0   0x0801e2a0   0x00000060   Code   RO         2673    x$fpl$frnd          fz_ws.l(frnd.o)
    0x0801e300   0x0801e300   0x00000110   Code   RO         2675    x$fpl$fsqrt         fz_ws.l(fsqrt.o)
    0x0801e410   0x0801e410   0x000000ea   Code   RO         2364    x$fpl$fsub          fz_ws.l(faddsub_clz.o)
    0x0801e4fa   0x0801e4fa   0x00000002   PAD
    0x0801e4fc   0x0801e4fc   0x000000c2   Code   RO         2336    x$fpl$llsfromd      fz_ws.l(dfixll.o)
    0x0801e5be   0x0801e5be   0x00000002   PAD
    0x0801e5c0   0x0801e5c0   0x00000086   Code   RO         2378    x$fpl$llsfromf      fz_ws.l(ffixll.o)
    0x0801e646   0x0801e646   0x00000002   PAD
    0x0801e648   0x0801e648   0x00000078   Code   RO         2344    x$fpl$llufromd      fz_ws.l(dfixull.o)
    0x0801e6c0   0x0801e6c0   0x0000005c   Code   RO         2386    x$fpl$llufromf      fz_ws.l(ffixull.o)
    0x0801e71c   0x0801e71c   0x00000004   Code   RO         2677    x$fpl$printf1       fz_ws.l(printf1.o)
    0x0801e720   0x0801e720   0x00000004   Code   RO         2679    x$fpl$printf2       fz_ws.l(printf2.o)
    0x0801e724   0x0801e724   0x00000000   Code   RO         2685    x$fpl$usenofp       fz_ws.l(usenofp.o)
    0x0801e724   0x0801e724   0x00000008   Data   RO         2503    .constdata          c_w.l(_printf_wctomb.o)
    0x0801e72c   0x0801e72c   0x00000028   Data   RO         2532    .constdata          c_w.l(_printf_hex_int_ll_ptr.o)
    0x0801e754   0x0801e754   0x00000011   Data   RO         2552    .constdata          c_w.l(__printf_flags_ss_wp.o)
    0x0801e765   0x0801e765   0x00000026   Data   RO         2741    .constdata          c_w.l(_printf_fp_hex.o)
    0x0801e78b   0x0801e78b   0x00000001   PAD
    0x0801e78c   0x0801e78c   0x00000094   Data   RO         2844    .constdata          c_w.l(bigflt0.o)
    0x0801e820   0x0801e820   0x00000006   Data   RO         1816    .rodata..L__const.Compile_Select.slots  m3_compile.o
    0x0801e826   0x0801e826   0x00000010   Data   RO          463    .rodata.AHBPrescTable  system_stm32f1xx.o
    0x0801e836   0x0801e836   0x00000002   PAD
    0x0801e838   0x0801e838   0x00000030   Data   RO         1817    .rodata.c_fpSelectOps  m3_compile.o
    0x0801e868   0x0801e868   0x00000020   Data   RO         1818    .rodata.c_intSelectOps  m3_compile.o
    0x0801e888   0x0801e888   0x000017b8   Data   RO         1819    .rodata.c_operations  m3_compile.o
    0x08020040   0x08020040   0x00000120   Data   RO         1820    .rodata.c_operationsFC  m3_compile.o
    0x08020160   0x08020160   0x00000014   Data   RO         1813    .rodata.c_preserveSetSlot  m3_compile.o
    0x08020174   0x08020174   0x00000014   Data   RO         1815    .rodata.c_setGlobalOps  m3_compile.o
    0x08020188   0x08020188   0x00000014   Data   RO         1814    .rodata.c_setRegisterOps  m3_compile.o
    0x0802019c   0x0802019c   0x00000014   Data   RO         1812    .rodata.c_setSetOps  m3_compile.o
    0x080201b0   0x080201b0   0x0000000d   Data   RO         2182    .rodata.m3_ParseModule.sectionsOrder  m3_parse.o
    0x080201bd   0x080201bd   0x00000004   Data   RO           23    .rodata.str1.1      main.o
    0x080201c1   0x080201c1   0x00000124   Data   RO         1811    .rodata.str1.1      m3_compile.o
    0x080202e5   0x080202e5   0x000004a2   Data   RO         1879    .rodata.str1.1      m3_core.o
    0x08020787   0x08020787   0x00000115   Data   RO         2063    .rodata.str1.1      m3_env.o
    0x0802089c   0x0802089c   0x0000000a   Data   RO         2115    .rodata.str1.1      m3_function.o
    0x080208a6   0x080208a6   0x0000001d   Data   RO         2140    .rodata.str1.1      m3_module.o
    0x080208c3   0x080208c3   0x00000125   Data   RO         2180    .rodata.str1.1      m3_parse.o
    0x080209e8   0x080209e8   0x00000020   Data   RO         2994    Region$$Table       anon$$obj.o
    0x08020a08   0x08020a08   0x00000110   Data   RO         2776    locale$$data        c_w.l(lc_ctype_c.o)
    0x08020b18   0x08020b18   0x0000001c   Data   RO         2779    locale$$data        c_w.l(lc_numeric_c.o)


    Execution Region RW_IRAM1 (Exec base: 0x20000000, Load base: 0x08020b38, Size: 0x00000790, Max: 0x0000c000, ABSOLUTE)

    Exec Addr    Load Addr    Size         Type   Attr      Idx    E Section Name        Object

    0x20000000   0x08020b38   0x00000034   Data   RW         2181    .data.ParseModuleSection.s_parsers  m3_parse.o
    0x20000034   0x08020b6c   0x00000004   Data   RW          462    .data.SystemCoreClock  system_stm32f1xx.o
    0x20000038   0x08020b70   0x0000003e   Data   RW           21    .data.fib32_wasm    main.o
    0x20000076   0x08020bae   0x00000002   PAD
    0x20000078   0x08020bb0   0x00000004   Data   RW           22    .data.fib32_wasm_len  main.o
    0x2000007c   0x08020bb4   0x00000004   Data   RW         1911    .data.m3Err_argumentCountMismatch  m3_core.o
    0x20000080   0x08020bb8   0x00000004   Data   RW         1896    .data.m3Err_functionImportMissing  m3_core.o
    0x20000084   0x08020bbc   0x00000004   Data   RW         1895    .data.m3Err_functionLookupFailed  m3_core.o
    0x20000088   0x08020bc0   0x00000004   Data   RW         1901    .data.m3Err_functionStackOverflow  m3_core.o
    0x2000008c   0x08020bc4   0x00000004   Data   RW         1902    .data.m3Err_functionStackUnderrun  m3_core.o
    0x20000090   0x08020bc8   0x00000004   Data   RW         1910    .data.m3Err_globaIndexOutOfBounds  m3_core.o
    0x20000094   0x08020bcc   0x00000004   Data   RW         1909    .data.m3Err_globalMemoryNotAllocated  m3_core.o
    0x20000098   0x08020bd0   0x00000004   Data   RW         1881    .data.m3Err_incompatibleWasmVersion  m3_core.o
    0x2000009c   0x08020bd4   0x00000004   Data   RW         1891    .data.m3Err_invalidTypeId  m3_core.o
    0x200000a0   0x08020bd8   0x00000004   Data   RW         1887    .data.m3Err_lebOverflow  m3_core.o
    0x200000a4   0x08020bdc   0x00000004   Data   RW         1880    .data.m3Err_mallocFailed  m3_core.o
    0x200000a8   0x08020be0   0x00000004   Data   RW         1903    .data.m3Err_mallocFailedCodePage  m3_core.o
    0x200000ac   0x08020be4   0x00000004   Data   RW         1883    .data.m3Err_misorderedWasmSection  m3_core.o
    0x200000b0   0x08020be8   0x00000004   Data   RW         1907    .data.m3Err_missingCompiledCode  m3_core.o
    0x200000b4   0x08020bec   0x00000004   Data   RW         1888    .data.m3Err_missingUTF8  m3_core.o
    0x200000b8   0x08020bf0   0x00000004   Data   RW         1894    .data.m3Err_moduleAlreadyLinked  m3_core.o
    0x200000bc   0x08020bf4   0x00000004   Data   RW         1898    .data.m3Err_noCompiler  m3_core.o
    0x200000c0   0x08020bf8   0x00000004   Data   RW         1900    .data.m3Err_restictedOpcode  m3_core.o
    0x200000c4   0x08020bfc   0x00000004   Data   RW         1904    .data.m3Err_settingImmutableGlobal  m3_core.o
    0x200000c8   0x08020c00   0x00000004   Data   RW         1893    .data.m3Err_tooManyArgsRets  m3_core.o
    0x200000cc   0x08020c04   0x00000004   Data   RW         1892    .data.m3Err_tooManyMemorySections  m3_core.o
    0x200000d0   0x08020c08   0x00000004   Data   RW         1917    .data.m3Err_trapDivisionByZero  m3_core.o
    0x200000d4   0x08020c0c   0x00000004   Data   RW         1920    .data.m3Err_trapIndirectCallTypeMismatch  m3_core.o
    0x200000d8   0x08020c10   0x00000004   Data   RW         1919    .data.m3Err_trapIntegerConversion  m3_core.o
    0x200000dc   0x08020c14   0x00000004   Data   RW         1918    .data.m3Err_trapIntegerOverflow  m3_core.o
    0x200000e0   0x08020c18   0x00000004   Data   RW         1916    .data.m3Err_trapOutOfBoundsMemoryAccess  m3_core.o
    0x200000e4   0x08020c1c   0x00000004   Data   RW         1926    .data.m3Err_trapStackOverflow  m3_core.o
    0x200000e8   0x08020c20   0x00000004   Data   RW         1922    .data.m3Err_trapTableElementIsNull  m3_core.o
    0x200000ec   0x08020c24   0x00000004   Data   RW         1921    .data.m3Err_trapTableIndexOutOfRange  m3_core.o
    0x200000f0   0x08020c28   0x00000004   Data   RW         1925    .data.m3Err_trapUnreachable  m3_core.o
    0x200000f4   0x08020c2c   0x00000004   Data   RW         1906    .data.m3Err_typeCountMismatch  m3_core.o
    0x200000f8   0x08020c30   0x00000004   Data   RW         1905    .data.m3Err_typeMismatch  m3_core.o
    0x200000fc   0x08020c34   0x00000004   Data   RW         1899    .data.m3Err_unknownOpcode  m3_core.o
    0x20000100   0x08020c38   0x00000004   Data   RW         1882    .data.m3Err_wasmMalformed  m3_core.o
    0x20000104   0x08020c3c   0x00000004   Data   RW         1908    .data.m3Err_wasmMemoryOverflow  m3_core.o
    0x20000108   0x08020c40   0x00000004   Data   RW         1886    .data.m3Err_wasmMissingInitExpr  m3_core.o
    0x2000010c   0x08020c44   0x00000004   Data   RW         1890    .data.m3Err_wasmSectionOverrun  m3_core.o
    0x20000110   0x08020c48   0x00000004   Data   RW         1889    .data.m3Err_wasmSectionUnderrun  m3_core.o
    0x20000114   0x08020c4c   0x00000004   Data   RW         1884    .data.m3Err_wasmUnderrun  m3_core.o
    0x20000118   0x08020c50   0x00000001   Data   RW          131    .data.uwTickFreq    stm32f1xx_hal.o
    0x20000119   0x08020c51   0x00000003   PAD
    0x2000011c   0x08020c54   0x00000004   Data   RW          130    .data.uwTickPrio    stm32f1xx_hal.o
    0x20000120        -       0x00000060   Zero   RW         2694    .bss                c_w.l(libspace.o)
    0x20000180        -       0x00000004   Zero   RW          557    .bss.NewCodePage.s_sequence  m3_code.o
    0x20000184        -       0x00000004   Zero   RW         1878    .bss.m3Err_none     m3_core.o
    0x20000188        -       0x00000004   Zero   RW          132    .bss.uwTick         stm32f1xx_hal.o
    0x2000018c   0x08020c58   0x00000004   PAD
    0x20000190        -       0x00000200   Zero   RW            2    HEAP                startup_stm32f103xe.o
    0x20000390        -       0x00000400   Zero   RW            1    STACK               startup_stm32f103xe.o


==============================================================================

Image component sizes


      Code (inc. data)   RO Data    RW Data    ZI Data      Debug   Object Name

       304          0          0          0          4       3023   m3_code.o
     90096          0       6818          0          0     147110   m3_compile.o
      1720          0       1186        156          4       8640   m3_core.o
       454          0          0          0          0       6703   m3_emit.o
      4376          8        277          0          0      21315   m3_env.o
       898          0         10          0          0       8147   m3_function.o
       636          0         29          0          0       6822   m3_module.o
      3978          4        306         52          0      12401   m3_parse.o
       374          0          4         66          0       3387   main.o
        64         26        304          0       1536        760   startup_stm32f103xe.o
       188          0          0          5          4       5846   stm32f1xx_hal.o
       414          0          0          0          0       7803   stm32f1xx_hal_cortex.o
       900          0          0          0          0       4213   stm32f1xx_hal_gpio.o
       100          0          0          0          0       1154   stm32f1xx_hal_msp.o
      2542          0          0          0          0       7351   stm32f1xx_hal_rcc.o
        34          0          0          0          0        982   stm32f1xx_it.o
         2          0         16          4          0       1526   system_stm32f1xx.o

    ----------------------------------------------------------------------
    107804         38       8984        288       1552     247183   Object Totals
         0          0         32          0          0          0   (incl. Generated)
       724          0          2          5          4          0   (incl. Padding)

    ----------------------------------------------------------------------

      Code (inc. data)   RO Data    RW Data    ZI Data      Debug   Library Member Name

         8          0          0          0          0         68   __main.o
       392          4         17          0          0         92   __printf_flags_ss_wp.o
        14          0          0          0          0         68   __printf_wp.o
         0          0          0          0          0          0   __rtentry.o
        12          0          0          0          0          0   __rtentry2.o
         6          0          0          0          0          0   __rtentry4.o
        52          8          0          0          0          0   __scatter.o
        26          0          0          0          0          0   __scatter_copy.o
        28          0          0          0          0          0   __scatter_zi.o
        72          0          0          0          0         96   _c16rtomb.o
         6          0          0          0          0          0   _printf_a.o
         6          0          0          0          0          0   _printf_c.o
        44          0          0          0          0        108   _printf_char.o
        48          6          0          0          0         96   _printf_char_common.o
        40          0          0          0          0         68   _printf_charcount.o
         6          0          0          0          0          0   _printf_d.o
       120         16          0          0          0         92   _printf_dec.o
         6          0          0          0          0          0   _printf_e.o
         6          0          0          0          0          0   _printf_f.o
      1052          0          0          0          0        148   _printf_fp_dec.o
       764          8         38          0          0        100   _printf_fp_hex.o
       128         16          0          0          0         84   _printf_fp_infnan.o
         6          0          0          0          0          0   _printf_g.o
       148          4         40          0          0        160   _printf_hex_int_ll_ptr.o
         6          0          0          0          0          0   _printf_i.o
       178          0          0          0          0         88   _printf_intcommon.o
        10          0          0          0          0          0   _printf_l.o
         6          0          0          0          0          0   _printf_lc.o
        10          0          0          0          0          0   _printf_ll.o
         6          0          0          0          0          0   _printf_lld.o
         6          0          0          0          0          0   _printf_lli.o
         6          0          0          0          0          0   _printf_llo.o
         6          0          0          0          0          0   _printf_llu.o
         6          0          0          0          0          0   _printf_llx.o
       124         16          0          0          0         92   _printf_longlong_dec.o
         6          0          0          0          0          0   _printf_ls.o
         6          0          0          0          0          0   _printf_n.o
         6          0          0          0          0          0   _printf_o.o
       112          8          0          0          0        124   _printf_oct_int_ll.o
         6          0          0          0          0          0   _printf_p.o
        78          0          0          0          0        108   _printf_pad.o
         0          0          0          0          0          0   _printf_percent.o
         4          0          0          0          0          0   _printf_percent_end.o
         6          0          0          0          0          0   _printf_s.o
        82          0          0          0          0         80   _printf_str.o
        36          0          0          0          0         84   _printf_truncate.o
         6          0          0          0          0          0   _printf_u.o
        44          0          0          0          0        108   _printf_wchar.o
       188          6          8          0          0         92   _printf_wctomb.o
         6          0          0          0          0          0   _printf_x.o
        22          0          0          0          0        100   _rserrno.o
        16          0          0          0          0         68   _snputc.o
        10          0          0          0          0         68   _sputc.o
        16          0          0          0          0         68   aeabi_memset.o
       228          4        148          0          0         96   bigflt0.o
      1936        128          0          0          0        668   btod.o
        40          0          0          0          0         80   calloc.o
        10          0          0          0          0         68   defsig_exit.o
        50          0          0          0          0         88   defsig_general.o
        80         58          0          0          0         76   defsig_rtmem_inner.o
        14          0          0          0          0         80   defsig_rtmem_outer.o
        18          0          0          0          0         80   exit.o
        94          0          0          0          0         80   h1_alloc.o
        52          0          0          0          0         68   h1_extend.o
        78          0          0          0          0         80   h1_free.o
        14          0          0          0          0         84   h1_init.o
       196          0          0          0          0         92   h1_realloc.o
         6          0          0          0          0        152   heapauxi.o
         4          0          0          0          0        136   hguard.o
         0          0          0          0          0          0   indicate_semi.o
       138          0          0          0          0        168   init_alloc.o
        44         10        272          0          0         76   lc_ctype_c.o
        44         10         28          0          0         76   lc_numeric_c.o
         2          0          0          0          0          0   libinit.o
        38          0          0          0          0          0   libinit2.o
         2          0          0          0          0          0   libshutdown.o
         2          0          0          0          0          0   libshutdown2.o
         8          4          0          0         96         68   libspace.o
       116          0          0          0          0         84   llsdiv.o
       138          0          0          0          0         80   lludiv10.o
       240          0          0          0          0        100   lludivv7m.o
         0          0          0          0          0          0   maybetermalloc1.o
        88          0          0          0          0         76   memcmp.o
        16          4          0          0          0         76   rt_ctype_table.o
         8          4          0          0          0         68   rt_errno_addr_intlibspace.o
         8          4          0          0          0         68   rt_heap_descriptor_intlibspace.o
         8          4          0          0          0         68   rt_locale_intlibspace.o
        68          0          0          0          0         68   rt_memclr.o
        78          0          0          0          0         80   rt_memclr_w.o
       138          0          0          0          0         68   rt_memcpy_v6.o
       100          0          0          0          0         80   rt_memcpy_w.o
       132          0          0          0          0         68   rt_memmove_v6.o
       122          0          0          0          0         80   rt_memmove_w.o
         2          0          0          0          0          0   rtexit.o
        10          0          0          0          0          0   rtexit2.o
       128          0          0          0          0         68   strcmpv7m.o
        12          4          0          0          0         68   sys_exit.o
        74          0          0          0          0         80   sys_stackheap_outer.o
        14          0          0          0          0         76   sys_wrch.o
         2          0          0          0          0         68   use_no_semi.o
        52          4          0          0          0         80   vsnprintf.o
        98          4          0          0          0         92   d2f.o
       834         16          0          0          0        372   daddsub_clz.o
        84          0          0          0          0        196   dcmp.o
        24          0          0          0          0         68   dcmpi.o
       692        140          0          0          0        216   ddiv.o
       120          4          0          0          0         92   deqf.o
        94          4          0          0          0         92   dfix.o
       194          4          0          0          0        116   dfixll.o
        90          4          0          0          0         92   dfixu.o
       120          4          0          0          0        104   dfixull.o
        84          0          0          0          0        136   dflt_clz.o
       300          0          0          0          0        168   dfltll_clz.o
       120          4          0          0          0         92   dgeqf.o
       120          4          0          0          0         92   dleqf.o
       340         12          0          0          0        104   dmul.o
       156          4          0          0          0         92   dnaninf.o
        12          0          0          0          0         68   dretinf.o
       108          0          0          0          0         80   drleqf.o
       180          4          0          0          0         80   drnd.o
       460         56          0          0          0        120   dsqrt_noumaal.o
        86          4          0          0          0         84   f2d.o
       430          8          0          0          0        168   faddsub_clz.o
        84          0          0          0          0        196   fcmp.o
        24          0          0          0          0         68   fcmpi.o
       388         76          0          0          0         96   fdiv.o
       104          4          0          0          0         84   feqf.o
        54          4          0          0          0         84   ffix.o
       134          4          0          0          0         84   ffixll.o
        62          4          0          0          0         84   ffixu.o
        92          4          0          0          0         84   ffixull.o
        86          0          0          0          0        136   fflt_clz.o
        96          0          0          0          0         84   ffltll_clz.o
       104          4          0          0          0         84   fgeqf.o
       104          4          0          0          0         84   fleqf.o
       258          4          0          0          0         84   fmul.o
       140          4          0          0          0         84   fnaninf.o
        10          0          0          0          0         68   fretinf.o
        96          4          0          0          0         76   frnd.o
       272        100          0          0          0         88   fsqrt.o
         4          0          0          0          0         68   printf1.o
         4          0          0          0          0         68   printf2.o
         0          0          0          0          0          0   usenofp.o
       220         16          0          0          0         84   ceil.o
       120         10          0          0          0         84   ceilf.o
       220         16          0          0          0         84   floor.o
       124         12          0          0          0         84   floorf.o
        40          0          0          0          0         68   fpclassify.o
         4          0          0          0          0         68   rint.o
         4          0          0          0          0         68   rintf.o
        76          0          0          0          0         84   sqrt.o
        44          0          0          0          0         80   sqrtf.o
       100          4          0          0          0         84   trunc.o
        82          0          0          0          0         80   truncf.o

    ----------------------------------------------------------------------
     16600        880        552          0         96      11376   Library Totals
        48          0          1          0          0          0   (incl. Padding)

    ----------------------------------------------------------------------

      Code (inc. data)   RO Data    RW Data    ZI Data      Debug   Library Name

      8656        330        551          0         96       6080   c_w.l
      6862        492          0          0          0       4428   fz_ws.l
      1034         58          0          0          0        868   m_ws.l

    ----------------------------------------------------------------------
     16600        880        552          0         96      11376   Library Totals

    ----------------------------------------------------------------------

==============================================================================


      Code (inc. data)   RO Data    RW Data    ZI Data      Debug   

    124404        918       9536        288       1648     251807   Grand Totals
    124404        918       9536        288       1648     251807   ELF Image Totals
    124404        918       9536        288          0          0   ROM Totals

==============================================================================

    Total RO  Size (Code + RO Data)               133940 ( 130.80kB)
    Total RW  Size (RW Data + ZI Data)              1936 (   1.89kB)
    Total ROM Size (Code + RO Data + RW Data)     134228 ( 131.08kB)

==============================================================================

